Component: ARM Compiler 5.06 update 5 (build 528) Tool: armlink [4d35e2]

==============================================================================

Section Cross References

    main.o(i.Data_Received) refers to commonmc.o(i.isValueInArray) for isValueInArray
    main.o(i.Data_Received) refers to main.o(.data) for .data
    main.o(i.Data_Received) refers to globvas_hall.o(.bss) for rxtxbuffer
    main.o(i.Data_Received) refers to globvas_hall.o(.constdata) for indices_16bit_size
    main.o(i.Data_Received) refers to globvas_hall.o(.constdata) for indices_16bit
    main.o(i.Main_HandleSysTick) refers to emo.o(i.Emo_CtrlSpeed) for Emo_CtrlSpeed
    main.o(i.Main_lStopMotor) refers to emo.o(i.Emo_StopMotor) for Emo_StopMotor
    main.o(i.Main_lStopMotor) refers to main.o(.data) for .data
    main.o(i.main) refers to tle_device.o(i.TLE_Init) for TLE_Init
    main.o(i.main) refers to common.o(i.setBoardnr) for setBoardnr
    main.o(i.main) refers to main.o(i.PORT_ChangePin) for PORT_ChangePin
    main.o(i.main) refers to common.o(i.sendPosAnswer) for sendPosAnswer
    main.o(i.main) refers to rt_memcpy_w.o(.text) for __aeabi_memcpy4
    main.o(i.main) refers to emo.o(i.Emo_Init) for Emo_Init
    main.o(i.main) refers to emo.o(i.Emo_SetRefSpeed) for Emo_SetRefSpeed
    main.o(i.main) refers to wdt1.o(i.WDT1_Service) for WDT1_Service
    main.o(i.main) refers to common.o(i.checkCommand) for checkCommand
    main.o(i.main) refers to commonmc.o(i.changeMode) for changeMode
    main.o(i.main) refers to commands.o(i.loadDataset) for loadDataset
    main.o(i.main) refers to commonmc.o(i.CRC8) for CRC8
    main.o(i.main) refers to main.o(i.Main_lStopMotor) for Main_lStopMotor
    main.o(i.main) refers to commands.o(i.updateDatasetDependencies) for updateDatasetDependencies
    main.o(i.main) refers to commands.o(i.changeSingleParameter) for changeSingleParameter
    main.o(i.main) refers to commands.o(i.saveCurrentDataset) for saveCurrentDataset
    main.o(i.main) refers to common.o(i.sendAnswer) for sendAnswer
    main.o(i.main) refers to emo.o(i.Emo_StartMotor) for Emo_StartMotor
    main.o(i.main) refers to commonmc.o(i.checkErrorsMC) for checkErrorsMC
    main.o(i.main) refers to main.o(.data) for .data
    main.o(i.main) refers to emoccu_cfg.o(.data) for Emo_Hallpar_Cfg
    main.o(i.main) refers to globvas_hall.o(.bss) for rxtxbuffer
    commands.o(i.changeSingleParameter) refers to rt_memcpy_w.o(.text) for __aeabi_memcpy4
    commands.o(i.changeSingleParameter) refers to commonmc.o(i.isValueInArray) for isValueInArray
    commands.o(i.changeSingleParameter) refers to commands.o(i.updateDatasetDependencies) for updateDatasetDependencies
    commands.o(i.changeSingleParameter) refers to emo.o(i.Emo_Init) for Emo_Init
    commands.o(i.changeSingleParameter) refers to emoccu_cfg.o(.data) for Emo_Hallpar_Cfg
    commands.o(i.changeSingleParameter) refers to globvas_hall.o(.bss) for rxtxbuffer
    commands.o(i.changeSingleParameter) refers to globvas_hall.o(.constdata) for indices_16bit_size
    commands.o(i.changeSingleParameter) refers to globvas_hall.o(.constdata) for indices_16bit
    commands.o(i.init_emoccucfg) refers to emoccu_cfg.o(.bss) for EmoCcu_Cfg
    commands.o(i.loadDataset) refers to rt_memcpy_w.o(.text) for __aeabi_memcpy4
    commands.o(i.loadDataset) refers to commands.o(i.updateDatasetDependencies) for updateDatasetDependencies
    commands.o(i.loadDataset) refers to emo.o(i.Emo_Init) for Emo_Init
    commands.o(i.loadDataset) refers to emoccu_cfg.o(.ARM.__AT_0x1100E000) for dataset0
    commands.o(i.loadDataset) refers to emoccu_cfg.o(.ARM.__AT_0x1100E080) for dataset1
    commands.o(i.loadDataset) refers to emoccu_cfg.o(.data) for Emo_Hallpar_Cfg
    commands.o(i.loadDataset) refers to emoccu_cfg.o(.ARM.__AT_0x1100E100) for dataset2
    commands.o(i.loadDataset) refers to emoccu_cfg.o(.ARM.__AT_0x1100E180) for dataset3
    commands.o(i.loadDataset) refers to emoccu_cfg.o(.ARM.__AT_0x1101D000) for customdataset0
    commands.o(i.loadDataset) refers to emoccu_cfg.o(.ARM.__AT_0x1101D080) for customdataset1
    commands.o(i.loadDataset) refers to emoccu_cfg.o(.ARM.__AT_0x1101D100) for customdataset2
    commands.o(i.loadDataset) refers to emoccu_cfg.o(.ARM.__AT_0x1101D180) for customdataset3
    commands.o(i.saveCurrentDataset) refers to rt_memcpy_w.o(.text) for __aeabi_memcpy4
    commands.o(i.saveCurrentDataset) refers to commonmc.o(i.CRC8) for CRC8
    commands.o(i.saveCurrentDataset) refers to wdt1.o(i.WDT1_SOW_Service) for WDT1_SOW_Service
    commands.o(i.saveCurrentDataset) refers to wdt1.o(i.WDT1_Service) for WDT1_Service
    commands.o(i.saveCurrentDataset) refers to globvas_hall.o(.bss) for rxtxbuffer
    commands.o(i.saveCurrentDataset) refers to emoccu_cfg.o(.data) for Emo_Hallpar_Cfg
    commands.o(i.saveCurrentDataset) refers to bootrom.o(.constdata) for USER_CFLASH_WR_PROT_DIS
    commands.o(i.saveCurrentDataset) refers to bootrom.o(.constdata) for USER_ERASEPG
[...]
    libinit.o(.ARM.Collect$$libinit$$00000000) refers (Special) to libinit2.o(.ARM.Collect$$libinit$$00000033) for __rt_lib_init_return
    libinit.o(.ARM.Collect$$libinit$$00000000) refers (Special) to libinit2.o(.ARM.Collect$$libinit$$0000001D) for __rt_lib_init_signal_1
    libinit.o(.ARM.Collect$$libinit$$00000000) refers (Special) to libinit2.o(.ARM.Collect$$libinit$$00000025) for __rt_lib_init_stdio_1
    libinit.o(.ARM.Collect$$libinit$$00000000) refers (Special) to libinit2.o(.ARM.Collect$$libinit$$0000000C) for __rt_lib_init_user_alloc_1
    libspace.o(.text) refers to libspace.o(.bss) for __libspace_start
    rtexit.o(.ARM.Collect$$rtexit$$00000000) refers (Special) to rtexit2.o(.ARM.Collect$$rtexit$$00000004) for __rt_exit_exit
    rtexit.o(.ARM.Collect$$rtexit$$00000000) refers (Special) to rtexit2.o(.ARM.Collect$$rtexit$$00000003) for __rt_exit_ls
    rtexit.o(.ARM.Collect$$rtexit$$00000000) refers (Special) to rtexit2.o(.ARM.Collect$$rtexit$$00000002) for __rt_exit_prels_1
    rtexit.o(.ARM.exidx) refers (Special) to rtexit2.o(.ARM.Collect$$rtexit$$00000004) for __rt_exit_exit
    rtexit.o(.ARM.exidx) refers (Special) to rtexit2.o(.ARM.Collect$$rtexit$$00000003) for __rt_exit_ls
    rtexit.o(.ARM.exidx) refers (Special) to rtexit2.o(.ARM.Collect$$rtexit$$00000002) for __rt_exit_prels_1
    rtexit.o(.ARM.exidx) refers to rtexit.o(.ARM.Collect$$rtexit$$00000000) for .ARM.Collect$$rtexit$$00000000
    rt_raise.o(.text) refers to __raise.o(.text) for __raise
    rt_raise.o(.text) refers to sys_exit.o(.text) for _sys_exit
    defsig_exit.o(.text) refers to sys_exit.o(.text) for _sys_exit
    defsig_fpe_inner.o(.text) refers to defsig_general.o(.text) for __default_signal_display
    libinit2.o(.ARM.Collect$$libinit$$00000010) refers to libinit2.o(.ARM.Collect$$libinit$$0000000F) for .ARM.Collect$$libinit$$0000000F
    libinit2.o(.ARM.Collect$$libinit$$00000012) refers to libinit2.o(.ARM.Collect$$libinit$$0000000F) for .ARM.Collect$$libinit$$0000000F
    libinit2.o(.ARM.Collect$$libinit$$00000014) refers to libinit2.o(.ARM.Collect$$libinit$$0000000F) for .ARM.Collect$$libinit$$0000000F
    libinit2.o(.ARM.Collect$$libinit$$00000016) refers to libinit2.o(.ARM.Collect$$libinit$$0000000F) for .ARM.Collect$$libinit$$0000000F
    libinit2.o(.ARM.Collect$$libinit$$00000018) refers to libinit2.o(.ARM.Collect$$libinit$$0000000F) for .ARM.Collect$$libinit$$0000000F
    libinit2.o(.ARM.Collect$$libinit$$00000026) refers to argv_veneer.o(.emb_text) for __ARM_argv_veneer
    libinit2.o(.ARM.Collect$$libinit$$00000027) refers to argv_veneer.o(.emb_text) for __ARM_argv_veneer
    sys_exit.o(.text) refers (Special) to use_no_semi.o(.text) for __I$use$semihosting
    sys_exit.o(.text) refers (Special) to indicate_semi.o(.text) for __semihosting_library_function
    rtexit2.o(.ARM.Collect$$rtexit$$00000003) refers to libshutdown.o(.ARM.Collect$$libshutdown$$00000000) for __rt_lib_shutdown
    rtexit2.o(.ARM.Collect$$rtexit$$00000004) refers to sys_exit.o(.text) for _sys_exit
    rtexit2.o(.ARM.exidx) refers to rtexit2.o(.ARM.Collect$$rtexit$$00000001) for .ARM.Collect$$rtexit$$00000001
    rtexit2.o(.ARM.exidx) refers to rtexit2.o(.ARM.Collect$$rtexit$$00000003) for .ARM.Collect$$rtexit$$00000003
    rtexit2.o(.ARM.exidx) refers to rtexit2.o(.ARM.Collect$$rtexit$$00000004) for .ARM.Collect$$rtexit$$00000004
    __raise.o(.text) refers to defsig.o(CL$$defsig) for __default_signal_handler
    defsig_general.o(.text) refers to sys_wrch.o(.text) for _ttywrch
    argv_veneer.o(.emb_text) refers to no_argv.o(.text) for __ARM_get_argv
    sys_wrch.o(.text) refers (Special) to use_no_semi.o(.text) for __I$use$semihosting
    sys_wrch.o(.text) refers (Special) to indicate_semi.o(.text) for __semihosting_library_function
    defsig.o(CL$$defsig) refers to defsig_fpe_inner.o(.text) for __rt_SIGFPE_inner
    defsig.o(CL$$defsig) refers to defsig_rtmem_inner.o(.text) for __rt_SIGRTMEM_inner
    _get_argv_nomalloc.o(.text) refers (Special) to hrguard.o(.text) for __heap_region$guard
    _get_argv_nomalloc.o(.text) refers to defsig_rtmem_outer.o(.text) for __rt_SIGRTMEM
    _get_argv_nomalloc.o(.text) refers to sys_command.o(.text) for _sys_command_string
    libshutdown.o(.ARM.Collect$$libshutdown$$00000000) refers (Special) to libshutdown2.o(.ARM.Collect$$libshutdown$$00000002) for __rt_lib_shutdown_cpp_1
    libshutdown.o(.ARM.Collect$$libshutdown$$00000000) refers (Special) to libshutdown2.o(.ARM.Collect$$libshutdown$$00000007) for __rt_lib_shutdown_fp_trap_1
    libshutdown.o(.ARM.Collect$$libshutdown$$00000000) refers (Special) to libshutdown2.o(.ARM.Collect$$libshutdown$$0000000F) for __rt_lib_shutdown_heap_1
    libshutdown.o(.ARM.Collect$$libshutdown$$00000000) refers (Special) to libshutdown2.o(.ARM.Collect$$libshutdown$$00000010) for __rt_lib_shutdown_return
    libshutdown.o(.ARM.Collect$$libshutdown$$00000000) refers (Special) to libshutdown2.o(.ARM.Collect$$libshutdown$$0000000A) for __rt_lib_shutdown_signal_1
    libshutdown.o(.ARM.Collect$$libshutdown$$00000000) refers (Special) to libshutdown2.o(.ARM.Collect$$libshutdown$$00000004) for __rt_lib_shutdown_stdio_1
    libshutdown.o(.ARM.Collect$$libshutdown$$00000000) refers (Special) to libshutdown2.o(.ARM.Collect$$libshutdown$$0000000C) for __rt_lib_shutdown_user_alloc_1
    sys_command.o(.text) refers (Special) to use_no_semi.o(.text) for __I$use$semihosting
    sys_command.o(.text) refers (Special) to indicate_semi.o(.text) for __semihosting_library_function
    defsig_abrt_inner.o(.text) refers to defsig_general.o(.text) for __default_signal_display
    defsig_rtred_inner.o(.text) refers to defsig_general.o(.text) for __default_signal_display
    defsig_rtmem_inner.o(.text) refers to defsig_general.o(.text) for __default_signal_display
    defsig_rtmem_outer.o(.text) refers to defsig_rtmem_inner.o(.text) for __rt_SIGRTMEM_inner
    defsig_rtmem_outer.o(.text) refers to defsig_exit.o(.text) for __sig_exit
    defsig_rtmem_formal.o(.text) refers to rt_raise.o(.text) for __rt_raise
    defsig_stak_inner.o(.text) refers to defsig_general.o(.text) for __default_signal_display
    defsig_pvfn_inner.o(.text) refers to defsig_general.o(.text) for __default_signal_display
    defsig_cppl_inner.o(.text) refers to defsig_general.o(.text) for __default_signal_display
    defsig_segv_inner.o(.text) refers to defsig_general.o(.text) for __default_signal_display
    defsig_other.o(.text) refers to defsig_general.o(.text) for __default_signal_display


==============================================================================

Removing Unused input sections from the image.

    Removing main.o(.rev16_text), (4 bytes).
    Removing main.o(.revsh_text), (4 bytes).
    Removing main.o(.rrx_text), (6 bytes).
    Removing globvas_hall.o(.rev16_text), (4 bytes).
    Removing globvas_hall.o(.revsh_text), (4 bytes).
    Removing globvas_hall.o(.rrx_text), (6 bytes).
    Removing commands.o(.rev16_text), (4 bytes).
    Removing commands.o(.revsh_text), (4 bytes).
    Removing commands.o(.rrx_text), (6 bytes).
    Removing auto_address.o(.rev16_text), (4 bytes).
    Removing auto_address.o(.revsh_text), (4 bytes).
    Removing auto_address.o(.rrx_text), (6 bytes).
    Removing auto_address.o(i.Address_2_Ports), (128 bytes).
    Removing common.o(.rev16_text), (4 bytes).
    Removing common.o(.revsh_text), (4 bytes).
    Removing common.o(.rrx_text), (6 bytes).
    Removing commonmc.o(.rev16_text), (4 bytes).
    Removing commonmc.o(.revsh_text), (4 bytes).
    Removing commonmc.o(.rrx_text), (6 bytes).
    Removing emo.o(.rev16_text), (4 bytes).
    Removing emo.o(.revsh_text), (4 bytes).
    Removing emo.o(.rrx_text), (6 bytes).
    Removing emo.o(i.Emo_GetAbsSpeed), (12 bytes).
    Removing emoccu.o(.rev16_text), (4 bytes).
    Removing emoccu.o(.revsh_text), (4 bytes).
    Removing emoccu.o(.rrx_text), (6 bytes).
    Removing emoccu_cfg.o(.rev16_text), (4 bytes).
    Removing emoccu_cfg.o(.revsh_text), (4 bytes).
    Removing emoccu_cfg.o(.rrx_text), (6 bytes).
    Removing adc1.o(.rev16_text), (4 bytes).
    Removing adc1.o(.revsh_text), (4 bytes).
    Removing adc1.o(.rrx_text), (6 bytes).
    Removing bdrv.o(.rev16_text), (4 bytes).
    Removing bdrv.o(.revsh_text), (4 bytes).
    Removing bdrv.o(.rrx_text), (6 bytes).
    Removing bdrv.o(i.BDRV_Clr_Sts), (12 bytes).
    Removing bdrv.o(i.BDRV_Diag_OpenLoad), (328 bytes).
    Removing bdrv.o(i.BDRV_Set_Channel), (48 bytes).
    Removing bdrv.o(i.BDRV_Set_Int_Channel), (64 bytes).
    Removing bootrom.o(.rev16_text), (4 bytes).
    Removing bootrom.o(.revsh_text), (4 bytes).
    Removing bootrom.o(.rrx_text), (6 bytes).
    Removing bootrom.o(i.GetCustomerID), (50 bytes).
    Removing bootrom.o(i.ProgramPage), (100 bytes).
    Removing bootrom.o(.constdata), (4 bytes).
    Removing bootrom.o(.constdata), (4 bytes).
    Removing bootrom.o(.constdata), (4 bytes).
    Removing bootrom.o(.constdata), (4 bytes).
    Removing bootrom.o(.constdata), (4 bytes).
    Removing bootrom.o(.constdata), (4 bytes).
    Removing bootrom.o(.constdata), (4 bytes).
    Removing bootrom.o(.constdata), (4 bytes).
    Removing bootrom.o(.constdata), (4 bytes).
    Removing bootrom.o(.constdata), (4 bytes).
    Removing bootrom.o(.constdata), (4 bytes).
    Removing bootrom.o(.constdata), (4 bytes).
    Removing bootrom.o(.constdata), (4 bytes).
    Removing bootrom.o(.constdata), (4 bytes).
    Removing bootrom.o(.constdata), (4 bytes).
    Removing bootrom.o(.constdata), (4 bytes).
    Removing bootrom.o(.constdata), (4 bytes).
    Removing bootrom.o(.constdata), (4 bytes).
    Removing bootrom.o(.constdata), (4 bytes).
    Removing ccu6.o(.rev16_text), (4 bytes).
    Removing ccu6.o(.revsh_text), (4 bytes).
    Removing ccu6.o(.rrx_text), (6 bytes).
    Removing gpt12e.o(.rev16_text), (4 bytes).
    Removing gpt12e.o(.revsh_text), (4 bytes).
    Removing gpt12e.o(.rrx_text), (6 bytes).
    Removing gpt12e.o(i.GPT12E_T3_Interval_Timer_Setup), (184 bytes).
    Removing gpt12e.o(i.GPT12E_T6_Interval_Timer_Setup), (156 bytes).
    Removing int.o(.rev16_text), (4 bytes).
    Removing int.o(.revsh_text), (4 bytes).
    Removing int.o(.rrx_text), (6 bytes).
    Removing isr.o(.rev16_text), (4 bytes).
    Removing isr.o(.revsh_text), (4 bytes).
    Removing isr.o(.rrx_text), (6 bytes).
    Removing port.o(.rev16_text), (4 bytes).
    Removing port.o(.revsh_text), (4 bytes).
    Removing port.o(.rrx_text), (6 bytes).
    Removing scu.o(.rev16_text), (4 bytes).
    Removing scu.o(.revsh_text), (4 bytes).
    Removing scu.o(.rrx_text), (6 bytes).
    Removing scu.o(i.SCU_ClkInit), (274 bytes).
    Removing scu.o(i.SCU_EnterSlowMode), (44 bytes).
    Removing scu.o(i.SCU_ExitSlowMode), (60 bytes).
    Removing scu.o(.data), (4 bytes).
    Removing ssc.o(.rev16_text), (4 bytes).
    Removing ssc.o(.revsh_text), (4 bytes).
    Removing ssc.o(.rrx_text), (6 bytes).
    Removing system_tle987x.o(.rev16_text), (4 bytes).
    Removing system_tle987x.o(.revsh_text), (4 bytes).
    Removing system_tle987x.o(.rrx_text), (6 bytes).
    Removing tle_device.o(.rev16_text), (4 bytes).
    Removing tle_device.o(.revsh_text), (4 bytes).
    Removing tle_device.o(.rrx_text), (6 bytes).
    Removing wdt1.o(.rev16_text), (4 bytes).
    Removing wdt1.o(.revsh_text), (4 bytes).
    Removing wdt1.o(.rrx_text), (6 bytes).
    Removing wdt1.o(i.WDT1_Init), (60 bytes).
    Removing wdt1.o(i.WDT1_Stop), (14 bytes).

101 unused section(s) (total 1922 bytes) removed from the image.

==============================================================================

Image Symbol Table

    Local Symbols

    Symbol Name                              Value     Ov Type        Size  Object(Section)

    ../clib/angel/boardlib.s                 0x00000000   Number         0  boardinit1.o ABSOLUTE
    ../clib/angel/boardlib.s                 0x00000000   Number         0  boardshut.o ABSOLUTE
    ../clib/angel/boardlib.s                 0x00000000   Number         0  boardinit2.o ABSOLUTE
    ../clib/angel/boardlib.s                 0x00000000   Number         0  boardinit3.o ABSOLUTE
    ../clib/angel/handlers.s                 0x00000000   Number         0  __scatter_zi.o ABSOLUTE
    ../clib/angel/handlers.s                 0x00000000   Number         0  __scatter_copy.o ABSOLUTE
    ../clib/angel/kernel.s                   0x00000000   Number         0  rtexit.o ABSOLUTE
    ../clib/angel/kernel.s                   0x00000000   Number         0  rtexit2.o ABSOLUTE
    ../clib/angel/kernel.s                   0x00000000   Number         0  __rtentry.o ABSOLUTE
    ../clib/angel/kernel.s                   0x00000000   Number         0  __rtentry2.o ABSOLUTE
    ../clib/angel/kernel.s                   0x00000000   Number         0  __rtentry4.o ABSOLUTE
    ../clib/angel/rt.s                       0x00000000   Number         0  rt_raise.o ABSOLUTE
    ../clib/angel/rt.s                       0x00000000   Number         0  aeabi_ldiv0_sigfpe.o ABSOLUTE
    ../clib/angel/rt.s                       0x00000000   Number         0  aeabi_ldiv0.o ABSOLUTE
    ../clib/angel/rt.s                       0x00000000   Number         0  rt_div0.o ABSOLUTE
    ../clib/angel/scatter.s                  0x00000000   Number         0  __scatter.o ABSOLUTE
    ../clib/angel/startup.s                  0x00000000   Number         0  __main.o ABSOLUTE
    ../clib/angel/sys.s                      0x00000000   Number         0  libspace.o ABSOLUTE
    ../clib/angel/sys.s                      0x00000000   Number         0  use_no_semi.o ABSOLUTE
    ../clib/angel/sys.s                      0x00000000   Number         0  indicate_semi.o ABSOLUTE
    ../clib/angel/sys.s                      0x00000000   Number         0  sys_stackheap_outer.o ABSOLUTE
    ../clib/angel/sysapp.c                   0x00000000   Number         0  sys_exit.o ABSOLUTE
    ../clib/angel/sysapp.c                   0x00000000   Number         0  sys_wrch.o ABSOLUTE
    ../clib/angel/sysapp.c                   0x00000000   Number         0  sys_command.o ABSOLUTE
    ../clib/armsys.c                         0x00000000   Number         0  _get_argv_nomalloc.o ABSOLUTE
    ../clib/armsys.c                         0x00000000   Number         0  argv_veneer.o ABSOLUTE
    ../clib/armsys.c                         0x00000000   Number         0  no_argv.o ABSOLUTE
    ../clib/armsys.c                         0x00000000   Number         0  argv_veneer.o ABSOLUTE
    ../clib/heapalloc.c                      0x00000000   Number         0  hrguard.o ABSOLUTE
    ../clib/heapaux.c                        0x00000000   Number         0  heapauxi.o ABSOLUTE
    ../clib/libinit.s                        0x00000000   Number         0  libshutdown2.o ABSOLUTE
    ../clib/libinit.s                        0x00000000   Number         0  libshutdown.o ABSOLUTE
    ../clib/libinit.s                        0x00000000   Number         0  libinit.o ABSOLUTE
    ../clib/libinit.s                        0x00000000   Number         0  libinit2.o ABSOLUTE
    ../clib/longlong.s                       0x00000000   Number         0  lludivv7m.o ABSOLUTE
    ../clib/memcpset.s                       0x00000000   Number         0  rt_memcpy_w.o ABSOLUTE
    ../clib/signal.c                         0x00000000   Number         0  defsig_fpe_inner.o ABSOLUTE
    ../clib/signal.c                         0x00000000   Number         0  defsig_exit.o ABSOLUTE
    ../clib/signal.c                         0x00000000   Number         0  defsig_fpe_formal.o ABSOLUTE
    ../clib/signal.c                         0x00000000   Number         0  defsig_fpe_outer.o ABSOLUTE
    ../clib/signal.c                         0x00000000   Number         0  defsig_other.o ABSOLUTE
    ../clib/signal.c                         0x00000000   Number         0  defsig_segv_inner.o ABSOLUTE
    ../clib/signal.c                         0x00000000   Number         0  defsig_cppl_inner.o ABSOLUTE
    ../clib/signal.c                         0x00000000   Number         0  defsig_pvfn_inner.o ABSOLUTE
    ../clib/signal.c                         0x00000000   Number         0  defsig_stak_inner.o ABSOLUTE
    ../clib/signal.c                         0x00000000   Number         0  defsig_rtmem_formal.o ABSOLUTE
    ../clib/signal.c                         0x00000000   Number         0  defsig_rtmem_outer.o ABSOLUTE
    ../clib/signal.c                         0x00000000   Number         0  defsig_rtmem_inner.o ABSOLUTE
    ../clib/signal.c                         0x00000000   Number         0  defsig_rtred_inner.o ABSOLUTE
    ../clib/signal.c                         0x00000000   Number         0  defsig_abrt_inner.o ABSOLUTE
    ../clib/signal.c                         0x00000000   Number         0  defsig_general.o ABSOLUTE
    ../clib/signal.c                         0x00000000   Number         0  __raise.o ABSOLUTE
    ../clib/signal.s                         0x00000000   Number         0  defsig.o ABSOLUTE
    ../clib/stdlib.c                         0x00000000   Number         0  exit.o ABSOLUTE
    ../fplib/daddsub.s                       0x00000000   Number         0  daddsub_clz.o ABSOLUTE
    ../fplib/ddiv.s                          0x00000000   Number         0  ddiv.o ABSOLUTE
    ../fplib/dfixu.s                         0x00000000   Number         0  dfixu.o ABSOLUTE
    ../fplib/dflt.s                          0x00000000   Number         0  dflt_clz.o ABSOLUTE
    ../fplib/dmul.s                          0x00000000   Number         0  dmul.o ABSOLUTE
    ../fplib/dnaninf.s                       0x00000000   Number         0  dnaninf.o ABSOLUTE
    ../fplib/dretinf.s                       0x00000000   Number         0  dretinf.o ABSOLUTE
    ../fplib/f2d.s                           0x00000000   Number         0  f2d.o ABSOLUTE
    ../fplib/fdiv.s                          0x00000000   Number         0  fdiv.o ABSOLUTE
    ../fplib/ffix.s                          0x00000000   Number         0  ffix.o ABSOLUTE
    ../fplib/ffixu.s                         0x00000000   Number         0  ffixu.o ABSOLUTE
    ../fplib/fnaninf.s                       0x00000000   Number         0  fnaninf.o ABSOLUTE
    ../fplib/fpinit.s                        0x00000000   Number         0  fpinit.o ABSOLUTE
    ../fplib/fretinf.s                       0x00000000   Number         0  fretinf.o ABSOLUTE
    ../fplib/usenofp.s                       0x00000000   Number         0  usenofp.o ABSOLUTE
    ..\\auto_address.c                       0x00000000   Number         0  auto_address.o ABSOLUTE
    ..\\common.c                             0x00000000   Number         0  common.o ABSOLUTE
    ..\\commonMC.c                           0x00000000   Number         0  commonmc.o ABSOLUTE
    ..\auto_address.c                        0x00000000   Number         0  auto_address.o ABSOLUTE
    ..\common.c                              0x00000000   Number         0  common.o ABSOLUTE
    ..\commonMC.c                            0x00000000   Number         0  commonmc.o ABSOLUTE
    RTE\Device\TLE9879QXA40\adc1.c           0x00000000   Number         0  adc1.o ABSOLUTE
    RTE\Device\TLE9879QXA40\bdrv.c           0x00000000   Number         0  bdrv.o ABSOLUTE
    RTE\Device\TLE9879QXA40\bootrom.c        0x00000000   Number         0  bootrom.o ABSOLUTE
    RTE\Device\TLE9879QXA40\ccu6.c           0x00000000   Number         0  ccu6.o ABSOLUTE
    RTE\Device\TLE9879QXA40\gpt12e.c         0x00000000   Number         0  gpt12e.o ABSOLUTE
    RTE\Device\TLE9879QXA40\int.c            0x00000000   Number         0  int.o ABSOLUTE
    RTE\Device\TLE9879QXA40\isr.c            0x00000000   Number         0  isr.o ABSOLUTE
    RTE\Device\TLE9879QXA40\port.c           0x00000000   Number         0  port.o ABSOLUTE
    RTE\Device\TLE9879QXA40\scu.c            0x00000000   Number         0  scu.o ABSOLUTE
    RTE\Device\TLE9879QXA40\ssc.c            0x00000000   Number         0  ssc.o ABSOLUTE
    RTE\Device\TLE9879QXA40\system_tle987x.c 0x00000000   Number         0  system_tle987x.o ABSOLUTE
    RTE\Device\TLE9879QXA40\tle_device.c     0x00000000   Number         0  tle_device.o ABSOLUTE
    RTE\Device\TLE9879QXA40\wdt1.c           0x00000000   Number         0  wdt1.o ABSOLUTE
    RTE\\Device\\TLE9879QXA40\\adc1.c        0x00000000   Number         0  adc1.o ABSOLUTE
    RTE\\Device\\TLE9879QXA40\\bdrv.c        0x00000000   Number         0  bdrv.o ABSOLUTE
    RTE\\Device\\TLE9879QXA40\\bootrom.c     0x00000000   Number         0  bootrom.o ABSOLUTE
    RTE\\Device\\TLE9879QXA40\\ccu6.c        0x00000000   Number         0  ccu6.o ABSOLUTE
    RTE\\Device\\TLE9879QXA40\\gpt12e.c      0x00000000   Number         0  gpt12e.o ABSOLUTE
    RTE\\Device\\TLE9879QXA40\\int.c         0x00000000   Number         0  int.o ABSOLUTE
    RTE\\Device\\TLE9879QXA40\\isr.c         0x00000000   Number         0  isr.o ABSOLUTE
    RTE\\Device\\TLE9879QXA40\\port.c        0x00000000   Number         0  port.o ABSOLUTE
    RTE\\Device\\TLE9879QXA40\\scu.c         0x00000000   Number         0  scu.o ABSOLUTE
    RTE\\Device\\TLE9879QXA40\\ssc.c         0x00000000   Number         0  ssc.o ABSOLUTE
    RTE\\Device\\TLE9879QXA40\\startup_tle987x.s 0x00000000   Number         0  startup_tle987x.o ABSOLUTE
    RTE\\Device\\TLE9879QXA40\\system_tle987x.c 0x00000000   Number         0  system_tle987x.o ABSOLUTE
    RTE\\Device\\TLE9879QXA40\\tle_device.c  0x00000000   Number         0  tle_device.o ABSOLUTE
    RTE\\Device\\TLE9879QXA40\\wdt1.c        0x00000000   Number         0  wdt1.o ABSOLUTE
    app\Main.c                               0x00000000   Number         0  main.o ABSOLUTE
    app\\Main.c                              0x00000000   Number         0  main.o ABSOLUTE
    app\\commands.c                          0x00000000   Number         0  commands.o ABSOLUTE
    app\\globvas_HALL.c                      0x00000000   Number         0  globvas_hall.o ABSOLUTE
    app\commands.c                           0x00000000   Number         0  commands.o ABSOLUTE
    app\globvas_HALL.c                       0x00000000   Number         0  globvas_hall.o ABSOLUTE
    dc.s                                     0x00000000   Number         0  dc.o ABSOLUTE
    emo\Emo.c                                0x00000000   Number         0  emo.o ABSOLUTE
    emo\EmoCcu.c                             0x00000000   Number         0  emoccu.o ABSOLUTE
    emo\EmoCcu_Cfg.c                         0x00000000   Number         0  emoccu_cfg.o ABSOLUTE
    emo\\Emo.c                               0x00000000   Number         0  emo.o ABSOLUTE
    emo\\EmoCcu.c                            0x00000000   Number         0  emoccu.o ABSOLUTE
    emo\\EmoCcu_Cfg.c                        0x00000000   Number         0  emoccu_cfg.o ABSOLUTE
    RESET                                    0x1100a000   Section      128  startup_tle987x.o(RESET)
    !!!main                                  0x1100a080   Section        8  __main.o(!!!main)
    !!!scatter                               0x1100a088   Section       52  __scatter.o(!!!scatter)
    !!handler_copy                           0x1100a0bc   Section       26  __scatter_copy.o(!!handler_copy)
    !!handler_zi                             0x1100a0d8   Section       28  __scatter_zi.o(!!handler_zi)
    .ARM.Collect$$libinit$$00000000          0x1100a0f4   Section        2  libinit.o(.ARM.Collect$$libinit$$00000000)
    .ARM.Collect$$libinit$$00000002          0x1100a0f6   Section        0  libinit2.o(.ARM.Collect$$libinit$$00000002)
    .ARM.Collect$$libinit$$00000004          0x1100a0f6   Section        0  libinit2.o(.ARM.Collect$$libinit$$00000004)
    .ARM.Collect$$libinit$$0000000A          0x1100a0f6   Section        0  libinit2.o(.ARM.Collect$$libinit$$0000000A)
    .ARM.Collect$$libinit$$0000000C          0x1100a0f6   Section        0  libinit2.o(.ARM.Collect$$libinit$$0000000C)
    .ARM.Collect$$libinit$$0000000E          0x1100a0f6   Section        0  libinit2.o(.ARM.Collect$$libinit$$0000000E)
    .ARM.Collect$$libinit$$00000011          0x1100a0f6   Section        0  libinit2.o(.ARM.Collect$$libinit$$00000011)
    .ARM.Collect$$libinit$$00000013          0x1100a0f6   Section        0  libinit2.o(.ARM.Collect$$libinit$$00000013)
    .ARM.Collect$$libinit$$00000015          0x1100a0f6   Section        0  libinit2.o(.ARM.Collect$$libinit$$00000015)
    .ARM.Collect$$libinit$$00000017          0x1100a0f6   Section        0  libinit2.o(.ARM.Collect$$libinit$$00000017)
    .ARM.Collect$$libinit$$00000019          0x1100a0f6   Section        0  libinit2.o(.ARM.Collect$$libinit$$00000019)
    .ARM.Collect$$libinit$$0000001B          0x1100a0f6   Section        0  libinit2.o(.ARM.Collect$$libinit$$0000001B)
    .ARM.Collect$$libinit$$0000001D          0x1100a0f6   Section        0  libinit2.o(.ARM.Collect$$libinit$$0000001D)
    .ARM.Collect$$libinit$$0000001F          0x1100a0f6   Section        0  libinit2.o(.ARM.Collect$$libinit$$0000001F)
    .ARM.Collect$$libinit$$00000021          0x1100a0f6   Section        0  libinit2.o(.ARM.Collect$$libinit$$00000021)
    .ARM.Collect$$libinit$$00000023          0x1100a0f6   Section        0  libinit2.o(.ARM.Collect$$libinit$$00000023)
    .ARM.Collect$$libinit$$00000025          0x1100a0f6   Section        0  libinit2.o(.ARM.Collect$$libinit$$00000025)
    .ARM.Collect$$libinit$$0000002C          0x1100a0f6   Section        0  libinit2.o(.ARM.Collect$$libinit$$0000002C)
    .ARM.Collect$$libinit$$0000002E          0x1100a0f6   Section        0  libinit2.o(.ARM.Collect$$libinit$$0000002E)
    .ARM.Collect$$libinit$$00000030          0x1100a0f6   Section        0  libinit2.o(.ARM.Collect$$libinit$$00000030)
    .ARM.Collect$$libinit$$00000032          0x1100a0f6   Section        0  libinit2.o(.ARM.Collect$$libinit$$00000032)
    .ARM.Collect$$libinit$$00000033          0x1100a0f6   Section        2  libinit2.o(.ARM.Collect$$libinit$$00000033)
    .ARM.Collect$$libshutdown$$00000000      0x1100a0f8   Section        2  libshutdown.o(.ARM.Collect$$libshutdown$$00000000)
    .ARM.Collect$$libshutdown$$00000002      0x1100a0fa   Section        0  libshutdown2.o(.ARM.Collect$$libshutdown$$00000002)
    .ARM.Collect$$libshutdown$$00000004      0x1100a0fa   Section        0  libshutdown2.o(.ARM.Collect$$libshutdown$$00000004)
    .ARM.Collect$$libshutdown$$00000007      0x1100a0fa   Section        0  libshutdown2.o(.ARM.Collect$$libshutdown$$00000007)
    .ARM.Collect$$libshutdown$$0000000A      0x1100a0fa   Section        0  libshutdown2.o(.ARM.Collect$$libshutdown$$0000000A)
    .ARM.Collect$$libshutdown$$0000000C      0x1100a0fa   Section        0  libshutdown2.o(.ARM.Collect$$libshutdown$$0000000C)
    .ARM.Collect$$libshutdown$$0000000F      0x1100a0fa   Section        0  libshutdown2.o(.ARM.Collect$$libshutdown$$0000000F)
    .ARM.Collect$$libshutdown$$00000010      0x1100a0fa   Section        2  libshutdown2.o(.ARM.Collect$$libshutdown$$00000010)
    .ARM.Collect$$rtentry$$00000000          0x1100a0fc   Section        0  __rtentry.o(.ARM.Collect$$rtentry$$00000000)
    .ARM.Collect$$rtentry$$00000002          0x1100a0fc   Section        0  __rtentry2.o(.ARM.Collect$$rtentry$$00000002)
    .ARM.Collect$$rtentry$$00000004          0x1100a0fc   Section        6  __rtentry4.o(.ARM.Collect$$rtentry$$00000004)
    .ARM.Collect$$rtentry$$00000009          0x1100a102   Section        0  __rtentry2.o(.ARM.Collect$$rtentry$$00000009)
    .ARM.Collect$$rtentry$$0000000A          0x1100a102   Section        4  __rtentry2.o(.ARM.Collect$$rtentry$$0000000A)
    .ARM.Collect$$rtentry$$0000000C          0x1100a106   Section        0  __rtentry2.o(.ARM.Collect$$rtentry$$0000000C)
    .ARM.Collect$$rtentry$$0000000D          0x1100a106   Section        8  __rtentry2.o(.ARM.Collect$$rtentry$$0000000D)
    .ARM.Collect$$rtexit$$00000000           0x1100a10e   Section        2  rtexit.o(.ARM.Collect$$rtexit$$00000000)
    .ARM.Collect$$rtexit$$00000002           0x1100a110   Section        0  rtexit2.o(.ARM.Collect$$rtexit$$00000002)
    .ARM.Collect$$rtexit$$00000003           0x1100a110   Section        4  rtexit2.o(.ARM.Collect$$rtexit$$00000003)
    .ARM.Collect$$rtexit$$00000004           0x1100a114   Section        6  rtexit2.o(.ARM.Collect$$rtexit$$00000004)
    .text                                    0x1100a11c   Section       60  startup_tle987x.o(.text)
    .text                                    0x1100a158   Section      100  rt_memcpy_w.o(.text)
    .text                                    0x1100a1bc   Section        0  heapauxi.o(.text)
    .text                                    0x1100a1c2   Section       74  sys_stackheap_outer.o(.text)
    .text                                    0x1100a20c   Section        0  exit.o(.text)
    .text                                    0x1100a220   Section        8  libspace.o(.text)
    .text                                    0x1100a228   Section        0  sys_exit.o(.text)
    .text                                    0x1100a234   Section        2  use_no_semi.o(.text)
    .text                                    0x1100a236   Section        0  indicate_semi.o(.text)
    i.ADC1_Init                              0x1100a238   Section        0  adc1.o(i.ADC1_Init)
    i.Address_Line_GND                       0x1100a298   Section        0  auto_address.o(i.Address_Line_GND)
    i.Address_Line_Open                      0x1100a2b0   Section        0  auto_address.o(i.Address_Line_Open)
    i.Auto_Addressing_Handler                0x1100a2c8   Section        0  auto_address.o(i.Auto_Addressing_Handler)
    i.BDRV_Init                              0x1100a324   Section        0  bdrv.o(i.BDRV_Init)
    i.BDRV_Set_Bridge                        0x1100a374   Section        0  bdrv.o(i.BDRV_Set_Bridge)
    i.BusFault_Handler                       0x1100a398   Section        0  isr.o(i.BusFault_Handler)
    i.CCU6SR0_IRQHandler                     0x1100a39c   Section        0  isr.o(i.CCU6SR0_IRQHandler)
    i.CCU6_Init                              0x1100a3d0   Section        0  ccu6.o(i.CCU6_Init)
    i.CRC8                                   0x1100a470   Section        0  commonmc.o(i.CRC8)
    i.Ccu6_Start                             0x1100a4a4   Section        0  emoccu.o(i.Ccu6_Start)
    i.Ccu6_Stop                              0x1100a52c   Section        0  emoccu.o(i.Ccu6_Stop)
    i.Data_Received                          0x1100a55c   Section        0  main.o(i.Data_Received)
    i.Delay_us                               0x1100a65c   Section        0  wdt1.o(i.Delay_us)
    i.EXINT0_IRQHandler                      0x1100a69c   Section        0  isr.o(i.EXINT0_IRQHandler)
    i.EXINT1_IRQHandler                      0x1100a6d4   Section        0  isr.o(i.EXINT1_IRQHandler)
    i.EmoCcu_HandleHallEvent                 0x1100a70c   Section        0  emoccu.o(i.EmoCcu_HandleHallEvent)
    i.EmoCcu_InitHallPar                     0x1100a800   Section        0  emoccu.o(i.EmoCcu_InitHallPar)
    i.EmoCcu_InitHallVar                     0x1100a81c   Section        0  emoccu.o(i.EmoCcu_InitHallVar)
    i.Emo_CtrlSpeed                          0x1100a834   Section        0  emo.o(i.Emo_CtrlSpeed)
    i.Emo_Init                               0x1100a8b0   Section        0  emo.o(i.Emo_Init)
    i.Emo_SetRefSpeed                        0x1100a8e4   Section        0  emo.o(i.Emo_SetRefSpeed)
    i.Emo_StartMotor                         0x1100a900   Section        0  emo.o(i.Emo_StartMotor)
    i.Emo_StopMotor                          0x1100a940   Section        0  emo.o(i.Emo_StopMotor)
    i.Emo_lInitPar                           0x1100a974   Section        0  emo.o(i.Emo_lInitPar)
    Emo_lInitPar                             0x1100a975   Thumb Code    86  emo.o(i.Emo_lInitPar)
    i.GPT12E_Init                            0x1100a9d8   Section        0  gpt12e.o(i.GPT12E_Init)
    i.HardFault_Handler                      0x1100aa08   Section        0  isr.o(i.HardFault_Handler)
    i.INT_Init                               0x1100aa0c   Section        0  int.o(i.INT_Init)
    i.Main_HandleSysTick                     0x1100aa90   Section        0  main.o(i.Main_HandleSysTick)
    i.Main_lStopMotor                        0x1100aa94   Section        0  main.o(i.Main_lStopMotor)
    Main_lStopMotor                          0x1100aa95   Thumb Code    12  main.o(i.Main_lStopMotor)
    i.Mat_ExeSimpleLp                        0x1100aaa4   Section        0  emoccu.o(i.Mat_ExeSimpleLp)
    Mat_ExeSimpleLp                          0x1100aaa5   Thumb Code    34  emoccu.o(i.Mat_ExeSimpleLp)
    i.MemManage_Handler                      0x1100aac6   Section        0  isr.o(i.MemManage_Handler)
    i.PORT_ChangePin                         0x1100aac8   Section        0  main.o(i.PORT_ChangePin)
    PORT_ChangePin                           0x1100aac9   Thumb Code    78  main.o(i.PORT_ChangePin)
    i.PORT_ChangePin                         0x1100ab1c   Section        0  common.o(i.PORT_ChangePin)
    PORT_ChangePin                           0x1100ab1d   Thumb Code    78  common.o(i.PORT_ChangePin)
    i.PORT_Init                              0x1100ab70   Section        0  port.o(i.PORT_Init)
    i.SCU_Init                               0x1100abbc   Section        0  scu.o(i.SCU_Init)
    i.SSC1_Init                              0x1100abf0   Section        0  ssc.o(i.SSC1_Init)
    i.SSC2_IRQHandler                        0x1100ac0c   Section        0  isr.o(i.SSC2_IRQHandler)
    i.SSC2_Init                              0x1100ac2c   Section        0  ssc.o(i.SSC2_Init)
    i.SysTick_Handler                        0x1100ac48   Section        0  isr.o(i.SysTick_Handler)
    i.SystemInit                             0x1100ac5c   Section        0  system_tle987x.o(i.SystemInit)
    i.TLE_Init                               0x1100ac90   Section        0  tle_device.o(i.TLE_Init)
    i.UART2_IRQHandler                       0x1100acba   Section        0  isr.o(i.UART2_IRQHandler)
    i.UsageFault_Handler                     0x1100acf2   Section        0  isr.o(i.UsageFault_Handler)
    i.VAREF_Enable                           0x1100acf8   Section        0  adc1.o(i.VAREF_Enable)
    i.WDT1_SOW_Service                       0x1100ad90   Section        0  wdt1.o(i.WDT1_SOW_Service)
    i.WDT1_Service                           0x1100ada8   Section        0  wdt1.o(i.WDT1_Service)
    i.anErrorOccurred                        0x1100add4   Section        0  common.o(i.anErrorOccurred)
    i.changeMode                             0x1100adf4   Section        0  commonmc.o(i.changeMode)
    i.changeSingleParameter                  0x1100ae2c   Section        0  commands.o(i.changeSingleParameter)
    i.checkCommand                           0x1100ae88   Section        0  common.o(i.checkCommand)
    i.checkErrorsMC                          0x1100aef8   Section        0  commonmc.o(i.checkErrorsMC)
    i.deselectSlave                          0x1100af10   Section        0  common.o(i.deselectSlave)
    i.init_Auto_Addressing                   0x1100af30   Section        0  auto_address.o(i.init_Auto_Addressing)
    i.init_emoccucfg                         0x1100af80   Section        0  commands.o(i.init_emoccucfg)
    i.isValueInArray                         0x1100b0a4   Section        0  commonmc.o(i.isValueInArray)
    i.ledHandler                             0x1100b0be   Section        0  common.o(i.ledHandler)
    ledHandler                               0x1100b0bf   Thumb Code    24  common.o(i.ledHandler)
    i.loadDataset                            0x1100b0d8   Section        0  commands.o(i.loadDataset)
    i.main                                   0x1100b164   Section        0  main.o(i.main)
    i.saveCurrentDataset                     0x1100b2c8   Section        0  commands.o(i.saveCurrentDataset)
    i.selectSlave                            0x1100b38c   Section        0  common.o(i.selectSlave)
    i.sendAnswer                             0x1100b3ac   Section        0  common.o(i.sendAnswer)
    i.sendPosAnswer                          0x1100b3b8   Section        0  common.o(i.sendPosAnswer)
    i.setBoardnr                             0x1100b3c4   Section        0  common.o(i.setBoardnr)
    i.startAutoaddressing                    0x1100b448   Section        0  common.o(i.startAutoaddressing)
    i.updateDatasetDependencies              0x1100b458   Section        0  commands.o(i.updateDatasetDependencies)
    x$fpl$dadd                               0x1100b564   Section      336  daddsub_clz.o(x$fpl$dadd)
    _dadd1                                   0x1100b575   Thumb Code     0  daddsub_clz.o(x$fpl$dadd)
    x$fpl$ddiv                               0x1100b6b4   Section      688  ddiv.o(x$fpl$ddiv)
    ddiv_entry                               0x1100b6bb   Thumb Code     0  ddiv.o(x$fpl$ddiv)
    x$fpl$dfixu                              0x1100b964   Section       90  dfixu.o(x$fpl$dfixu)
    x$fpl$dfltu                              0x1100b9be   Section       38  dflt_clz.o(x$fpl$dfltu)
    x$fpl$dmul                               0x1100b9e4   Section      340  dmul.o(x$fpl$dmul)
    x$fpl$dnaninf                            0x1100bb38   Section      156  dnaninf.o(x$fpl$dnaninf)
    x$fpl$dretinf                            0x1100bbd4   Section       12  dretinf.o(x$fpl$dretinf)
    x$fpl$dsub                               0x1100bbe0   Section      468  daddsub_clz.o(x$fpl$dsub)
    _dsub1                                   0x1100bbf1   Thumb Code     0  daddsub_clz.o(x$fpl$dsub)
    x$fpl$f2d                                0x1100bdb4   Section       86  f2d.o(x$fpl$f2d)
    x$fpl$fdiv                               0x1100be0c   Section      388  fdiv.o(x$fpl$fdiv)
    _fdiv1                                   0x1100be0d   Thumb Code     0  fdiv.o(x$fpl$fdiv)
    x$fpl$ffix                               0x1100bf90   Section       54  ffix.o(x$fpl$ffix)
    x$fpl$ffixu                              0x1100bfc8   Section       62  ffixu.o(x$fpl$ffixu)
    x$fpl$fnaninf                            0x1100c006   Section      140  fnaninf.o(x$fpl$fnaninf)
    x$fpl$fretinf                            0x1100c092   Section       10  fretinf.o(x$fpl$fretinf)
    .constdata                               0x1100c09c   Section       11  globvas_hall.o(.constdata)
    x$fpl$usenofp                            0x1100c09c   Section        0  usenofp.o(x$fpl$usenofp)
    .constdata                               0x1100c0a7   Section        1  globvas_hall.o(.constdata)
    .constdata                               0x1100c0a8   Section        4  bootrom.o(.constdata)
    .constdata                               0x1100c0ac   Section        4  bootrom.o(.constdata)
    .constdata                               0x1100c0b0   Section        4  bootrom.o(.constdata)
    .constdata                               0x1100c0b4   Section        4  bootrom.o(.constdata)
    .ARM.__AT_0x1100E000                     0x1100e000   Section       44  emoccu_cfg.o(.ARM.__AT_0x1100E000)
    .ARM.__AT_0x1100E080                     0x1100e080   Section       44  emoccu_cfg.o(.ARM.__AT_0x1100E080)
    .ARM.__AT_0x1100E100                     0x1100e100   Section       44  emoccu_cfg.o(.ARM.__AT_0x1100E100)
    .ARM.__AT_0x1100E180                     0x1100e180   Section       44  emoccu_cfg.o(.ARM.__AT_0x1100E180)
    .ARM.__AT_0x1101D000                     0x1101d000   Section       44  emoccu_cfg.o(.ARM.__AT_0x1101D000)
    .ARM.__AT_0x1101D080                     0x1101d080   Section       44  emoccu_cfg.o(.ARM.__AT_0x1101D080)
    .ARM.__AT_0x1101D100                     0x1101d100   Section       44  emoccu_cfg.o(.ARM.__AT_0x1101D100)
    .ARM.__AT_0x1101D180                     0x1101d180   Section       44  emoccu_cfg.o(.ARM.__AT_0x1101D180)
    .data                                    0x18000000   Section       22  main.o(.data)
    word1byte1                               0x18000000   Data           1  main.o(.data)
    word1byte2                               0x18000001   Data           1  main.o(.data)
    data_prepared                            0x18000002   Data           1  main.o(.data)
    success                                  0x18000003   Data           1  main.o(.data)
    waitingFor                               0x18000005   Data           1  main.o(.data)
    sendcounter                              0x18000006   Data           1  main.o(.data)
    receivecounter                           0x18000007   Data           1  main.o(.data)
    messagesToReceive                        0x18000008   Data           1  main.o(.data)
    bMotorRun                                0x18000009   Data           1  main.o(.data)
    calcCRC                                  0x1800000a   Data           1  main.o(.data)
    recvCRC                                  0x1800000b   Data           1  main.o(.data)
    word1                                    0x1800000c   Data           2  main.o(.data)
    word2                                    0x1800000e   Data           2  main.o(.data)
    word3                                    0x18000010   Data           2  main.o(.data)
    motorspeed                               0x18000012   Data           2  main.o(.data)
    .data                                    0x18000018   Section        4  globvas_hall.o(.data)
    .data                                    0x1800001c   Section        2  globvas_hall.o(.data)
    .data                                    0x18000020   Section        4  globvas_hall.o(.data)
    .data                                    0x18000024   Section        2  globvas_hall.o(.data)
    .data                                    0x18000026   Section        2  globvas_hall.o(.data)
    .data                                    0x18000028   Section        2  globvas_hall.o(.data)
    .data                                    0x1800002c   Section        4  globvas_hall.o(.data)
    .data                                    0x18000030   Section        4  globvas_hall.o(.data)
    .data                                    0x18000034   Section        4  globvas_hall.o(.data)
    .data                                    0x18000038   Section        1  emo.o(.data)
    .data                                    0x1800003c   Section       44  emoccu_cfg.o(.data)
    .data                                    0x18000068   Section        8  wdt1.o(.data)
    bSOWactive                               0x18000068   Data           1  wdt1.o(.data)
    .bss                                     0x18000070   Section       44  globvas_hall.o(.bss)
    .bss                                     0x1800009c   Section       14  auto_address.o(.bss)
    .bss                                     0x180000ac   Section       24  emo.o(.bss)
    .bss                                     0x180000c4   Section       16  emoccu.o(.bss)
    .bss                                     0x180000d4   Section       48  emoccu_cfg.o(.bss)
    .bss                                     0x18000104   Section       96  libspace.o(.bss)
    HEAP                                     0x18000168   Section        0  startup_tle987x.o(HEAP)
    STACK                                    0x18000168   Section      512  startup_tle987x.o(STACK)
    Heap_Mem                                 0x18000168   Data           0  startup_tle987x.o(HEAP)
    Stack_Mem                                0x18000168   Data         512  startup_tle987x.o(STACK)
    __initial_sp                             0x18000368   Data           0  startup_tle987x.o(STACK)

    Global Symbols

    Symbol Name                              Value     Ov Type        Size  Object(Section)

    BuildAttributes$$THM_ISAv4$P$D$K$B$S$PE$A:L22UL41UL21$X:L11$S22US41US21$IEEE1$IW$USESV6$~STKCKD$USESV7$~SHL$OSPACE$ROPI$EBA8$UX$STANDARDLIB$REQ8$PRES8$EABIv2 0x00000000   Number         0  anon$$obj.o ABSOLUTE
    __ARM_use_no_argv                        0x00000000   Number         0  main.o ABSOLUTE
    __ARM_exceptions_init                     - Undefined Weak Reference
    __alloca_initialize                       - Undefined Weak Reference
    __arm_preinit_                            - Undefined Weak Reference
    __cpp_initialize__aeabi_                  - Undefined Weak Reference
    __cxa_finalize                            - Undefined Weak Reference
    __rt_locale                               - Undefined Weak Reference
    __sigvec_lookup                           - Undefined Weak Reference
    _atexit_init                              - Undefined Weak Reference
    _call_atexit_fns                          - Undefined Weak Reference
    _clock_init                               - Undefined Weak Reference
    _fp_trap_init                             - Undefined Weak Reference
    _fp_trap_shutdown                         - Undefined Weak Reference
    _get_lc_collate                           - Undefined Weak Reference
    _get_lc_ctype                             - Undefined Weak Reference
    _get_lc_monetary                          - Undefined Weak Reference
    _get_lc_numeric                           - Undefined Weak Reference
    _get_lc_time                              - Undefined Weak Reference
    _getenv_init                              - Undefined Weak Reference
    _handle_redirection                       - Undefined Weak Reference
    _init_alloc                               - Undefined Weak Reference
    _init_user_alloc                          - Undefined Weak Reference
    _initio                                   - Undefined Weak Reference
    _rand_init                                - Undefined Weak Reference
    _signal_finish                            - Undefined Weak Reference
    _signal_init                              - Undefined Weak Reference
    _terminate_alloc                          - Undefined Weak Reference
    _terminate_user_alloc                     - Undefined Weak Reference
    _terminateio                              - Undefined Weak Reference
    __Vectors_Size                           0x00000080   Number         0  startup_tle987x.o ABSOLUTE
    __Vectors                                0x1100a000   Data           4  startup_tle987x.o(RESET)
    __Vectors_End                            0x1100a080   Data           0  startup_tle987x.o(RESET)
    __main                                   0x1100a081   Thumb Code     8  __main.o(!!!main)
    __scatterload                            0x1100a089   Thumb Code     0  __scatter.o(!!!scatter)
    __scatterload_rt2                        0x1100a089   Thumb Code    44  __scatter.o(!!!scatter)
    __scatterload_rt2_thumb_only             0x1100a089   Thumb Code     0  __scatter.o(!!!scatter)
    __scatterload_null                       0x1100a097   Thumb Code     0  __scatter.o(!!!scatter)
    __scatterload_copy                       0x1100a0bd   Thumb Code    26  __scatter_copy.o(!!handler_copy)
    __scatterload_zeroinit                   0x1100a0d9   Thumb Code    28  __scatter_zi.o(!!handler_zi)
    __rt_lib_init                            0x1100a0f5   Thumb Code     0  libinit.o(.ARM.Collect$$libinit$$00000000)
    __rt_lib_init_alloca_1                   0x1100a0f7   Thumb Code     0  libinit2.o(.ARM.Collect$$libinit$$0000002E)
    __rt_lib_init_argv_1                     0x1100a0f7   Thumb Code     0  libinit2.o(.ARM.Collect$$libinit$$0000002C)
    __rt_lib_init_atexit_1                   0x1100a0f7   Thumb Code     0  libinit2.o(.ARM.Collect$$libinit$$0000001B)
    __rt_lib_init_clock_1                    0x1100a0f7   Thumb Code     0  libinit2.o(.ARM.Collect$$libinit$$00000021)
    __rt_lib_init_cpp_1                      0x1100a0f7   Thumb Code     0  libinit2.o(.ARM.Collect$$libinit$$00000032)
    __rt_lib_init_exceptions_1               0x1100a0f7   Thumb Code     0  libinit2.o(.ARM.Collect$$libinit$$00000030)
    __rt_lib_init_fp_1                       0x1100a0f7   Thumb Code     0  libinit2.o(.ARM.Collect$$libinit$$00000002)
    __rt_lib_init_fp_trap_1                  0x1100a0f7   Thumb Code     0  libinit2.o(.ARM.Collect$$libinit$$0000001F)
    __rt_lib_init_getenv_1                   0x1100a0f7   Thumb Code     0  libinit2.o(.ARM.Collect$$libinit$$00000023)
    __rt_lib_init_heap_1                     0x1100a0f7   Thumb Code     0  libinit2.o(.ARM.Collect$$libinit$$0000000A)
    __rt_lib_init_lc_collate_1               0x1100a0f7   Thumb Code     0  libinit2.o(.ARM.Collect$$libinit$$00000011)
    __rt_lib_init_lc_ctype_1                 0x1100a0f7   Thumb Code     0  libinit2.o(.ARM.Collect$$libinit$$00000013)
    __rt_lib_init_lc_monetary_1              0x1100a0f7   Thumb Code     0  libinit2.o(.ARM.Collect$$libinit$$00000015)
    __rt_lib_init_lc_numeric_1               0x1100a0f7   Thumb Code     0  libinit2.o(.ARM.Collect$$libinit$$00000017)
    __rt_lib_init_lc_time_1                  0x1100a0f7   Thumb Code     0  libinit2.o(.ARM.Collect$$libinit$$00000019)
    __rt_lib_init_preinit_1                  0x1100a0f7   Thumb Code     0  libinit2.o(.ARM.Collect$$libinit$$00000004)
    __rt_lib_init_rand_1                     0x1100a0f7   Thumb Code     0  libinit2.o(.ARM.Collect$$libinit$$0000000E)
    __rt_lib_init_return                     0x1100a0f7   Thumb Code     0  libinit2.o(.ARM.Collect$$libinit$$00000033)
    __rt_lib_init_signal_1                   0x1100a0f7   Thumb Code     0  libinit2.o(.ARM.Collect$$libinit$$0000001D)
    __rt_lib_init_stdio_1                    0x1100a0f7   Thumb Code     0  libinit2.o(.ARM.Collect$$libinit$$00000025)
    __rt_lib_init_user_alloc_1               0x1100a0f7   Thumb Code     0  libinit2.o(.ARM.Collect$$libinit$$0000000C)
    __rt_lib_shutdown                        0x1100a0f9   Thumb Code     0  libshutdown.o(.ARM.Collect$$libshutdown$$00000000)
    __rt_lib_shutdown_cpp_1                  0x1100a0fb   Thumb Code     0  libshutdown2.o(.ARM.Collect$$libshutdown$$00000002)
    __rt_lib_shutdown_fp_trap_1              0x1100a0fb   Thumb Code     0  libshutdown2.o(.ARM.Collect$$libshutdown$$00000007)
    __rt_lib_shutdown_heap_1                 0x1100a0fb   Thumb Code     0  libshutdown2.o(.ARM.Collect$$libshutdown$$0000000F)
    __rt_lib_shutdown_return                 0x1100a0fb   Thumb Code     0  libshutdown2.o(.ARM.Collect$$libshutdown$$00000010)
    __rt_lib_shutdown_signal_1               0x1100a0fb   Thumb Code     0  libshutdown2.o(.ARM.Collect$$libshutdown$$0000000A)
    __rt_lib_shutdown_stdio_1                0x1100a0fb   Thumb Code     0  libshutdown2.o(.ARM.Collect$$libshutdown$$00000004)
    __rt_lib_shutdown_user_alloc_1           0x1100a0fb   Thumb Code     0  libshutdown2.o(.ARM.Collect$$libshutdown$$0000000C)
    __rt_entry                               0x1100a0fd   Thumb Code     0  __rtentry.o(.ARM.Collect$$rtentry$$00000000)
    __rt_entry_presh_1                       0x1100a0fd   Thumb Code     0  __rtentry2.o(.ARM.Collect$$rtentry$$00000002)
    __rt_entry_sh                            0x1100a0fd   Thumb Code     0  __rtentry4.o(.ARM.Collect$$rtentry$$00000004)
    __rt_entry_li                            0x1100a103   Thumb Code     0  __rtentry2.o(.ARM.Collect$$rtentry$$0000000A)
    __rt_entry_postsh_1                      0x1100a103   Thumb Code     0  __rtentry2.o(.ARM.Collect$$rtentry$$00000009)
    __rt_entry_main                          0x1100a107   Thumb Code     0  __rtentry2.o(.ARM.Collect$$rtentry$$0000000D)
    __rt_entry_postli_1                      0x1100a107   Thumb Code     0  __rtentry2.o(.ARM.Collect$$rtentry$$0000000C)
    __rt_exit                                0x1100a10f   Thumb Code     0  rtexit.o(.ARM.Collect$$rtexit$$00000000)
    __rt_exit_ls                             0x1100a111   Thumb Code     0  rtexit2.o(.ARM.Collect$$rtexit$$00000003)
    __rt_exit_prels_1                        0x1100a111   Thumb Code     0  rtexit2.o(.ARM.Collect$$rtexit$$00000002)
    __rt_exit_exit                           0x1100a115   Thumb Code     0  rtexit2.o(.ARM.Collect$$rtexit$$00000004)
    Reset_Handler                            0x1100a11d   Thumb Code     8  startup_tle987x.o(.text)
    NMI_Handler                              0x1100a125   Thumb Code     2  startup_tle987x.o(.text)
    SVC_Handler                              0x1100a12f   Thumb Code     2  startup_tle987x.o(.text)
    DebugMon_Handler                         0x1100a131   Thumb Code     2  startup_tle987x.o(.text)
    PendSV_Handler                           0x1100a133   Thumb Code     2  startup_tle987x.o(.text)
    ADC1_IRQHandler                          0x1100a137   Thumb Code     0  startup_tle987x.o(.text)
    ADC2_IRQHandler                          0x1100a137   Thumb Code     0  startup_tle987x.o(.text)
    BDRV_IRQHandler                          0x1100a137   Thumb Code     0  startup_tle987x.o(.text)
    CCU6SR1_IRQHandler                       0x1100a137   Thumb Code     0  startup_tle987x.o(.text)
    CCU6SR2_IRQHandler                       0x1100a137   Thumb Code     0  startup_tle987x.o(.text)
    CCU6SR3_IRQHandler                       0x1100a137   Thumb Code     0  startup_tle987x.o(.text)
    DMA_IRQHandler                           0x1100a137   Thumb Code     0  startup_tle987x.o(.text)
    GPT1_IRQHandler                          0x1100a137   Thumb Code     0  startup_tle987x.o(.text)
    GPT2_IRQHandler                          0x1100a137   Thumb Code     0  startup_tle987x.o(.text)
    SSC1_IRQHandler                          0x1100a137   Thumb Code     0  startup_tle987x.o(.text)
    UART1_IRQHandler                         0x1100a137   Thumb Code     0  startup_tle987x.o(.text)
    __user_initial_stackheap                 0x1100a139   Thumb Code     0  startup_tle987x.o(.text)
    __aeabi_memcpy4                          0x1100a159   Thumb Code     0  rt_memcpy_w.o(.text)
    __aeabi_memcpy8                          0x1100a159   Thumb Code     0  rt_memcpy_w.o(.text)
    __rt_memcpy_w                            0x1100a159   Thumb Code   100  rt_memcpy_w.o(.text)
    _memcpy_lastbytes_aligned                0x1100a1a1   Thumb Code     0  rt_memcpy_w.o(.text)
    __use_two_region_memory                  0x1100a1bd   Thumb Code     2  heapauxi.o(.text)
    __rt_heap_escrow$2region                 0x1100a1bf   Thumb Code     2  heapauxi.o(.text)
    __rt_heap_expand$2region                 0x1100a1c1   Thumb Code     2  heapauxi.o(.text)
    __user_setup_stackheap                   0x1100a1c3   Thumb Code    74  sys_stackheap_outer.o(.text)
    exit                                     0x1100a20d   Thumb Code    18  exit.o(.text)
    __user_libspace                          0x1100a221   Thumb Code     8  libspace.o(.text)
    __user_perproc_libspace                  0x1100a221   Thumb Code     0  libspace.o(.text)
    __user_perthread_libspace                0x1100a221   Thumb Code     0  libspace.o(.text)
    _sys_exit                                0x1100a229   Thumb Code     8  sys_exit.o(.text)
    __I$use$semihosting                      0x1100a235   Thumb Code     0  use_no_semi.o(.text)
    __use_no_semihosting_swi                 0x1100a235   Thumb Code     2  use_no_semi.o(.text)
    __semihosting_library_function           0x1100a237   Thumb Code     0  indicate_semi.o(.text)
    ADC1_Init                                0x1100a239   Thumb Code    92  adc1.o(i.ADC1_Init)
    Address_Line_GND                         0x1100a299   Thumb Code    20  auto_address.o(i.Address_Line_GND)
    Address_Line_Open                        0x1100a2b1   Thumb Code    20  auto_address.o(i.Address_Line_Open)
    Auto_Addressing_Handler                  0x1100a2c9   Thumb Code    82  auto_address.o(i.Auto_Addressing_Handler)
    BDRV_Init                                0x1100a325   Thumb Code    58  bdrv.o(i.BDRV_Init)
    BDRV_Set_Bridge                          0x1100a375   Thumb Code    30  bdrv.o(i.BDRV_Set_Bridge)
    BusFault_Handler                         0x1100a399   Thumb Code     4  isr.o(i.BusFault_Handler)
    CCU6SR0_IRQHandler                       0x1100a39d   Thumb Code    46  isr.o(i.CCU6SR0_IRQHandler)
    CCU6_Init                                0x1100a3d1   Thumb Code   140  ccu6.o(i.CCU6_Init)
    CRC8                                     0x1100a471   Thumb Code    50  commonmc.o(i.CRC8)
    Ccu6_Start                               0x1100a4a5   Thumb Code   110  emoccu.o(i.Ccu6_Start)
    Ccu6_Stop                                0x1100a52d   Thumb Code    38  emoccu.o(i.Ccu6_Stop)
    Data_Received                            0x1100a55d   Thumb Code   234  main.o(i.Data_Received)
    Delay_us                                 0x1100a65d   Thumb Code    64  wdt1.o(i.Delay_us)
    EXINT0_IRQHandler                        0x1100a69d   Thumb Code    56  isr.o(i.EXINT0_IRQHandler)
    EXINT1_IRQHandler                        0x1100a6d5   Thumb Code    56  isr.o(i.EXINT1_IRQHandler)
    EmoCcu_HandleHallEvent                   0x1100a70d   Thumb Code   206  emoccu.o(i.EmoCcu_HandleHallEvent)
    EmoCcu_InitHallPar                       0x1100a801   Thumb Code    18  emoccu.o(i.EmoCcu_InitHallPar)
    EmoCcu_InitHallVar                       0x1100a81d   Thumb Code    18  emoccu.o(i.EmoCcu_InitHallVar)
    Emo_CtrlSpeed                            0x1100a835   Thumb Code   108  emo.o(i.Emo_CtrlSpeed)
    Emo_Init                                 0x1100a8b1   Thumb Code    40  emo.o(i.Emo_Init)
    Emo_SetRefSpeed                          0x1100a8e5   Thumb Code    20  emo.o(i.Emo_SetRefSpeed)
    Emo_StartMotor                           0x1100a901   Thumb Code    54  emo.o(i.Emo_StartMotor)
    Emo_StopMotor                            0x1100a941   Thumb Code    46  emo.o(i.Emo_StopMotor)
    GPT12E_Init                              0x1100a9d9   Thumb Code    44  gpt12e.o(i.GPT12E_Init)
    HardFault_Handler                        0x1100aa09   Thumb Code     4  isr.o(i.HardFault_Handler)
    INT_Init                                 0x1100aa0d   Thumb Code   116  int.o(i.INT_Init)
    Main_HandleSysTick                       0x1100aa91   Thumb Code     4  main.o(i.Main_HandleSysTick)
    MemManage_Handler                        0x1100aac7   Thumb Code     2  isr.o(i.MemManage_Handler)
    PORT_Init                                0x1100ab71   Thumb Code    72  port.o(i.PORT_Init)
    SCU_Init                                 0x1100abbd   Thumb Code    50  scu.o(i.SCU_Init)
    SSC1_Init                                0x1100abf1   Thumb Code    24  ssc.o(i.SSC1_Init)
    SSC2_IRQHandler                          0x1100ac0d   Thumb Code    32  isr.o(i.SSC2_IRQHandler)
    SSC2_Init                                0x1100ac2d   Thumb Code    24  ssc.o(i.SSC2_Init)
    SysTick_Handler                          0x1100ac49   Thumb Code    16  isr.o(i.SysTick_Handler)
    SystemInit                               0x1100ac5d   Thumb Code    36  system_tle987x.o(i.SystemInit)
    TLE_Init                                 0x1100ac91   Thumb Code    42  tle_device.o(i.TLE_Init)
    UART2_IRQHandler                         0x1100acbb   Thumb Code    56  isr.o(i.UART2_IRQHandler)
    UsageFault_Handler                       0x1100acf3   Thumb Code     4  isr.o(i.UsageFault_Handler)
    VAREF_Enable                             0x1100acf9   Thumb Code   138  adc1.o(i.VAREF_Enable)
    WDT1_SOW_Service                         0x1100ad91   Thumb Code    16  wdt1.o(i.WDT1_SOW_Service)
    WDT1_Service                             0x1100ada9   Thumb Code    34  wdt1.o(i.WDT1_Service)
    anErrorOccurred                          0x1100add5   Thumb Code    30  common.o(i.anErrorOccurred)
    changeMode                               0x1100adf5   Thumb Code    44  commonmc.o(i.changeMode)
    changeSingleParameter                    0x1100ae2d   Thumb Code    76  commands.o(i.changeSingleParameter)
    checkCommand                             0x1100ae89   Thumb Code   100  common.o(i.checkCommand)
    checkErrorsMC                            0x1100aef9   Thumb Code    22  commonmc.o(i.checkErrorsMC)
    deselectSlave                            0x1100af11   Thumb Code    22  common.o(i.deselectSlave)
    init_Auto_Addressing                     0x1100af31   Thumb Code    74  auto_address.o(i.init_Auto_Addressing)
    init_emoccucfg                           0x1100af81   Thumb Code   288  commands.o(i.init_emoccucfg)
    isValueInArray                           0x1100b0a5   Thumb Code    26  commonmc.o(i.isValueInArray)
    loadDataset                              0x1100b0d9   Thumb Code   102  commands.o(i.loadDataset)
    main                                     0x1100b165   Thumb Code   338  main.o(i.main)
    saveCurrentDataset                       0x1100b2c9   Thumb Code   162  commands.o(i.saveCurrentDataset)
    selectSlave                              0x1100b38d   Thumb Code    22  common.o(i.selectSlave)
    sendAnswer                               0x1100b3ad   Thumb Code     8  common.o(i.sendAnswer)
    sendPosAnswer                            0x1100b3b9   Thumb Code    10  common.o(i.sendPosAnswer)
    setBoardnr                               0x1100b3c5   Thumb Code   128  common.o(i.setBoardnr)
    startAutoaddressing                      0x1100b449   Thumb Code    14  common.o(i.startAutoaddressing)
    updateDatasetDependencies                0x1100b459   Thumb Code   208  commands.o(i.updateDatasetDependencies)
    __aeabi_dadd                             0x1100b565   Thumb Code     0  daddsub_clz.o(x$fpl$dadd)
    _dadd                                    0x1100b565   Thumb Code   332  daddsub_clz.o(x$fpl$dadd)
    __aeabi_ddiv                             0x1100b6b5   Thumb Code     0  ddiv.o(x$fpl$ddiv)
    _ddiv                                    0x1100b6b5   Thumb Code   552  ddiv.o(x$fpl$ddiv)
    __aeabi_d2uiz                            0x1100b965   Thumb Code     0  dfixu.o(x$fpl$dfixu)
    _dfixu                                   0x1100b965   Thumb Code    90  dfixu.o(x$fpl$dfixu)
    __aeabi_ui2d                             0x1100b9bf   Thumb Code     0  dflt_clz.o(x$fpl$dfltu)
    _dfltu                                   0x1100b9bf   Thumb Code    38  dflt_clz.o(x$fpl$dfltu)
    __aeabi_dmul                             0x1100b9e5   Thumb Code     0  dmul.o(x$fpl$dmul)
    _dmul                                    0x1100b9e5   Thumb Code   332  dmul.o(x$fpl$dmul)
    __fpl_dnaninf                            0x1100bb39   Thumb Code   156  dnaninf.o(x$fpl$dnaninf)
    __fpl_dretinf                            0x1100bbd5   Thumb Code    12  dretinf.o(x$fpl$dretinf)
    __aeabi_dsub                             0x1100bbe1   Thumb Code     0  daddsub_clz.o(x$fpl$dsub)
    _dsub                                    0x1100bbe1   Thumb Code   464  daddsub_clz.o(x$fpl$dsub)
    __aeabi_f2d                              0x1100bdb5   Thumb Code     0  f2d.o(x$fpl$f2d)
    _f2d                                     0x1100bdb5   Thumb Code    86  f2d.o(x$fpl$f2d)
    __aeabi_fdiv                             0x1100be0d   Thumb Code     0  fdiv.o(x$fpl$fdiv)
    _fdiv                                    0x1100be0d   Thumb Code   384  fdiv.o(x$fpl$fdiv)
    __aeabi_f2iz                             0x1100bf91   Thumb Code     0  ffix.o(x$fpl$ffix)
    _ffix                                    0x1100bf91   Thumb Code    54  ffix.o(x$fpl$ffix)
    __aeabi_f2uiz                            0x1100bfc9   Thumb Code     0  ffixu.o(x$fpl$ffixu)
    _ffixu                                   0x1100bfc9   Thumb Code    62  ffixu.o(x$fpl$ffixu)
    __fpl_fnaninf                            0x1100c007   Thumb Code   140  fnaninf.o(x$fpl$fnaninf)
    __fpl_fretinf                            0x1100c093   Thumb Code    10  fretinf.o(x$fpl$fretinf)
    __I$use$fp                               0x1100c09c   Number         0  usenofp.o(x$fpl$usenofp)
    indices_16bit                            0x1100c09c   Data          11  globvas_hall.o(.constdata)
    indices_16bit_size                       0x1100c0a7   Data           1  globvas_hall.o(.constdata)
    USER_CFLASH_WR_PROT_DIS                  0x1100c0a8   Data           4  bootrom.o(.constdata)
    USER_OPENAB                              0x1100c0ac   Data           4  bootrom.o(.constdata)
    USER_PROG                                0x1100c0b0   Data           4  bootrom.o(.constdata)
    USER_ERASEPG                             0x1100c0b4   Data           4  bootrom.o(.constdata)
    Region$$Table$$Base                      0x1100c0b8   Number         0  anon$$obj.o(Region$$Table)
    Region$$Table$$Limit                     0x1100c0d8   Number         0  anon$$obj.o(Region$$Table)
    dataset0                                 0x1100e000   Data          44  emoccu_cfg.o(.ARM.__AT_0x1100E000)
    dataset1                                 0x1100e080   Data          44  emoccu_cfg.o(.ARM.__AT_0x1100E080)
    dataset2                                 0x1100e100   Data          44  emoccu_cfg.o(.ARM.__AT_0x1100E100)
    dataset3                                 0x1100e180   Data          44  emoccu_cfg.o(.ARM.__AT_0x1100E180)
    customdataset0                           0x1101d000   Data          44  emoccu_cfg.o(.ARM.__AT_0x1101D000)
    customdataset1                           0x1101d080   Data          44  emoccu_cfg.o(.ARM.__AT_0x1101D080)
    customdataset2                           0x1101d100   Data          44  emoccu_cfg.o(.ARM.__AT_0x1101D100)
    customdataset3                           0x1101d180   Data          44  emoccu_cfg.o(.ARM.__AT_0x1101D180)
    cmdstate                                 0x18000004   Data           1  main.o(.data)
    errorState                               0x18000014   Data           2  main.o(.data)
    ccu6_t12_freq                            0x18000018   Data           4  globvas_hall.o(.data)
    ccu6_t12_period_sel                      0x1800001c   Data           2  globvas_hall.o(.data)
    pwm_period                               0x18000020   Data           4  globvas_hall.o(.data)
    ccu6_tctr0_bit7                          0x18000024   Data           2  globvas_hall.o(.data)
    ccu6_t12period                           0x18000026   Data           2  globvas_hall.o(.data)
    ccu6_t12pr                               0x18000028   Data           2  globvas_hall.o(.data)
    ccu6_cc60sr                              0x1800002c   Data           4  globvas_hall.o(.data)
    ccu6_cc61sr                              0x18000030   Data           4  globvas_hall.o(.data)
    ccu6_cc62sr                              0x18000034   Data           4  globvas_hall.o(.data)
    Emo_Status                               0x18000038   Data           1  emo.o(.data)
    Emo_Hallpar_Cfg                          0x1800003c   Data          44  emoccu_cfg.o(.data)
    WD_Counter                               0x1800006c   Data           4  wdt1.o(.data)
    rxtxbuffer                               0x18000070   Data          44  globvas_hall.o(.bss)
    AA                                       0x1800009c   Data          14  auto_address.o(.bss)
    Emo_Ctrl                                 0x180000ac   Data          24  emo.o(.bss)
    EmoCcu_HallStatus                        0x180000c4   Data          16  emoccu.o(.bss)
    EmoCcu_Cfg                               0x180000d4   Data          48  emoccu_cfg.o(.bss)
    __libspace_start                         0x18000104   Data          96  libspace.o(.bss)
    __temporary_stack_top$libspace           0x18000164   Data           0  libspace.o(.bss)



==============================================================================

Memory Map of the image

  Image Entry point : 0x1100a081

  Load Region LR_IROM1 (Base: 0x1100a000, Size: 0x0000421c, Max: 0x00005000, ABSOLUTE)

    Execution Region ER_IROM1 (Exec base: 0x1100a000, Load base: 0x1100a000, Size: 0x000041ac, Max: 0x00005000, ABSOLUTE)

    Exec Addr    Load Addr    Size         Type   Attr      Idx    E Section Name        Object

    0x1100a000   0x1100a000   0x00000080   Data   RO         1152    RESET               startup_tle987x.o
    0x1100a080   0x1100a080   0x00000008   Code   RO         1274  * !!!main             c_w.l(__main.o)
    0x1100a088   0x1100a088   0x00000034   Code   RO         1486    !!!scatter          c_w.l(__scatter.o)
    0x1100a0bc   0x1100a0bc   0x0000001a   Code   RO         1488    !!handler_copy      c_w.l(__scatter_copy.o)
    0x1100a0d6   0x1100a0d6   0x00000002   PAD
    0x1100a0d8   0x1100a0d8   0x0000001c   Code   RO         1490    !!handler_zi        c_w.l(__scatter_zi.o)
    0x1100a0f4   0x1100a0f4   0x00000002   Code   RO         1356    .ARM.Collect$$libinit$$00000000  c_w.l(libinit.o)
    0x1100a0f6   0x1100a0f6   0x00000000   Code   RO         1369    .ARM.Collect$$libinit$$00000002  c_w.l(libinit2.o)
    0x1100a0f6   0x1100a0f6   0x00000000   Code   RO         1371    .ARM.Collect$$libinit$$00000004  c_w.l(libinit2.o)
    0x1100a0f6   0x1100a0f6   0x00000000   Code   RO         1374    .ARM.Collect$$libinit$$0000000A  c_w.l(libinit2.o)
    0x1100a0f6   0x1100a0f6   0x00000000   Code   RO         1376    .ARM.Collect$$libinit$$0000000C  c_w.l(libinit2.o)
    0x1100a0f6   0x1100a0f6   0x00000000   Code   RO         1378    .ARM.Collect$$libinit$$0000000E  c_w.l(libinit2.o)
    0x1100a0f6   0x1100a0f6   0x00000000   Code   RO         1381    .ARM.Collect$$libinit$$00000011  c_w.l(libinit2.o)
    0x1100a0f6   0x1100a0f6   0x00000000   Code   RO         1383    .ARM.Collect$$libinit$$00000013  c_w.l(libinit2.o)
    0x1100a0f6   0x1100a0f6   0x00000000   Code   RO         1385    .ARM.Collect$$libinit$$00000015  c_w.l(libinit2.o)
    0x1100a0f6   0x1100a0f6   0x00000000   Code   RO         1387    .ARM.Collect$$libinit$$00000017  c_w.l(libinit2.o)
    0x1100a0f6   0x1100a0f6   0x00000000   Code   RO         1389    .ARM.Collect$$libinit$$00000019  c_w.l(libinit2.o)
    0x1100a0f6   0x1100a0f6   0x00000000   Code   RO         1391    .ARM.Collect$$libinit$$0000001B  c_w.l(libinit2.o)
    0x1100a0f6   0x1100a0f6   0x00000000   Code   RO         1393    .ARM.Collect$$libinit$$0000001D  c_w.l(libinit2.o)
    0x1100a0f6   0x1100a0f6   0x00000000   Code   RO         1395    .ARM.Collect$$libinit$$0000001F  c_w.l(libinit2.o)
    0x1100a0f6   0x1100a0f6   0x00000000   Code   RO         1397    .ARM.Collect$$libinit$$00000021  c_w.l(libinit2.o)
    0x1100a0f6   0x1100a0f6   0x00000000   Code   RO         1399    .ARM.Collect$$libinit$$00000023  c_w.l(libinit2.o)
    0x1100a0f6   0x1100a0f6   0x00000000   Code   RO         1401    .ARM.Collect$$libinit$$00000025  c_w.l(libinit2.o)
    0x1100a0f6   0x1100a0f6   0x00000000   Code   RO         1405    .ARM.Collect$$libinit$$0000002C  c_w.l(libinit2.o)
    0x1100a0f6   0x1100a0f6   0x00000000   Code   RO         1407    .ARM.Collect$$libinit$$0000002E  c_w.l(libinit2.o)
    0x1100a0f6   0x1100a0f6   0x00000000   Code   RO         1409    .ARM.Collect$$libinit$$00000030  c_w.l(libinit2.o)
    0x1100a0f6   0x1100a0f6   0x00000000   Code   RO         1411    .ARM.Collect$$libinit$$00000032  c_w.l(libinit2.o)
    0x1100a0f6   0x1100a0f6   0x00000002   Code   RO         1412    .ARM.Collect$$libinit$$00000033  c_w.l(libinit2.o)
    0x1100a0f8   0x1100a0f8   0x00000002   Code   RO         1443    .ARM.Collect$$libshutdown$$00000000  c_w.l(libshutdown.o)
    0x1100a0fa   0x1100a0fa   0x00000000   Code   RO         1469    .ARM.Collect$$libshutdown$$00000002  c_w.l(libshutdown2.o)
    0x1100a0fa   0x1100a0fa   0x00000000   Code   RO         1471    .ARM.Collect$$libshutdown$$00000004  c_w.l(libshutdown2.o)
    0x1100a0fa   0x1100a0fa   0x00000000   Code   RO         1474    .ARM.Collect$$libshutdown$$00000007  c_w.l(libshutdown2.o)
    0x1100a0fa   0x1100a0fa   0x00000000   Code   RO         1477    .ARM.Collect$$libshutdown$$0000000A  c_w.l(libshutdown2.o)
    0x1100a0fa   0x1100a0fa   0x00000000   Code   RO         1479    .ARM.Collect$$libshutdown$$0000000C  c_w.l(libshutdown2.o)
    0x1100a0fa   0x1100a0fa   0x00000000   Code   RO         1482    .ARM.Collect$$libshutdown$$0000000F  c_w.l(libshutdown2.o)
    0x1100a0fa   0x1100a0fa   0x00000002   Code   RO         1483    .ARM.Collect$$libshutdown$$00000010  c_w.l(libshutdown2.o)
    0x1100a0fc   0x1100a0fc   0x00000000   Code   RO         1312    .ARM.Collect$$rtentry$$00000000  c_w.l(__rtentry.o)
    0x1100a0fc   0x1100a0fc   0x00000000   Code   RO         1327    .ARM.Collect$$rtentry$$00000002  c_w.l(__rtentry2.o)
    0x1100a0fc   0x1100a0fc   0x00000006   Code   RO         1339    .ARM.Collect$$rtentry$$00000004  c_w.l(__rtentry4.o)
    0x1100a102   0x1100a102   0x00000000   Code   RO         1329    .ARM.Collect$$rtentry$$00000009  c_w.l(__rtentry2.o)
    0x1100a102   0x1100a102   0x00000004   Code   RO         1330    .ARM.Collect$$rtentry$$0000000A  c_w.l(__rtentry2.o)
    0x1100a106   0x1100a106   0x00000000   Code   RO         1332    .ARM.Collect$$rtentry$$0000000C  c_w.l(__rtentry2.o)
    0x1100a106   0x1100a106   0x00000008   Code   RO         1333    .ARM.Collect$$rtentry$$0000000D  c_w.l(__rtentry2.o)
    0x1100a10e   0x1100a10e   0x00000002   Code   RO         1360    .ARM.Collect$$rtexit$$00000000  c_w.l(rtexit.o)
    0x1100a110   0x1100a110   0x00000000   Code   RO         1416    .ARM.Collect$$rtexit$$00000002  c_w.l(rtexit2.o)
    0x1100a110   0x1100a110   0x00000004   Code   RO         1417    .ARM.Collect$$rtexit$$00000003  c_w.l(rtexit2.o)
    0x1100a114   0x1100a114   0x00000006   Code   RO         1418    .ARM.Collect$$rtexit$$00000004  c_w.l(rtexit2.o)
    0x1100a11a   0x1100a11a   0x00000002   PAD
    0x1100a11c   0x1100a11c   0x0000003c   Code   RO         1153    .text               startup_tle987x.o
    0x1100a158   0x1100a158   0x00000064   Code   RO         1270    .text               c_w.l(rt_memcpy_w.o)
    0x1100a1bc   0x1100a1bc   0x00000006   Code   RO         1272    .text               c_w.l(heapauxi.o)
    0x1100a1c2   0x1100a1c2   0x0000004a   Code   RO         1343    .text               c_w.l(sys_stackheap_outer.o)
    0x1100a20c   0x1100a20c   0x00000012   Code   RO         1345    .text               c_w.l(exit.o)
    0x1100a21e   0x1100a21e   0x00000002   PAD
    0x1100a220   0x1100a220   0x00000008   Code   RO         1357    .text               c_w.l(libspace.o)
    0x1100a228   0x1100a228   0x0000000c   Code   RO         1413    .text               c_w.l(sys_exit.o)
    0x1100a234   0x1100a234   0x00000002   Code   RO         1432    .text               c_w.l(use_no_semi.o)
    0x1100a236   0x1100a236   0x00000000   Code   RO         1434    .text               c_w.l(indicate_semi.o)
    0x1100a236   0x1100a236   0x00000002   PAD
    0x1100a238   0x1100a238   0x00000060   Code   RO          736    i.ADC1_Init         adc1.o
    0x1100a298   0x1100a298   0x00000018   Code   RO          342    i.Address_Line_GND  auto_address.o
    0x1100a2b0   0x1100a2b0   0x00000018   Code   RO          343    i.Address_Line_Open  auto_address.o
    0x1100a2c8   0x1100a2c8   0x0000005c   Code   RO          344    i.Auto_Addressing_Handler  auto_address.o
    0x1100a324   0x1100a324   0x00000050   Code   RO          768    i.BDRV_Init         bdrv.o
    0x1100a374   0x1100a374   0x00000024   Code   RO          769    i.BDRV_Set_Bridge   bdrv.o
    0x1100a398   0x1100a398   0x00000004   Code   RO          969    i.BusFault_Handler  isr.o
    0x1100a39c   0x1100a39c   0x00000034   Code   RO          970    i.CCU6SR0_IRQHandler  isr.o
    0x1100a3d0   0x1100a3d0   0x000000a0   Code   RO          881    i.CCU6_Init         ccu6.o
    0x1100a470   0x1100a470   0x00000032   Code   RO          487    i.CRC8              commonmc.o
    0x1100a4a2   0x1100a4a2   0x00000002   PAD
    0x1100a4a4   0x1100a4a4   0x00000088   Code   RO          621    i.Ccu6_Start        emoccu.o
    0x1100a52c   0x1100a52c   0x00000030   Code   RO          622    i.Ccu6_Stop         emoccu.o
    0x1100a55c   0x1100a55c   0x00000100   Code   RO            4    i.Data_Received     main.o
    0x1100a65c   0x1100a65c   0x00000040   Code   RO         1215    i.Delay_us          wdt1.o
    0x1100a69c   0x1100a69c   0x00000038   Code   RO          971    i.EXINT0_IRQHandler  isr.o
    0x1100a6d4   0x1100a6d4   0x00000038   Code   RO          972    i.EXINT1_IRQHandler  isr.o
    0x1100a70c   0x1100a70c   0x000000f4   Code   RO          623    i.EmoCcu_HandleHallEvent  emoccu.o
    0x1100a800   0x1100a800   0x0000001c   Code   RO          624    i.EmoCcu_InitHallPar  emoccu.o
    0x1100a81c   0x1100a81c   0x00000018   Code   RO          625    i.EmoCcu_InitHallVar  emoccu.o
    0x1100a834   0x1100a834   0x0000007c   Code   RO          532    i.Emo_CtrlSpeed     emo.o
    0x1100a8b0   0x1100a8b0   0x00000034   Code   RO          534    i.Emo_Init          emo.o
    0x1100a8e4   0x1100a8e4   0x0000001c   Code   RO          535    i.Emo_SetRefSpeed   emo.o
    0x1100a900   0x1100a900   0x00000040   Code   RO          536    i.Emo_StartMotor    emo.o
    0x1100a940   0x1100a940   0x00000034   Code   RO          537    i.Emo_StopMotor     emo.o
    0x1100a974   0x1100a974   0x00000064   Code   RO          538    i.Emo_lInitPar      emo.o
    0x1100a9d8   0x1100a9d8   0x00000030   Code   RO          909    i.GPT12E_Init       gpt12e.o
    0x1100aa08   0x1100aa08   0x00000004   Code   RO          973    i.HardFault_Handler  isr.o
    0x1100aa0c   0x1100aa0c   0x00000084   Code   RO          945    i.INT_Init          int.o
    0x1100aa90   0x1100aa90   0x00000004   Code   RO            5    i.Main_HandleSysTick  main.o
    0x1100aa94   0x1100aa94   0x00000010   Code   RO            6    i.Main_lStopMotor   main.o
    0x1100aaa4   0x1100aaa4   0x00000022   Code   RO          626    i.Mat_ExeSimpleLp   emoccu.o
    0x1100aac6   0x1100aac6   0x00000002   Code   RO          974    i.MemManage_Handler  isr.o
    0x1100aac8   0x1100aac8   0x00000054   Code   RO            7    i.PORT_ChangePin    main.o
    0x1100ab1c   0x1100ab1c   0x00000054   Code   RO          403    i.PORT_ChangePin    common.o
    0x1100ab70   0x1100ab70   0x0000004c   Code   RO         1051    i.PORT_Init         port.o
    0x1100abbc   0x1100abbc   0x00000032   Code   RO         1078    i.SCU_Init          scu.o
    0x1100abee   0x1100abee   0x00000002   PAD
    0x1100abf0   0x1100abf0   0x0000001c   Code   RO         1123    i.SSC1_Init         ssc.o
    0x1100ac0c   0x1100ac0c   0x00000020   Code   RO          975    i.SSC2_IRQHandler   isr.o
    0x1100ac2c   0x1100ac2c   0x0000001c   Code   RO         1124    i.SSC2_Init         ssc.o
    0x1100ac48   0x1100ac48   0x00000014   Code   RO          976    i.SysTick_Handler   isr.o
    0x1100ac5c   0x1100ac5c   0x00000034   Code   RO         1160    i.SystemInit        system_tle987x.o
    0x1100ac90   0x1100ac90   0x0000002a   Code   RO         1187    i.TLE_Init          tle_device.o
    0x1100acba   0x1100acba   0x00000038   Code   RO          977    i.UART2_IRQHandler  isr.o
    0x1100acf2   0x1100acf2   0x00000004   Code   RO          978    i.UsageFault_Handler  isr.o
    0x1100acf6   0x1100acf6   0x00000002   PAD
    0x1100acf8   0x1100acf8   0x00000098   Code   RO          737    i.VAREF_Enable      adc1.o
    0x1100ad90   0x1100ad90   0x00000018   Code   RO         1217    i.WDT1_SOW_Service  wdt1.o
    0x1100ada8   0x1100ada8   0x0000002c   Code   RO         1218    i.WDT1_Service      wdt1.o
    0x1100add4   0x1100add4   0x0000001e   Code   RO          404    i.anErrorOccurred   common.o
    0x1100adf2   0x1100adf2   0x00000002   PAD
    0x1100adf4   0x1100adf4   0x00000038   Code   RO          488    i.changeMode        commonmc.o
    0x1100ae2c   0x1100ae2c   0x0000005c   Code   RO          286    i.changeSingleParameter  commands.o
    0x1100ae88   0x1100ae88   0x00000070   Code   RO          405    i.checkCommand      common.o
    0x1100aef8   0x1100aef8   0x00000016   Code   RO          489    i.checkErrorsMC     commonmc.o
    0x1100af0e   0x1100af0e   0x00000002   PAD
    0x1100af10   0x1100af10   0x00000020   Code   RO          406    i.deselectSlave     common.o
    0x1100af30   0x1100af30   0x00000050   Code   RO          345    i.init_Auto_Addressing  auto_address.o
    0x1100af80   0x1100af80   0x00000124   Code   RO          287    i.init_emoccucfg    commands.o
    0x1100b0a4   0x1100b0a4   0x0000001a   Code   RO          490    i.isValueInArray    commonmc.o
    0x1100b0be   0x1100b0be   0x00000018   Code   RO          407    i.ledHandler        common.o
    0x1100b0d6   0x1100b0d6   0x00000002   PAD
    0x1100b0d8   0x1100b0d8   0x0000008c   Code   RO          288    i.loadDataset       commands.o
    0x1100b164   0x1100b164   0x00000164   Code   RO            8    i.main              main.o
    0x1100b2c8   0x1100b2c8   0x000000c4   Code   RO          289    i.saveCurrentDataset  commands.o
    0x1100b38c   0x1100b38c   0x00000020   Code   RO          408    i.selectSlave       common.o
    0x1100b3ac   0x1100b3ac   0x0000000c   Code   RO          409    i.sendAnswer        common.o
    0x1100b3b8   0x1100b3b8   0x0000000a   Code   RO          410    i.sendPosAnswer     common.o
    0x1100b3c2   0x1100b3c2   0x00000002   PAD
    0x1100b3c4   0x1100b3c4   0x00000084   Code   RO          411    i.setBoardnr        common.o
    0x1100b448   0x1100b448   0x0000000e   Code   RO          412    i.startAutoaddressing  common.o
    0x1100b456   0x1100b456   0x00000002   PAD
    0x1100b458   0x1100b458   0x0000010c   Code   RO          290    i.updateDatasetDependencies  commands.o
    0x1100b564   0x1100b564   0x00000150   Code   RO         1276    x$fpl$dadd          fz_ws.l(daddsub_clz.o)
    0x1100b6b4   0x1100b6b4   0x000002b0   Code   RO         1283    x$fpl$ddiv          fz_ws.l(ddiv.o)
    0x1100b964   0x1100b964   0x0000005a   Code   RO         1286    x$fpl$dfixu         fz_ws.l(dfixu.o)
    0x1100b9be   0x1100b9be   0x00000026   Code   RO         1290    x$fpl$dfltu         fz_ws.l(dflt_clz.o)
    0x1100b9e4   0x1100b9e4   0x00000154   Code   RO         1296    x$fpl$dmul          fz_ws.l(dmul.o)
    0x1100bb38   0x1100bb38   0x0000009c   Code   RO         1317    x$fpl$dnaninf       fz_ws.l(dnaninf.o)
    0x1100bbd4   0x1100bbd4   0x0000000c   Code   RO         1319    x$fpl$dretinf       fz_ws.l(dretinf.o)
    0x1100bbe0   0x1100bbe0   0x000001d4   Code   RO         1278    x$fpl$dsub          fz_ws.l(daddsub_clz.o)
    0x1100bdb4   0x1100bdb4   0x00000056   Code   RO         1298    x$fpl$f2d           fz_ws.l(f2d.o)
    0x1100be0a   0x1100be0a   0x00000002   PAD
    0x1100be0c   0x1100be0c   0x00000184   Code   RO         1301    x$fpl$fdiv          fz_ws.l(fdiv.o)
    0x1100bf90   0x1100bf90   0x00000036   Code   RO         1304    x$fpl$ffix          fz_ws.l(ffix.o)
    0x1100bfc6   0x1100bfc6   0x00000002   PAD
    0x1100bfc8   0x1100bfc8   0x0000003e   Code   RO         1308    x$fpl$ffixu         fz_ws.l(ffixu.o)
    0x1100c006   0x1100c006   0x0000008c   Code   RO         1321    x$fpl$fnaninf       fz_ws.l(fnaninf.o)
    0x1100c092   0x1100c092   0x0000000a   Code   RO         1323    x$fpl$fretinf       fz_ws.l(fretinf.o)
    0x1100c09c   0x1100c09c   0x00000000   Code   RO         1325    x$fpl$usenofp       fz_ws.l(usenofp.o)
    0x1100c09c   0x1100c09c   0x0000000b   Data   RO          202    .constdata          globvas_hall.o
    0x1100c0a7   0x1100c0a7   0x00000001   Data   RO          203    .constdata          globvas_hall.o
    0x1100c0a8   0x1100c0a8   0x00000004   Data   RO          826    .constdata          bootrom.o
    0x1100c0ac   0x1100c0ac   0x00000004   Data   RO          833    .constdata          bootrom.o
    0x1100c0b0   0x1100c0b0   0x00000004   Data   RO          834    .constdata          bootrom.o
    0x1100c0b4   0x1100c0b4   0x00000004   Data   RO          835    .constdata          bootrom.o
    0x1100c0b8   0x1100c0b8   0x00000020   Data   RO         1484    Region$$Table       anon$$obj.o
    0x1100c0d8   0x1100c0d8   0x00001f28   PAD
    0x1100e000   0x1100e000   0x0000002c   Data   RO          695    .ARM.__AT_0x1100E000  emoccu_cfg.o
    0x1100e02c   0x1100e02c   0x00000054   PAD
    0x1100e080   0x1100e080   0x0000002c   Data   RO          696    .ARM.__AT_0x1100E080  emoccu_cfg.o
    0x1100e0ac   0x1100e0ac   0x00000054   PAD
    0x1100e100   0x1100e100   0x0000002c   Data   RO          697    .ARM.__AT_0x1100E100  emoccu_cfg.o
    0x1100e12c   0x1100e12c   0x00000054   PAD
    0x1100e180   0x1100e180   0x0000002c   Data   RO          698    .ARM.__AT_0x1100E180  emoccu_cfg.o


    Execution Region RW_IRAM1 (Exec base: 0x18000000, Load base: 0x1100e1ac, Size: 0x00000368, Max: 0x00001800, ABSOLUTE)

    Exec Addr    Load Addr    Size         Type   Attr      Idx    E Section Name        Object

    0x18000000   0x1100e1ac   0x00000016   Data   RW            9    .data               main.o
    0x18000016   0x1100e1c2   0x00000002   PAD
    0x18000018   0x1100e1c4   0x00000004   Data   RW          204    .data               globvas_hall.o
    0x1800001c   0x1100e1c8   0x00000002   Data   RW          205    .data               globvas_hall.o
    0x1800001e   0x1100e1ca   0x00000002   PAD
    0x18000020   0x1100e1cc   0x00000004   Data   RW          206    .data               globvas_hall.o
    0x18000024   0x1100e1d0   0x00000002   Data   RW          207    .data               globvas_hall.o
    0x18000026   0x1100e1d2   0x00000002   Data   RW          208    .data               globvas_hall.o
    0x18000028   0x1100e1d4   0x00000002   Data   RW          209    .data               globvas_hall.o
    0x1800002a   0x1100e1d6   0x00000002   PAD
    0x1800002c   0x1100e1d8   0x00000004   Data   RW          210    .data               globvas_hall.o
    0x18000030   0x1100e1dc   0x00000004   Data   RW          211    .data               globvas_hall.o
    0x18000034   0x1100e1e0   0x00000004   Data   RW          212    .data               globvas_hall.o
    0x18000038   0x1100e1e4   0x00000001   Data   RW          540    .data               emo.o
    0x18000039   0x1100e1e5   0x00000003   PAD
    0x1800003c   0x1100e1e8   0x0000002c   Data   RW          704    .data               emoccu_cfg.o
    0x18000068   0x1100e214   0x00000008   Data   RW         1220    .data               wdt1.o
    0x18000070        -       0x0000002c   Zero   RW          201    .bss                globvas_hall.o
    0x1800009c        -       0x0000000e   Zero   RW          346    .bss                auto_address.o
    0x180000aa   0x1100e21c   0x00000002   PAD
    0x180000ac        -       0x00000018   Zero   RW          539    .bss                emo.o
    0x180000c4        -       0x00000010   Zero   RW          627    .bss                emoccu.o
    0x180000d4        -       0x00000030   Zero   RW          703    .bss                emoccu_cfg.o
    0x18000104        -       0x00000060   Zero   RW         1358    .bss                c_w.l(libspace.o)
    0x18000164   0x1100e21c   0x00000004   PAD
    0x18000168        -       0x00000000   Zero   RW         1151    HEAP                startup_tle987x.o
    0x18000168        -       0x00000200   Zero   RW         1150    STACK               startup_tle987x.o



  Load Region LR_IROM2 (Base: 0x1101d000, Size: 0x000001ac, Max: 0x00001000, ABSOLUTE)

    Execution Region ER_IROM2 (Exec base: 0x1101d000, Load base: 0x1101d000, Size: 0x000001ac, Max: 0x00001000, ABSOLUTE)

    Exec Addr    Load Addr    Size         Type   Attr      Idx    E Section Name        Object

    0x1101d000   0x1101d000   0x0000002c   Data   RO          699    .ARM.__AT_0x1101D000  emoccu_cfg.o
    0x1101d02c   0x1101d02c   0x00000054   PAD
    0x1101d080   0x1101d080   0x0000002c   Data   RO          700    .ARM.__AT_0x1101D080  emoccu_cfg.o
    0x1101d0ac   0x1101d0ac   0x00000054   PAD
    0x1101d100   0x1101d100   0x0000002c   Data   RO          701    .ARM.__AT_0x1101D100  emoccu_cfg.o
    0x1101d12c   0x1101d12c   0x00000054   PAD
    0x1101d180   0x1101d180   0x0000002c   Data   RO          702    .ARM.__AT_0x1101D180  emoccu_cfg.o


==============================================================================

Image component sizes


      Code (inc. data)   RO Data    RW Data    ZI Data      Debug   Object Name

       248         18          0          0          0       1323   adc1.o
       220         24          0          0         14      14151   auto_address.o
       116         28          0          0          0       2402   bdrv.o
         0          0         16          0          0       2394   bootrom.o
       160         20          0          0          0        596   ccu6.o
       988        152          0          0          0       4364   commands.o
       482         46          0          0          0      33250   common.o
       154         12          0          0          0       3137   commonmc.o
       420         66          0          1         24      26949   emo.o
       514         90          0          0         16      27127   emoccu.o
         0          0        352         44         48       2353   emoccu_cfg.o
         0          0         12         28         44       5348   globvas_hall.o
        48          4          0          0          0        526   gpt12e.o
       132         16          0          0          0        571   int.o
       286         10          0          0          0       6073   isr.o
       716         72          0         22          0      84658   main.o
        76          4          0          0          0        592   port.o
        50          0          0          0          0        531   scu.o
        56          8          0          0          0       1008   ssc.o
        60         22        128          0        512        888   startup_tle987x.o
        52         16          0          0          0        533   system_tle987x.o
        42          0          0          0          0        579   tle_device.o
       132         18          0          8          0       2210   wdt1.o

    ----------------------------------------------------------------------
      4968        626       9020        112        660     221563   Object Totals
         0          0         32          0          0          0   (incl. Generated)
        16          0       8480          9          2          0   (incl. Padding)

    ----------------------------------------------------------------------

      Code (inc. data)   RO Data    RW Data    ZI Data      Debug   Library Member Name

         8          0          0          0          0         68   __main.o
         0          0          0          0          0          0   __rtentry.o
        12          0          0          0          0          0   __rtentry2.o
         6          0          0          0          0          0   __rtentry4.o
        52          8          0          0          0          0   __scatter.o
        26          0          0          0          0          0   __scatter_copy.o
        28          0          0          0          0          0   __scatter_zi.o
        18          0          0          0          0         80   exit.o
         6          0          0          0          0        152   heapauxi.o
         0          0          0          0          0          0   indicate_semi.o
         2          0          0          0          0          0   libinit.o
         2          0          0          0          0          0   libinit2.o
         2          0          0          0          0          0   libshutdown.o
         2          0          0          0          0          0   libshutdown2.o
         8          4          0          0         96         68   libspace.o
       100          0          0          0          0         80   rt_memcpy_w.o
         2          0          0          0          0          0   rtexit.o
        10          0          0          0          0          0   rtexit2.o
        12          4          0          0          0         68   sys_exit.o
        74          0          0          0          0         80   sys_stackheap_outer.o
         2          0          0          0          0         68   use_no_semi.o
       804         16          0          0          0        272   daddsub_clz.o
       688        140          0          0          0        208   ddiv.o
        90          4          0          0          0         92   dfixu.o
        38          0          0          0          0         68   dflt_clz.o
       340         12          0          0          0        104   dmul.o
       156          4          0          0          0         92   dnaninf.o
        12          0          0          0          0         68   dretinf.o
        86          4          0          0          0         84   f2d.o
       388         76          0          0          0         96   fdiv.o
        54          4          0          0          0         84   ffix.o
        62          4          0          0          0         84   ffixu.o
       140          4          0          0          0         84   fnaninf.o
        10          0          0          0          0         68   fretinf.o
         0          0          0          0          0          0   usenofp.o

    ----------------------------------------------------------------------
      3252        284          0          0        100       2068   Library Totals
        12          0          0          0          4          0   (incl. Padding)

    ----------------------------------------------------------------------

      Code (inc. data)   RO Data    RW Data    ZI Data      Debug   Library Name

       372         16          0          0         96        664   c_w.l
      2868        268          0          0          0       1404   fz_ws.l

    ----------------------------------------------------------------------
      3252        284          0          0        100       2068   Library Totals

    ----------------------------------------------------------------------

==============================================================================


      Code (inc. data)   RO Data    RW Data    ZI Data      Debug   

      8220        910       9020        112        760     219519   Grand Totals
      8220        910       9020        112        760     219519   ELF Image Totals
      8220        910       9020        112          0          0   ROM Totals

==============================================================================

    Total RO  Size (Code + RO Data)                17240 (  16.84kB)
    Total RW  Size (RW Data + ZI Data)               872 (   0.85kB)
    Total ROM Size (Code + RO Data + RW Data)      17352 (  16.95kB)

==============================================================================

