Component: ARM Compiler 5.06 update 5 (build 528) Tool: armlink [4d35e2]

==============================================================================

Section Cross References

    main.o(i.BDRV_Diag) refers to emo.o(i.Emo_StopMotor) for Emo_StopMotor
    main.o(i.BDRV_Diag_Supply) refers to emo.o(i.Emo_StopMotor) for Emo_StopMotor
    main.o(i.Data_Received) refers to commonmc.o(i.isValueInArray) for isValueInArray
    main.o(i.Data_Received) refers to main.o(.data) for .data
    main.o(i.Data_Received) refers to globvars_foc.o(.bss) for rxtxbuffer
    main.o(i.Data_Received) refers to globvars_foc.o(.constdata) for indices_16bit_size
    main.o(i.Data_Received) refers to globvars_foc.o(.constdata) for indices_16bit
    main.o(i.main) refers to tle_device.o(i.TLE_Init) for TLE_Init
    main.o(i.main) refers to common.o(i.setBoardnr) for setBoardnr
    main.o(i.main) refers to main.o(i.PORT_ChangePin) for PORT_ChangePin
    main.o(i.main) refers to common.o(i.sendPosAnswer) for sendPosAnswer
    main.o(i.main) refers to rt_memcpy_w.o(.text) for __aeabi_memcpy4
    main.o(i.main) refers to emo.o(i.Emo_SetRefSpeed) for Emo_SetRefSpeed
    main.o(i.main) refers to emo.o(i.Emo_Init) for Emo_Init
    main.o(i.main) refers to wdt1.o(i.WDT1_Service) for WDT1_Service
    main.o(i.main) refers to common.o(i.checkCommand) for checkCommand
    main.o(i.main) refers to commonmc.o(i.changeMode) for changeMode
    main.o(i.main) refers to commands.o(i.loadDataset) for loadDataset
    main.o(i.main) refers to commonmc.o(i.CRC8) for CRC8
    main.o(i.main) refers to emo.o(i.Emo_StopMotor) for Emo_StopMotor
    main.o(i.main) refers to commands.o(i.updateDatasetDependencies) for updateDatasetDependencies
    main.o(i.main) refers to commands.o(i.changeSingleParameter) for changeSingleParameter
    main.o(i.main) refers to commands.o(i.saveCurrentDataset) for saveCurrentDataset
    main.o(i.main) refers to common.o(i.sendAnswer) for sendAnswer
    main.o(i.main) refers to emo.o(i.Emo_StartMotor) for Emo_StartMotor
    main.o(i.main) refers to commonmc.o(i.checkErrorsMC) for checkErrorsMC
    main.o(i.main) refers to emo_cfg.o(.data) for Emo_Focpar_Cfg
    main.o(i.main) refers to globvars_foc.o(.bss) for rxtxbuffer
    main.o(i.main) refers to main.o(.data) for .data
    main.o(i.main) refers to emo.o(.data) for Emo_Status
    commands.o(i.changeSingleParameter) refers to rt_memcpy_w.o(.text) for __aeabi_memcpy4
    commands.o(i.changeSingleParameter) refers to commonmc.o(i.isValueInArray) for isValueInArray
    commands.o(i.changeSingleParameter) refers to commands.o(i.updateDatasetDependencies) for updateDatasetDependencies
    commands.o(i.changeSingleParameter) refers to emo.o(i.Emo_Init) for Emo_Init
    commands.o(i.changeSingleParameter) refers to emo_cfg.o(.data) for Emo_Focpar_Cfg
    commands.o(i.changeSingleParameter) refers to globvars_foc.o(.bss) for rxtxbuffer
    commands.o(i.changeSingleParameter) refers to globvars_foc.o(.constdata) for indices_16bit_size
    commands.o(i.changeSingleParameter) refers to globvars_foc.o(.constdata) for indices_16bit
    commands.o(i.loadDataset) refers to rt_memcpy_w.o(.text) for __aeabi_memcpy4
    commands.o(i.loadDataset) refers to commands.o(i.updateDatasetDependencies) for updateDatasetDependencies
    commands.o(i.loadDataset) refers to emo.o(i.Emo_Init) for Emo_Init
    commands.o(i.loadDataset) refers to emo_cfg.o(.ARM.__AT_0x11017000) for dataset0
    commands.o(i.loadDataset) refers to emo_cfg.o(.ARM.__AT_0x11017080) for dataset1
    commands.o(i.loadDataset) refers to emo_cfg.o(.data) for Emo_Focpar_Cfg
    commands.o(i.loadDataset) refers to emo_cfg.o(.ARM.__AT_0x11017100) for dataset2
    commands.o(i.loadDataset) refers to emo_cfg.o(.ARM.__AT_0x11017180) for dataset3
    commands.o(i.loadDataset) refers to emo_cfg.o(.ARM.__AT_0x1101E000) for customdataset0
    commands.o(i.loadDataset) refers to emo_cfg.o(.ARM.__AT_0x1101E080) for customdataset1
    commands.o(i.loadDataset) refers to emo_cfg.o(.ARM.__AT_0x1101E100) for customdataset2
    commands.o(i.loadDataset) refers to emo_cfg.o(.ARM.__AT_0x1101E180) for customdataset3
    commands.o(i.saveCurrentDataset) refers to rt_memcpy_w.o(.text) for __aeabi_memcpy4
    commands.o(i.saveCurrentDataset) refers to commonmc.o(i.CRC8) for CRC8
    commands.o(i.saveCurrentDataset) refers to wdt1.o(i.WDT1_SOW_Service) for WDT1_SOW_Service
    commands.o(i.saveCurrentDataset) refers to wdt1.o(i.WDT1_Service) for WDT1_Service
    commands.o(i.saveCurrentDataset) refers to globvars_foc.o(.bss) for rxtxbuffer
    commands.o(i.saveCurrentDataset) refers to emo_cfg.o(.data) for Emo_Focpar_Cfg
    commands.o(i.saveCurrentDataset) refers to bootrom.o(.constdata) for USER_CFLASH_WR_PROT_DIS
    commands.o(i.saveCurrentDataset) refers to bootrom.o(.constdata) for USER_ERASEPG
    commands.o(i.saveCurrentDataset) refers to bootrom.o(.constdata) for USER_OPENAB
[...]
    ../clib/angel/sysapp.c                   0x00000000   Number         0  sys_exit.o ABSOLUTE
    ../clib/angel/sysapp.c                   0x00000000   Number         0  sys_wrch.o ABSOLUTE
    ../clib/angel/sysapp.c                   0x00000000   Number         0  sys_command.o ABSOLUTE
    ../clib/armsys.c                         0x00000000   Number         0  argv_veneer.o ABSOLUTE
    ../clib/armsys.c                         0x00000000   Number         0  argv_veneer.o ABSOLUTE
    ../clib/armsys.c                         0x00000000   Number         0  _get_argv_nomalloc.o ABSOLUTE
    ../clib/armsys.c                         0x00000000   Number         0  no_argv.o ABSOLUTE
    ../clib/heapalloc.c                      0x00000000   Number         0  hrguard.o ABSOLUTE
    ../clib/heapaux.c                        0x00000000   Number         0  heapauxi.o ABSOLUTE
    ../clib/libinit.s                        0x00000000   Number         0  libinit.o ABSOLUTE
    ../clib/libinit.s                        0x00000000   Number         0  libshutdown2.o ABSOLUTE
    ../clib/libinit.s                        0x00000000   Number         0  libshutdown.o ABSOLUTE
    ../clib/libinit.s                        0x00000000   Number         0  libinit2.o ABSOLUTE
    ../clib/longlong.s                       0x00000000   Number         0  lludivv7m.o ABSOLUTE
    ../clib/memcpset.s                       0x00000000   Number         0  rt_memcpy_w.o ABSOLUTE
    ../clib/signal.c                         0x00000000   Number         0  defsig_other.o ABSOLUTE
    ../clib/signal.c                         0x00000000   Number         0  defsig_fpe_outer.o ABSOLUTE
    ../clib/signal.c                         0x00000000   Number         0  defsig_exit.o ABSOLUTE
    ../clib/signal.c                         0x00000000   Number         0  defsig_segv_inner.o ABSOLUTE
    ../clib/signal.c                         0x00000000   Number         0  defsig_cppl_inner.o ABSOLUTE
    ../clib/signal.c                         0x00000000   Number         0  defsig_pvfn_inner.o ABSOLUTE
    ../clib/signal.c                         0x00000000   Number         0  defsig_stak_inner.o ABSOLUTE
    ../clib/signal.c                         0x00000000   Number         0  defsig_rtmem_formal.o ABSOLUTE
    ../clib/signal.c                         0x00000000   Number         0  defsig_rtmem_outer.o ABSOLUTE
    ../clib/signal.c                         0x00000000   Number         0  defsig_rtmem_inner.o ABSOLUTE
    ../clib/signal.c                         0x00000000   Number         0  defsig_rtred_inner.o ABSOLUTE
    ../clib/signal.c                         0x00000000   Number         0  defsig_abrt_inner.o ABSOLUTE
    ../clib/signal.c                         0x00000000   Number         0  defsig_general.o ABSOLUTE
    ../clib/signal.c                         0x00000000   Number         0  __raise.o ABSOLUTE
    ../clib/signal.c                         0x00000000   Number         0  defsig_fpe_inner.o ABSOLUTE
    ../clib/signal.c                         0x00000000   Number         0  defsig_fpe_formal.o ABSOLUTE
    ../clib/signal.s                         0x00000000   Number         0  defsig.o ABSOLUTE
    ../clib/stdlib.c                         0x00000000   Number         0  exit.o ABSOLUTE
    ../clib/stdlib.c                         0x00000000   Number         0  abs.o ABSOLUTE
    ../fplib/d2f.s                           0x00000000   Number         0  d2f.o ABSOLUTE
    ../fplib/daddsub.s                       0x00000000   Number         0  daddsub_clz.o ABSOLUTE
    ../fplib/dcheck1.s                       0x00000000   Number         0  dcheck1.o ABSOLUTE
    ../fplib/ddiv.s                          0x00000000   Number         0  ddiv.o ABSOLUTE
    ../fplib/dfix.s                          0x00000000   Number         0  dfix.o ABSOLUTE
    ../fplib/dfixu.s                         0x00000000   Number         0  dfixu.o ABSOLUTE
    ../fplib/dflt.s                          0x00000000   Number         0  dflt_clz.o ABSOLUTE
    ../fplib/dmul.s                          0x00000000   Number         0  dmul.o ABSOLUTE
    ../fplib/dnaninf.s                       0x00000000   Number         0  dnaninf.o ABSOLUTE
    ../fplib/dretinf.s                       0x00000000   Number         0  dretinf.o ABSOLUTE
    ../fplib/f2d.s                           0x00000000   Number         0  f2d.o ABSOLUTE
    ../fplib/fcheck1.s                       0x00000000   Number         0  fcheck1.o ABSOLUTE
    ../fplib/fdiv.s                          0x00000000   Number         0  fdiv.o ABSOLUTE
    ../fplib/ffix.s                          0x00000000   Number         0  ffix.o ABSOLUTE
    ../fplib/ffixu.s                         0x00000000   Number         0  ffixu.o ABSOLUTE
    ../fplib/fflt.s                          0x00000000   Number         0  fflt_clz.o ABSOLUTE
    ../fplib/fmul.s                          0x00000000   Number         0  fmul.o ABSOLUTE
    ../fplib/fnaninf.s                       0x00000000   Number         0  fnaninf.o ABSOLUTE
    ../fplib/fpinit.s                        0x00000000   Number         0  fpinit.o ABSOLUTE
    ../fplib/fretinf.s                       0x00000000   Number         0  fretinf.o ABSOLUTE
    ../fplib/retnan.s                        0x00000000   Number         0  retnan.o ABSOLUTE
    ../fplib/scalbn.s                        0x00000000   Number         0  scalbn.o ABSOLUTE
    ../fplib/scalbnf.s                       0x00000000   Number         0  scalbnf.o ABSOLUTE
    ../fplib/trapv.s                         0x00000000   Number         0  trapv.o ABSOLUTE
    ../fplib/usenofp.s                       0x00000000   Number         0  usenofp.o ABSOLUTE
    ..\\auto_address.c                       0x00000000   Number         0  auto_address.o ABSOLUTE
    ..\\common.c                             0x00000000   Number         0  common.o ABSOLUTE
    ..\\commonMC.c                           0x00000000   Number         0  commonmc.o ABSOLUTE
    ..\auto_address.c                        0x00000000   Number         0  auto_address.o ABSOLUTE
    ..\common.c                              0x00000000   Number         0  common.o ABSOLUTE
    ..\commonMC.c                            0x00000000   Number         0  commonmc.o ABSOLUTE
    RTE\Device\TLE9879QXA40\adc1.c           0x00000000   Number         0  adc1.o ABSOLUTE
    RTE\Device\TLE9879QXA40\adc2.c           0x00000000   Number         0  adc2.o ABSOLUTE
    RTE\Device\TLE9879QXA40\bdrv.c           0x00000000   Number         0  bdrv.o ABSOLUTE
    RTE\Device\TLE9879QXA40\bootrom.c        0x00000000   Number         0  bootrom.o ABSOLUTE
    RTE\Device\TLE9879QXA40\ccu6.c           0x00000000   Number         0  ccu6.o ABSOLUTE
    RTE\Device\TLE9879QXA40\csa.c            0x00000000   Number         0  csa.o ABSOLUTE
    RTE\Device\TLE9879QXA40\gpt12e.c         0x00000000   Number         0  gpt12e.o ABSOLUTE
    RTE\Device\TLE9879QXA40\int.c            0x00000000   Number         0  int.o ABSOLUTE
    RTE\Device\TLE9879QXA40\isr.c            0x00000000   Number         0  isr.o ABSOLUTE
    RTE\Device\TLE9879QXA40\mon.c            0x00000000   Number         0  mon.o ABSOLUTE
    RTE\Device\TLE9879QXA40\port.c           0x00000000   Number         0  port.o ABSOLUTE
    RTE\Device\TLE9879QXA40\scu.c            0x00000000   Number         0  scu.o ABSOLUTE
    RTE\Device\TLE9879QXA40\ssc.c            0x00000000   Number         0  ssc.o ABSOLUTE
    RTE\Device\TLE9879QXA40\system_tle987x.c 0x00000000   Number         0  system_tle987x.o ABSOLUTE
    RTE\Device\TLE9879QXA40\tle_device.c     0x00000000   Number         0  tle_device.o ABSOLUTE
    RTE\Device\TLE9879QXA40\wdt1.c           0x00000000   Number         0  wdt1.o ABSOLUTE
    RTE\\Device\\TLE9879QXA40\\adc1.c        0x00000000   Number         0  adc1.o ABSOLUTE
    RTE\\Device\\TLE9879QXA40\\adc2.c        0x00000000   Number         0  adc2.o ABSOLUTE
    RTE\\Device\\TLE9879QXA40\\bdrv.c        0x00000000   Number         0  bdrv.o ABSOLUTE
    RTE\\Device\\TLE9879QXA40\\bootrom.c     0x00000000   Number         0  bootrom.o ABSOLUTE
    RTE\\Device\\TLE9879QXA40\\ccu6.c        0x00000000   Number         0  ccu6.o ABSOLUTE
    RTE\\Device\\TLE9879QXA40\\csa.c         0x00000000   Number         0  csa.o ABSOLUTE
    RTE\\Device\\TLE9879QXA40\\gpt12e.c      0x00000000   Number         0  gpt12e.o ABSOLUTE
    RTE\\Device\\TLE9879QXA40\\int.c         0x00000000   Number         0  int.o ABSOLUTE
    RTE\\Device\\TLE9879QXA40\\isr.c         0x00000000   Number         0  isr.o ABSOLUTE
    RTE\\Device\\TLE9879QXA40\\mon.c         0x00000000   Number         0  mon.o ABSOLUTE
    RTE\\Device\\TLE9879QXA40\\port.c        0x00000000   Number         0  port.o ABSOLUTE
    RTE\\Device\\TLE9879QXA40\\scu.c         0x00000000   Number         0  scu.o ABSOLUTE
    RTE\\Device\\TLE9879QXA40\\ssc.c         0x00000000   Number         0  ssc.o ABSOLUTE
    RTE\\Device\\TLE9879QXA40\\startup_tle987x.s 0x00000000   Number         0  startup_tle987x.o ABSOLUTE
    RTE\\Device\\TLE9879QXA40\\system_tle987x.c 0x00000000   Number         0  system_tle987x.o ABSOLUTE
    RTE\\Device\\TLE9879QXA40\\tle_device.c  0x00000000   Number         0  tle_device.o ABSOLUTE
    RTE\\Device\\TLE9879QXA40\\wdt1.c        0x00000000   Number         0  wdt1.o ABSOLUTE
    app\Main.c                               0x00000000   Number         0  main.o ABSOLUTE
    app\\Main.c                              0x00000000   Number         0  main.o ABSOLUTE
    app\\commands.c                          0x00000000   Number         0  commands.o ABSOLUTE
    app\\globvars_FOC.c                      0x00000000   Number         0  globvars_foc.o ABSOLUTE
    app\commands.c                           0x00000000   Number         0  commands.o ABSOLUTE
    app\globvars_FOC.c                       0x00000000   Number         0  globvars_foc.o ABSOLUTE
    dc.s                                     0x00000000   Number         0  dc.o ABSOLUTE
    emo\Emo.c                                0x00000000   Number         0  emo.o ABSOLUTE
    emo\Emo_RAM.c                            0x00000000   Number         0  emo_ram.o ABSOLUTE
    emo\Emo_cfg.c                            0x00000000   Number         0  emo_cfg.o ABSOLUTE
    emo\Table.c                              0x00000000   Number         0  table.o ABSOLUTE
    emo\\Emo.c                               0x00000000   Number         0  emo.o ABSOLUTE
    emo\\Emo_RAM.c                           0x00000000   Number         0  emo_ram.o ABSOLUTE
    emo\\Emo_cfg.c                           0x00000000   Number         0  emo_cfg.o ABSOLUTE
    emo\\Table.c                             0x00000000   Number         0  table.o ABSOLUTE
    RESET                                    0x11010000   Section      128  startup_tle987x.o(RESET)
    !!!main                                  0x11010080   Section        8  __main.o(!!!main)
    !!!scatter                               0x11010088   Section       52  __scatter.o(!!!scatter)
    !!handler_copy                           0x110100bc   Section       26  __scatter_copy.o(!!handler_copy)
    !!handler_zi                             0x110100d8   Section       28  __scatter_zi.o(!!handler_zi)
    .ARM.Collect$$libinit$$00000000          0x110100f4   Section        2  libinit.o(.ARM.Collect$$libinit$$00000000)
    .ARM.Collect$$libinit$$00000002          0x110100f6   Section        0  libinit2.o(.ARM.Collect$$libinit$$00000002)
    .ARM.Collect$$libinit$$00000004          0x110100f6   Section        0  libinit2.o(.ARM.Collect$$libinit$$00000004)
    .ARM.Collect$$libinit$$0000000A          0x110100f6   Section        0  libinit2.o(.ARM.Collect$$libinit$$0000000A)
    .ARM.Collect$$libinit$$0000000C          0x110100f6   Section        0  libinit2.o(.ARM.Collect$$libinit$$0000000C)
    .ARM.Collect$$libinit$$0000000E          0x110100f6   Section        0  libinit2.o(.ARM.Collect$$libinit$$0000000E)
    .ARM.Collect$$libinit$$00000011          0x110100f6   Section        0  libinit2.o(.ARM.Collect$$libinit$$00000011)
    .ARM.Collect$$libinit$$00000013          0x110100f6   Section        0  libinit2.o(.ARM.Collect$$libinit$$00000013)
    .ARM.Collect$$libinit$$00000015          0x110100f6   Section        0  libinit2.o(.ARM.Collect$$libinit$$00000015)
    .ARM.Collect$$libinit$$00000017          0x110100f6   Section        0  libinit2.o(.ARM.Collect$$libinit$$00000017)
    .ARM.Collect$$libinit$$00000019          0x110100f6   Section        0  libinit2.o(.ARM.Collect$$libinit$$00000019)
    .ARM.Collect$$libinit$$0000001B          0x110100f6   Section        0  libinit2.o(.ARM.Collect$$libinit$$0000001B)
    .ARM.Collect$$libinit$$0000001D          0x110100f6   Section        0  libinit2.o(.ARM.Collect$$libinit$$0000001D)
    .ARM.Collect$$libinit$$0000001F          0x110100f6   Section        0  libinit2.o(.ARM.Collect$$libinit$$0000001F)
    .ARM.Collect$$libinit$$00000021          0x110100f6   Section        0  libinit2.o(.ARM.Collect$$libinit$$00000021)
    .ARM.Collect$$libinit$$00000023          0x110100f6   Section        0  libinit2.o(.ARM.Collect$$libinit$$00000023)
    .ARM.Collect$$libinit$$00000025          0x110100f6   Section        0  libinit2.o(.ARM.Collect$$libinit$$00000025)
    .ARM.Collect$$libinit$$0000002C          0x110100f6   Section        0  libinit2.o(.ARM.Collect$$libinit$$0000002C)
    .ARM.Collect$$libinit$$0000002E          0x110100f6   Section        0  libinit2.o(.ARM.Collect$$libinit$$0000002E)
    .ARM.Collect$$libinit$$00000030          0x110100f6   Section        0  libinit2.o(.ARM.Collect$$libinit$$00000030)
    .ARM.Collect$$libinit$$00000032          0x110100f6   Section        0  libinit2.o(.ARM.Collect$$libinit$$00000032)
    .ARM.Collect$$libinit$$00000033          0x110100f6   Section        2  libinit2.o(.ARM.Collect$$libinit$$00000033)
    .ARM.Collect$$libshutdown$$00000000      0x110100f8   Section        2  libshutdown.o(.ARM.Collect$$libshutdown$$00000000)
    .ARM.Collect$$libshutdown$$00000002      0x110100fa   Section        0  libshutdown2.o(.ARM.Collect$$libshutdown$$00000002)
    .ARM.Collect$$libshutdown$$00000004      0x110100fa   Section        0  libshutdown2.o(.ARM.Collect$$libshutdown$$00000004)
    .ARM.Collect$$libshutdown$$00000007      0x110100fa   Section        0  libshutdown2.o(.ARM.Collect$$libshutdown$$00000007)
    .ARM.Collect$$libshutdown$$0000000A      0x110100fa   Section        0  libshutdown2.o(.ARM.Collect$$libshutdown$$0000000A)
    .ARM.Collect$$libshutdown$$0000000C      0x110100fa   Section        0  libshutdown2.o(.ARM.Collect$$libshutdown$$0000000C)
    .ARM.Collect$$libshutdown$$0000000F      0x110100fa   Section        0  libshutdown2.o(.ARM.Collect$$libshutdown$$0000000F)
    .ARM.Collect$$libshutdown$$00000010      0x110100fa   Section        2  libshutdown2.o(.ARM.Collect$$libshutdown$$00000010)
    .ARM.Collect$$rtentry$$00000000          0x110100fc   Section        0  __rtentry.o(.ARM.Collect$$rtentry$$00000000)
    .ARM.Collect$$rtentry$$00000002          0x110100fc   Section        0  __rtentry2.o(.ARM.Collect$$rtentry$$00000002)
    .ARM.Collect$$rtentry$$00000004          0x110100fc   Section        6  __rtentry4.o(.ARM.Collect$$rtentry$$00000004)
    .ARM.Collect$$rtentry$$00000009          0x11010102   Section        0  __rtentry2.o(.ARM.Collect$$rtentry$$00000009)
    .ARM.Collect$$rtentry$$0000000A          0x11010102   Section        4  __rtentry2.o(.ARM.Collect$$rtentry$$0000000A)
    .ARM.Collect$$rtentry$$0000000C          0x11010106   Section        0  __rtentry2.o(.ARM.Collect$$rtentry$$0000000C)
    .ARM.Collect$$rtentry$$0000000D          0x11010106   Section        8  __rtentry2.o(.ARM.Collect$$rtentry$$0000000D)
    .ARM.Collect$$rtexit$$00000000           0x1101010e   Section        2  rtexit.o(.ARM.Collect$$rtexit$$00000000)
    .ARM.Collect$$rtexit$$00000002           0x11010110   Section        0  rtexit2.o(.ARM.Collect$$rtexit$$00000002)
    .ARM.Collect$$rtexit$$00000003           0x11010110   Section        4  rtexit2.o(.ARM.Collect$$rtexit$$00000003)
    .ARM.Collect$$rtexit$$00000004           0x11010114   Section        6  rtexit2.o(.ARM.Collect$$rtexit$$00000004)
    .text                                    0x1101011c   Section       60  startup_tle987x.o(.text)
    .text                                    0x11010158   Section        0  abs.o(.text)
    .text                                    0x11010160   Section      100  rt_memcpy_w.o(.text)
    .text                                    0x110101c4   Section        0  heapauxi.o(.text)
    .text                                    0x110101ca   Section       74  sys_stackheap_outer.o(.text)
    .text                                    0x11010214   Section        0  exit.o(.text)
    .text                                    0x11010228   Section        8  libspace.o(.text)
    .text                                    0x11010230   Section        0  sys_exit.o(.text)
    .text                                    0x1101023c   Section        2  use_no_semi.o(.text)
    .text                                    0x1101023e   Section        0  indicate_semi.o(.text)
    i.ADC1_IRQHandler                        0x1101025c   Section        0  isr.o(i.ADC1_IRQHandler)
    i.ADC1_Init                              0x1101027c   Section        0  adc1.o(i.ADC1_Init)
    i.ADC1_SetMode                           0x110102f0   Section        0  emo.o(i.ADC1_SetMode)
    ADC1_SetMode                             0x110102f1   Thumb Code    14  emo.o(i.ADC1_SetMode)
    i.ADC2_Init                              0x11010300   Section        0  adc2.o(i.ADC2_Init)
    i.Address_Line_GND                       0x11010354   Section        0  auto_address.o(i.Address_Line_GND)
    i.Address_Line_Open                      0x1101036c   Section        0  auto_address.o(i.Address_Line_Open)
    i.Auto_Addressing_Handler                0x11010384   Section        0  auto_address.o(i.Auto_Addressing_Handler)
    i.BDRV_Diag                              0x110103e0   Section        0  main.o(i.BDRV_Diag)
    i.BDRV_Diag_Supply                       0x110103e4   Section        0  main.o(i.BDRV_Diag_Supply)
    i.BDRV_IRQHandler                        0x110103e8   Section        0  isr.o(i.BDRV_IRQHandler)
    i.BDRV_Init                              0x1101048c   Section        0  bdrv.o(i.BDRV_Init)
    i.BDRV_Set_Bridge                        0x110104dc   Section        0  bdrv.o(i.BDRV_Set_Bridge)
    i.BusFault_Handler                       0x11010500   Section        0  isr.o(i.BusFault_Handler)
    i.CCU6SR1_IRQHandler                     0x11010504   Section        0  isr.o(i.CCU6SR1_IRQHandler)
    i.CCU6_Init                              0x11010550   Section        0  ccu6.o(i.CCU6_Init)
    i.CRC8                                   0x110105cc   Section        0  commonmc.o(i.CRC8)
    i.CSA_Init                               0x11010600   Section        0  csa.o(i.CSA_Init)
    i.CSA_Set_Gain                           0x11010614   Section        0  emo.o(i.CSA_Set_Gain)
    CSA_Set_Gain                             0x11010615   Thumb Code    12  emo.o(i.CSA_Set_Gain)
    i.Data_Received                          0x11010624   Section        0  main.o(i.Data_Received)
    i.Delay_us                               0x11010724   Section        0  wdt1.o(i.Delay_us)
    i.EXINT0_IRQHandler                      0x11010764   Section        0  isr.o(i.EXINT0_IRQHandler)
    i.EXINT1_IRQHandler                      0x1101079c   Section        0  isr.o(i.EXINT1_IRQHandler)
    i.Emo_HandleT2Overflow                   0x110107d4   Section        0  emo.o(i.Emo_HandleT2Overflow)
    i.Emo_Init                               0x110109b4   Section        0  emo.o(i.Emo_Init)
    i.Emo_SetRefSpeed                        0x110109e0   Section        0  emo.o(i.Emo_SetRefSpeed)
    i.Emo_StartMotor                         0x110109ec   Section        0  emo.o(i.Emo_StartMotor)
    i.Emo_StopMotor                          0x11010a28   Section        0  emo.o(i.Emo_StopMotor)
    i.Emo_lInitFocPar                        0x11010a64   Section        0  emo.o(i.Emo_lInitFocPar)
    i.Emo_lInitFocVar                        0x110112c4   Section        0  emo.o(i.Emo_lInitFocVar)
    i.GPT12E_Init                            0x11011344   Section        0  gpt12e.o(i.GPT12E_Init)
    i.GPT1_IRQHandler                        0x11011378   Section        0  isr.o(i.GPT1_IRQHandler)
    i.GPT1_T2_Handler                        0x1101139c   Section        0  emo.o(i.GPT1_T2_Handler)
    i.HardFault_Handler                      0x110113b0   Section        0  isr.o(i.HardFault_Handler)
    i.INT_Init                               0x110113b4   Section        0  int.o(i.INT_Init)
    i.MON_Init                               0x1101143c   Section        0  mon.o(i.MON_Init)
    i.Mat_ExeLp_without_min_max              0x1101144c   Section        0  emo.o(i.Mat_ExeLp_without_min_max)
    Mat_ExeLp_without_min_max                0x1101144d   Thumb Code    32  emo.o(i.Mat_ExeLp_without_min_max)
    i.MemManage_Handler                      0x1101146c   Section        0  isr.o(i.MemManage_Handler)
    i.PORT_ChangePin                         0x11011470   Section        0  main.o(i.PORT_ChangePin)
    PORT_ChangePin                           0x11011471   Thumb Code    78  main.o(i.PORT_ChangePin)
    i.PORT_ChangePin                         0x110114c4   Section        0  common.o(i.PORT_ChangePin)
    PORT_ChangePin                           0x110114c5   Thumb Code    78  common.o(i.PORT_ChangePin)
    i.PORT_Init                              0x11011518   Section        0  port.o(i.PORT_Init)
    i.SCU_Init                               0x11011560   Section        0  scu.o(i.SCU_Init)
    i.SSC1_Init                              0x11011594   Section        0  ssc.o(i.SSC1_Init)
    i.SSC2_IRQHandler                        0x110115b0   Section        0  isr.o(i.SSC2_IRQHandler)
    i.SSC2_Init                              0x110115d0   Section        0  ssc.o(i.SSC2_Init)
    i.SysTick_Handler                        0x110115ec   Section        0  isr.o(i.SysTick_Handler)
    i.SystemInit                             0x110115fc   Section        0  system_tle987x.o(i.SystemInit)
    i.TLE_Init                               0x11011630   Section        0  tle_device.o(i.TLE_Init)
    i.UART2_IRQHandler                       0x11011666   Section        0  isr.o(i.UART2_IRQHandler)
    i.UsageFault_Handler                     0x1101169e   Section        0  isr.o(i.UsageFault_Handler)
    i.VAREF_Enable                           0x110116a0   Section        0  adc1.o(i.VAREF_Enable)
    i.WDT1_SOW_Service                       0x11011738   Section        0  wdt1.o(i.WDT1_SOW_Service)
    i.WDT1_Service                           0x11011750   Section        0  wdt1.o(i.WDT1_Service)
    i.changeMode                             0x1101177c   Section        0  commonmc.o(i.changeMode)
    i.changeSingleParameter                  0x110117b4   Section        0  commands.o(i.changeSingleParameter)
    i.checkCommand                           0x11011810   Section        0  common.o(i.checkCommand)
    i.checkErrorsMC                          0x11011880   Section        0  commonmc.o(i.checkErrorsMC)
    i.deselectSlave                          0x11011898   Section        0  common.o(i.deselectSlave)
    i.init_Auto_Addressing                   0x110118b8   Section        0  auto_address.o(i.init_Auto_Addressing)
    i.isValueInArray                         0x11011908   Section        0  commonmc.o(i.isValueInArray)
    i.ledHandler                             0x11011922   Section        0  common.o(i.ledHandler)
    ledHandler                               0x11011923   Thumb Code    24  common.o(i.ledHandler)
    i.loadDataset                            0x1101193c   Section        0  commands.o(i.loadDataset)
    i.main                                   0x110119c8   Section        0  main.o(i.main)
    i.saveCurrentDataset                     0x11011b24   Section        0  commands.o(i.saveCurrentDataset)
    i.selectSlave                            0x11011bec   Section        0  common.o(i.selectSlave)
    i.sendAnswer                             0x11011c0c   Section        0  common.o(i.sendAnswer)
    i.sendPosAnswer                          0x11011c18   Section        0  common.o(i.sendPosAnswer)
    i.setBoardnr                             0x11011c24   Section        0  common.o(i.setBoardnr)
    i.startAutoaddressing                    0x11011ca8   Section        0  common.o(i.startAutoaddressing)
    i.updateDatasetDependencies              0x11011cb8   Section        0  commands.o(i.updateDatasetDependencies)
    x$fpl$d2f                                0x11011d64   Section       98  d2f.o(x$fpl$d2f)
    x$fpl$dadd                               0x11011dc8   Section      336  daddsub_clz.o(x$fpl$dadd)
    _dadd1                                   0x11011dd9   Thumb Code     0  daddsub_clz.o(x$fpl$dadd)
    x$fpl$dcheck1                            0x11011f18   Section       16  dcheck1.o(x$fpl$dcheck1)
    x$fpl$ddiv                               0x11011f28   Section      688  ddiv.o(x$fpl$ddiv)
    ddiv_entry                               0x11011f2f   Thumb Code     0  ddiv.o(x$fpl$ddiv)
    x$fpl$dfix                               0x110121d8   Section       94  dfix.o(x$fpl$dfix)
    x$fpl$dfixu                              0x11012238   Section       90  dfixu.o(x$fpl$dfixu)
    x$fpl$dfltu                              0x11012292   Section       38  dflt_clz.o(x$fpl$dfltu)
    x$fpl$dmul                               0x110122b8   Section      340  dmul.o(x$fpl$dmul)
    x$fpl$dnaninf                            0x1101240c   Section      156  dnaninf.o(x$fpl$dnaninf)
    x$fpl$dretinf                            0x110124a8   Section       12  dretinf.o(x$fpl$dretinf)
    x$fpl$dsub                               0x110124b4   Section      468  daddsub_clz.o(x$fpl$dsub)
    _dsub1                                   0x110124c5   Thumb Code     0  daddsub_clz.o(x$fpl$dsub)
    x$fpl$f2d                                0x11012688   Section       86  f2d.o(x$fpl$f2d)
    x$fpl$fcheck1                            0x110126e0   Section       12  fcheck1.o(x$fpl$fcheck1)
    x$fpl$fdiv                               0x110126ec   Section      388  fdiv.o(x$fpl$fdiv)
    _fdiv1                                   0x110126ed   Thumb Code     0  fdiv.o(x$fpl$fdiv)
    x$fpl$ffix                               0x11012870   Section       54  ffix.o(x$fpl$ffix)
    x$fpl$ffixu                              0x110128a8   Section       62  ffixu.o(x$fpl$ffixu)
    x$fpl$ffltu                              0x110128e8   Section       38  fflt_clz.o(x$fpl$ffltu)
    x$fpl$fmul                               0x11012910   Section      258  fmul.o(x$fpl$fmul)
    x$fpl$fnaninf                            0x11012a12   Section      140  fnaninf.o(x$fpl$fnaninf)
    x$fpl$fretinf                            0x11012a9e   Section       10  fretinf.o(x$fpl$fretinf)
    x$fpl$retnan                             0x11012aa8   Section      100  retnan.o(x$fpl$retnan)
    x$fpl$scalbn                             0x11012b0c   Section       92  scalbn.o(x$fpl$scalbn)
    x$fpl$scalbnf                            0x11012b68   Section       76  scalbnf.o(x$fpl$scalbnf)
    x$fpl$trapveneer                         0x11012bb4   Section       48  trapv.o(x$fpl$trapveneer)
    .constdata                               0x11012be4   Section        6  globvars_foc.o(.constdata)
    x$fpl$usenofp                            0x11012be4   Section        0  usenofp.o(x$fpl$usenofp)
    .constdata                               0x11012bea   Section        1  globvars_foc.o(.constdata)
    .constdata                               0x11012bec   Section     2560  table.o(.constdata)
    .constdata                               0x110135ec   Section     2050  table.o(.constdata)
    .constdata                               0x11013dee   Section     2068  table.o(.constdata)
    .constdata                               0x11014602   Section      514  table.o(.constdata)
    .constdata                               0x11014804   Section      512  table.o(.constdata)
    .constdata                               0x11014a04   Section        4  bootrom.o(.constdata)
    .constdata                               0x11014a08   Section        4  bootrom.o(.constdata)
    .constdata                               0x11014a0c   Section        4  bootrom.o(.constdata)
    .constdata                               0x11014a10   Section        4  bootrom.o(.constdata)
    .ARM.__AT_0x11017000                     0x11017000   Section       92  emo_cfg.o(.ARM.__AT_0x11017000)
    .ARM.__AT_0x11017080                     0x11017080   Section       92  emo_cfg.o(.ARM.__AT_0x11017080)
    .ARM.__AT_0x11017100                     0x11017100   Section       92  emo_cfg.o(.ARM.__AT_0x11017100)
    .ARM.__AT_0x11017180                     0x11017180   Section       92  emo_cfg.o(.ARM.__AT_0x11017180)
    .ARM.__AT_0x1101E000                     0x1101e000   Section       92  emo_cfg.o(.ARM.__AT_0x1101E000)
    .ARM.__AT_0x1101E080                     0x1101e080   Section       92  emo_cfg.o(.ARM.__AT_0x1101E080)
    .ARM.__AT_0x1101E100                     0x1101e100   Section       92  emo_cfg.o(.ARM.__AT_0x1101E100)
    .ARM.__AT_0x1101E180                     0x1101e180   Section       92  emo_cfg.o(.ARM.__AT_0x1101E180)
    i.CCU6_SetT13Compare                     0x18000014   Section        0  emo_ram.o(i.CCU6_SetT13Compare)
    CCU6_SetT13Compare                       0x18000015   Thumb Code    14  emo_ram.o(i.CCU6_SetT13Compare)
    i.Emo_CurrAdc1                           0x18000028   Section        0  emo_ram.o(i.Emo_CurrAdc1)
    i.Emo_FluxAnglePll                       0x18000088   Section        0  emo_ram.o(i.Emo_FluxAnglePll)
    Emo_FluxAnglePll                         0x18000089   Thumb Code    40  emo_ram.o(i.Emo_FluxAnglePll)
    i.Emo_HandleAdc1                         0x180000b4   Section        0  emo_ram.o(i.Emo_HandleAdc1)
    i.Emo_HandleCCU6ShadowTrans              0x180000e8   Section        0  emo_ram.o(i.Emo_HandleCCU6ShadowTrans)
    i.Emo_HandleFoc                          0x18000120   Section        0  emo_ram.o(i.Emo_HandleFoc)
    i.Emo_lEstFlux                           0x18000460   Section        0  emo_ram.o(i.Emo_lEstFlux)
    Emo_lEstFlux                             0x18000461   Thumb Code   206  emo_ram.o(i.Emo_lEstFlux)
    i.Emo_lExeSvm                            0x1800053c   Section        0  emo_ram.o(i.Emo_lExeSvm)
    Emo_lExeSvm                              0x1800053d   Thumb Code   970  emo_ram.o(i.Emo_lExeSvm)
    i.Limitsvektor                           0x18000914   Section        0  emo_ram.o(i.Limitsvektor)
    Limitsvektor                             0x18000915   Thumb Code   154  emo_ram.o(i.Limitsvektor)
    i.Mat_CalcAngleAmp                       0x180009b4   Section        0  emo_ram.o(i.Mat_CalcAngleAmp)
    Mat_CalcAngleAmp                         0x180009b5   Thumb Code   134  emo_ram.o(i.Mat_CalcAngleAmp)
    i.Mat_ExeLp_without_min_max              0x18000a44   Section        0  emo_ram.o(i.Mat_ExeLp_without_min_max)
    Mat_ExeLp_without_min_max                0x18000a45   Thumb Code    32  emo_ram.o(i.Mat_ExeLp_without_min_max)
    i.Mat_ExePi                              0x18000a64   Section        0  emo_ram.o(i.Mat_ExePi)
    Mat_ExePi                                0x18000a65   Thumb Code    76  emo_ram.o(i.Mat_ExePi)
    .data                                    0x18000ab0   Section       20  main.o(.data)
    bMotorRun                                0x18000ab0   Data           1  main.o(.data)
    word1byte1                               0x18000ab1   Data           1  main.o(.data)
    word1byte2                               0x18000ab2   Data           1  main.o(.data)
    data_prepared                            0x18000ab3   Data           1  main.o(.data)
    success                                  0x18000ab4   Data           1  main.o(.data)
    waitingFor                               0x18000ab6   Data           1  main.o(.data)
    sendcounter                              0x18000ab7   Data           1  main.o(.data)
    receivecounter                           0x18000ab8   Data           1  main.o(.data)
    messagesToReceive                        0x18000ab9   Data           1  main.o(.data)
    calcCRC                                  0x18000aba   Data           1  main.o(.data)
    recvCRC                                  0x18000abb   Data           1  main.o(.data)
    word1                                    0x18000abc   Data           2  main.o(.data)
    word2                                    0x18000abe   Data           2  main.o(.data)
    word3                                    0x18000ac0   Data           2  main.o(.data)
    motorspeed                               0x18000ac2   Data           2  main.o(.data)
    .data                                    0x18000ac4   Section        4  globvars_foc.o(.data)
    .data                                    0x18000ac8   Section        2  globvars_foc.o(.data)
    .data                                    0x18000acc   Section        4  globvars_foc.o(.data)
    .data                                    0x18000ad0   Section        2  globvars_foc.o(.data)
    .data                                    0x18000ad2   Section        2  globvars_foc.o(.data)
    .data                                    0x18000ad4   Section        2  globvars_foc.o(.data)
    .data                                    0x18000ad8   Section        4  globvars_foc.o(.data)
    .data                                    0x18000adc   Section        4  globvars_foc.o(.data)
    .data                                    0x18000ae0   Section        4  globvars_foc.o(.data)
    .data                                    0x18000ae4   Section        8  emo.o(.data)
    x                                        0x18000ae4   Data           4  emo.o(.data)
    .data                                    0x18000aec   Section       92  emo_cfg.o(.data)
    .data                                    0x18000b48   Section        8  emo_ram.o(.data)
    Fluxrf                                   0x18000b48   Data           4  emo_ram.o(.data)
    Flux                                     0x18000b4c   Data           4  emo_ram.o(.data)
    .data                                    0x18000b50   Section        4  table.o(.data)
    .data                                    0x18000b54   Section        8  wdt1.o(.data)
    bSOWactive                               0x18000b54   Data           1  wdt1.o(.data)
    .bss                                     0x18000b5c   Section       92  globvars_foc.o(.bss)
    .bss                                     0x18000bb8   Section       14  auto_address.o(.bss)
    .bss                                     0x18000bc8   Section      384  emo_ram.o(.bss)
    .bss                                     0x18000d48   Section       96  libspace.o(.bss)
    HEAP                                     0x18000da8   Section        0  startup_tle987x.o(HEAP)
    STACK                                    0x18000da8   Section      512  startup_tle987x.o(STACK)
    Heap_Mem                                 0x18000da8   Data           0  startup_tle987x.o(HEAP)
    Stack_Mem                                0x18000da8   Data         512  startup_tle987x.o(STACK)
    __initial_sp                             0x18000fa8   Data           0  startup_tle987x.o(STACK)

    Global Symbols

    Symbol Name                              Value     Ov Type        Size  Object(Section)

    BuildAttributes$$THM_ISAv4$P$D$K$B$S$PE$A:L22UL41UL21$X:L11$S22US41US21$IEEE1$IW$USESV6$~STKCKD$USESV7$~SHL$OSPACE$ROPI$EBA8$UX$STANDARDLIB$REQ8$PRES8$EABIv2 0x00000000   Number         0  anon$$obj.o ABSOLUTE
    __ARM_use_no_argv                        0x00000000   Number         0  main.o ABSOLUTE
    __ARM_exceptions_init                     - Undefined Weak Reference
    __alloca_initialize                       - Undefined Weak Reference
    __arm_preinit_                            - Undefined Weak Reference
    __cpp_initialize__aeabi_                  - Undefined Weak Reference
    __cxa_finalize                            - Undefined Weak Reference
    __rt_locale                               - Undefined Weak Reference
    __sigvec_lookup                           - Undefined Weak Reference
    _atexit_init                              - Undefined Weak Reference
    _call_atexit_fns                          - Undefined Weak Reference
    _clock_init                               - Undefined Weak Reference
    _fp_trap_init                             - Undefined Weak Reference
    _fp_trap_shutdown                         - Undefined Weak Reference
    _get_lc_collate                           - Undefined Weak Reference
    _get_lc_ctype                             - Undefined Weak Reference
    _get_lc_monetary                          - Undefined Weak Reference
    _get_lc_numeric                           - Undefined Weak Reference
    _get_lc_time                              - Undefined Weak Reference
    _getenv_init                              - Undefined Weak Reference
    _handle_redirection                       - Undefined Weak Reference
    _init_alloc                               - Undefined Weak Reference
    _init_user_alloc                          - Undefined Weak Reference
    _initio                                   - Undefined Weak Reference
    _rand_init                                - Undefined Weak Reference
    _signal_finish                            - Undefined Weak Reference
    _signal_init                              - Undefined Weak Reference
    _terminate_alloc                          - Undefined Weak Reference
    _terminate_user_alloc                     - Undefined Weak Reference
    _terminateio                              - Undefined Weak Reference
    __Vectors_Size                           0x00000080   Number         0  startup_tle987x.o ABSOLUTE
    __Vectors                                0x11010000   Data           4  startup_tle987x.o(RESET)
    __Vectors_End                            0x11010080   Data           0  startup_tle987x.o(RESET)
    __main                                   0x11010081   Thumb Code     8  __main.o(!!!main)
    __scatterload                            0x11010089   Thumb Code     0  __scatter.o(!!!scatter)
    __scatterload_rt2                        0x11010089   Thumb Code    44  __scatter.o(!!!scatter)
    __scatterload_rt2_thumb_only             0x11010089   Thumb Code     0  __scatter.o(!!!scatter)
    __scatterload_null                       0x11010097   Thumb Code     0  __scatter.o(!!!scatter)
    __scatterload_copy                       0x110100bd   Thumb Code    26  __scatter_copy.o(!!handler_copy)
    __scatterload_zeroinit                   0x110100d9   Thumb Code    28  __scatter_zi.o(!!handler_zi)
    __rt_lib_init                            0x110100f5   Thumb Code     0  libinit.o(.ARM.Collect$$libinit$$00000000)
    __rt_lib_init_alloca_1                   0x110100f7   Thumb Code     0  libinit2.o(.ARM.Collect$$libinit$$0000002E)
    __rt_lib_init_argv_1                     0x110100f7   Thumb Code     0  libinit2.o(.ARM.Collect$$libinit$$0000002C)
    __rt_lib_init_atexit_1                   0x110100f7   Thumb Code     0  libinit2.o(.ARM.Collect$$libinit$$0000001B)
    __rt_lib_init_clock_1                    0x110100f7   Thumb Code     0  libinit2.o(.ARM.Collect$$libinit$$00000021)
    __rt_lib_init_cpp_1                      0x110100f7   Thumb Code     0  libinit2.o(.ARM.Collect$$libinit$$00000032)
    __rt_lib_init_exceptions_1               0x110100f7   Thumb Code     0  libinit2.o(.ARM.Collect$$libinit$$00000030)
    __rt_lib_init_fp_1                       0x110100f7   Thumb Code     0  libinit2.o(.ARM.Collect$$libinit$$00000002)
    __rt_lib_init_fp_trap_1                  0x110100f7   Thumb Code     0  libinit2.o(.ARM.Collect$$libinit$$0000001F)
    __rt_lib_init_getenv_1                   0x110100f7   Thumb Code     0  libinit2.o(.ARM.Collect$$libinit$$00000023)
    __rt_lib_init_heap_1                     0x110100f7   Thumb Code     0  libinit2.o(.ARM.Collect$$libinit$$0000000A)
    __rt_lib_init_lc_collate_1               0x110100f7   Thumb Code     0  libinit2.o(.ARM.Collect$$libinit$$00000011)
    __rt_lib_init_lc_ctype_1                 0x110100f7   Thumb Code     0  libinit2.o(.ARM.Collect$$libinit$$00000013)
    __rt_lib_init_lc_monetary_1              0x110100f7   Thumb Code     0  libinit2.o(.ARM.Collect$$libinit$$00000015)
    __rt_lib_init_lc_numeric_1               0x110100f7   Thumb Code     0  libinit2.o(.ARM.Collect$$libinit$$00000017)
    __rt_lib_init_lc_time_1                  0x110100f7   Thumb Code     0  libinit2.o(.ARM.Collect$$libinit$$00000019)
    __rt_lib_init_preinit_1                  0x110100f7   Thumb Code     0  libinit2.o(.ARM.Collect$$libinit$$00000004)
    __rt_lib_init_rand_1                     0x110100f7   Thumb Code     0  libinit2.o(.ARM.Collect$$libinit$$0000000E)
    __rt_lib_init_return                     0x110100f7   Thumb Code     0  libinit2.o(.ARM.Collect$$libinit$$00000033)
    __rt_lib_init_signal_1                   0x110100f7   Thumb Code     0  libinit2.o(.ARM.Collect$$libinit$$0000001D)
    __rt_lib_init_stdio_1                    0x110100f7   Thumb Code     0  libinit2.o(.ARM.Collect$$libinit$$00000025)
    __rt_lib_init_user_alloc_1               0x110100f7   Thumb Code     0  libinit2.o(.ARM.Collect$$libinit$$0000000C)
    __rt_lib_shutdown                        0x110100f9   Thumb Code     0  libshutdown.o(.ARM.Collect$$libshutdown$$00000000)
    __rt_lib_shutdown_cpp_1                  0x110100fb   Thumb Code     0  libshutdown2.o(.ARM.Collect$$libshutdown$$00000002)
    __rt_lib_shutdown_fp_trap_1              0x110100fb   Thumb Code     0  libshutdown2.o(.ARM.Collect$$libshutdown$$00000007)
    __rt_lib_shutdown_heap_1                 0x110100fb   Thumb Code     0  libshutdown2.o(.ARM.Collect$$libshutdown$$0000000F)
    __rt_lib_shutdown_return                 0x110100fb   Thumb Code     0  libshutdown2.o(.ARM.Collect$$libshutdown$$00000010)
    __rt_lib_shutdown_signal_1               0x110100fb   Thumb Code     0  libshutdown2.o(.ARM.Collect$$libshutdown$$0000000A)
    __rt_lib_shutdown_stdio_1                0x110100fb   Thumb Code     0  libshutdown2.o(.ARM.Collect$$libshutdown$$00000004)
    __rt_lib_shutdown_user_alloc_1           0x110100fb   Thumb Code     0  libshutdown2.o(.ARM.Collect$$libshutdown$$0000000C)
    __rt_entry                               0x110100fd   Thumb Code     0  __rtentry.o(.ARM.Collect$$rtentry$$00000000)
    __rt_entry_presh_1                       0x110100fd   Thumb Code     0  __rtentry2.o(.ARM.Collect$$rtentry$$00000002)
    __rt_entry_sh                            0x110100fd   Thumb Code     0  __rtentry4.o(.ARM.Collect$$rtentry$$00000004)
    __rt_entry_li                            0x11010103   Thumb Code     0  __rtentry2.o(.ARM.Collect$$rtentry$$0000000A)
    __rt_entry_postsh_1                      0x11010103   Thumb Code     0  __rtentry2.o(.ARM.Collect$$rtentry$$00000009)
    __rt_entry_main                          0x11010107   Thumb Code     0  __rtentry2.o(.ARM.Collect$$rtentry$$0000000D)
    __rt_entry_postli_1                      0x11010107   Thumb Code     0  __rtentry2.o(.ARM.Collect$$rtentry$$0000000C)
    __rt_exit                                0x1101010f   Thumb Code     0  rtexit.o(.ARM.Collect$$rtexit$$00000000)
    __rt_exit_ls                             0x11010111   Thumb Code     0  rtexit2.o(.ARM.Collect$$rtexit$$00000003)
    __rt_exit_prels_1                        0x11010111   Thumb Code     0  rtexit2.o(.ARM.Collect$$rtexit$$00000002)
    __rt_exit_exit                           0x11010115   Thumb Code     0  rtexit2.o(.ARM.Collect$$rtexit$$00000004)
    Reset_Handler                            0x1101011d   Thumb Code     8  startup_tle987x.o(.text)
    NMI_Handler                              0x11010125   Thumb Code     2  startup_tle987x.o(.text)
    SVC_Handler                              0x1101012f   Thumb Code     2  startup_tle987x.o(.text)
    DebugMon_Handler                         0x11010131   Thumb Code     2  startup_tle987x.o(.text)
    PendSV_Handler                           0x11010133   Thumb Code     2  startup_tle987x.o(.text)
    ADC2_IRQHandler                          0x11010137   Thumb Code     0  startup_tle987x.o(.text)
    CCU6SR0_IRQHandler                       0x11010137   Thumb Code     0  startup_tle987x.o(.text)
    CCU6SR2_IRQHandler                       0x11010137   Thumb Code     0  startup_tle987x.o(.text)
    CCU6SR3_IRQHandler                       0x11010137   Thumb Code     0  startup_tle987x.o(.text)
    DMA_IRQHandler                           0x11010137   Thumb Code     0  startup_tle987x.o(.text)
    GPT2_IRQHandler                          0x11010137   Thumb Code     0  startup_tle987x.o(.text)
    SSC1_IRQHandler                          0x11010137   Thumb Code     0  startup_tle987x.o(.text)
    UART1_IRQHandler                         0x11010137   Thumb Code     0  startup_tle987x.o(.text)
    __user_initial_stackheap                 0x11010139   Thumb Code     0  startup_tle987x.o(.text)
    abs                                      0x11010159   Thumb Code     8  abs.o(.text)
    __aeabi_memcpy4                          0x11010161   Thumb Code     0  rt_memcpy_w.o(.text)
    __aeabi_memcpy8                          0x11010161   Thumb Code     0  rt_memcpy_w.o(.text)
    __rt_memcpy_w                            0x11010161   Thumb Code   100  rt_memcpy_w.o(.text)
    _memcpy_lastbytes_aligned                0x110101a9   Thumb Code     0  rt_memcpy_w.o(.text)
    __use_two_region_memory                  0x110101c5   Thumb Code     2  heapauxi.o(.text)
    __rt_heap_escrow$2region                 0x110101c7   Thumb Code     2  heapauxi.o(.text)
    __rt_heap_expand$2region                 0x110101c9   Thumb Code     2  heapauxi.o(.text)
    __user_setup_stackheap                   0x110101cb   Thumb Code    74  sys_stackheap_outer.o(.text)
    exit                                     0x11010215   Thumb Code    18  exit.o(.text)
    __user_libspace                          0x11010229   Thumb Code     8  libspace.o(.text)
    __user_perproc_libspace                  0x11010229   Thumb Code     0  libspace.o(.text)
    __user_perthread_libspace                0x11010229   Thumb Code     0  libspace.o(.text)
    _sys_exit                                0x11010231   Thumb Code     8  sys_exit.o(.text)
    __I$use$semihosting                      0x1101023d   Thumb Code     0  use_no_semi.o(.text)
    __use_no_semihosting_swi                 0x1101023d   Thumb Code     2  use_no_semi.o(.text)
    Long Thumb to Thumb Veneer to Emo_HandleAdc1 0x1101023f   Thumb Code    10  anon$$obj.o(Veneer$$Code)
    __semihosting_library_function           0x1101023f   Thumb Code     0  indicate_semi.o(.text)
    Long Thumb to Thumb Veneer to Emo_HandleFoc 0x11010249   Thumb Code    10  anon$$obj.o(Veneer$$Code)
    Long Thumb to Thumb Veneer to Emo_HandleCCU6ShadowTrans 0x11010253   Thumb Code    10  anon$$obj.o(Veneer$$Code)
    ADC1_IRQHandler                          0x1101025d   Thumb Code    30  isr.o(i.ADC1_IRQHandler)
    ADC1_Init                                0x1101027d   Thumb Code   104  adc1.o(i.ADC1_Init)
    ADC2_Init                                0x11010301   Thumb Code    68  adc2.o(i.ADC2_Init)
    Address_Line_GND                         0x11010355   Thumb Code    20  auto_address.o(i.Address_Line_GND)
    Address_Line_Open                        0x1101036d   Thumb Code    20  auto_address.o(i.Address_Line_Open)
    Auto_Addressing_Handler                  0x11010385   Thumb Code    82  auto_address.o(i.Auto_Addressing_Handler)
    BDRV_Diag                                0x110103e1   Thumb Code     4  main.o(i.BDRV_Diag)
    BDRV_Diag_Supply                         0x110103e5   Thumb Code     4  main.o(i.BDRV_Diag_Supply)
    BDRV_IRQHandler                          0x110103e9   Thumb Code   160  isr.o(i.BDRV_IRQHandler)
    BDRV_Init                                0x1101048d   Thumb Code    58  bdrv.o(i.BDRV_Init)
    BDRV_Set_Bridge                          0x110104dd   Thumb Code    30  bdrv.o(i.BDRV_Set_Bridge)
    BusFault_Handler                         0x11010501   Thumb Code     2  isr.o(i.BusFault_Handler)
    CCU6SR1_IRQHandler                       0x11010505   Thumb Code    70  isr.o(i.CCU6SR1_IRQHandler)
    CCU6_Init                                0x11010551   Thumb Code   120  ccu6.o(i.CCU6_Init)
    CRC8                                     0x110105cd   Thumb Code    50  commonmc.o(i.CRC8)
    CSA_Init                                 0x11010601   Thumb Code    16  csa.o(i.CSA_Init)
    Data_Received                            0x11010625   Thumb Code   234  main.o(i.Data_Received)
    Delay_us                                 0x11010725   Thumb Code    64  wdt1.o(i.Delay_us)
    EXINT0_IRQHandler                        0x11010765   Thumb Code    56  isr.o(i.EXINT0_IRQHandler)
    EXINT1_IRQHandler                        0x1101079d   Thumb Code    56  isr.o(i.EXINT1_IRQHandler)
    Emo_HandleT2Overflow                     0x110107d5   Thumb Code   460  emo.o(i.Emo_HandleT2Overflow)
    Emo_Init                                 0x110109b5   Thumb Code    34  emo.o(i.Emo_Init)
    Emo_SetRefSpeed                          0x110109e1   Thumb Code     6  emo.o(i.Emo_SetRefSpeed)
    Emo_StartMotor                           0x110109ed   Thumb Code    50  emo.o(i.Emo_StartMotor)
    Emo_StopMotor                            0x11010a29   Thumb Code    50  emo.o(i.Emo_StopMotor)
    Emo_lInitFocPar                          0x11010a65   Thumb Code  2096  emo.o(i.Emo_lInitFocPar)
    Emo_lInitFocVar                          0x110112c5   Thumb Code   114  emo.o(i.Emo_lInitFocVar)
    GPT12E_Init                              0x11011345   Thumb Code    48  gpt12e.o(i.GPT12E_Init)
    GPT1_IRQHandler                          0x11011379   Thumb Code    34  isr.o(i.GPT1_IRQHandler)
    GPT1_T2_Handler                          0x1101139d   Thumb Code    16  emo.o(i.GPT1_T2_Handler)
    HardFault_Handler                        0x110113b1   Thumb Code     2  isr.o(i.HardFault_Handler)
    INT_Init                                 0x110113b5   Thumb Code   118  int.o(i.INT_Init)
    MON_Init                                 0x1101143d   Thumb Code    10  mon.o(i.MON_Init)
    MemManage_Handler                        0x1101146d   Thumb Code     2  isr.o(i.MemManage_Handler)
    PORT_Init                                0x11011519   Thumb Code    66  port.o(i.PORT_Init)
    SCU_Init                                 0x11011561   Thumb Code    52  scu.o(i.SCU_Init)
    SSC1_Init                                0x11011595   Thumb Code    24  ssc.o(i.SSC1_Init)
    SSC2_IRQHandler                          0x110115b1   Thumb Code    32  isr.o(i.SSC2_IRQHandler)
    SSC2_Init                                0x110115d1   Thumb Code    24  ssc.o(i.SSC2_Init)
    SysTick_Handler                          0x110115ed   Thumb Code    10  isr.o(i.SysTick_Handler)
    SystemInit                               0x110115fd   Thumb Code    36  system_tle987x.o(i.SystemInit)
    TLE_Init                                 0x11011631   Thumb Code    54  tle_device.o(i.TLE_Init)
    UART2_IRQHandler                         0x11011667   Thumb Code    56  isr.o(i.UART2_IRQHandler)
    UsageFault_Handler                       0x1101169f   Thumb Code     2  isr.o(i.UsageFault_Handler)
    VAREF_Enable                             0x110116a1   Thumb Code   138  adc1.o(i.VAREF_Enable)
    WDT1_SOW_Service                         0x11011739   Thumb Code    16  wdt1.o(i.WDT1_SOW_Service)
    WDT1_Service                             0x11011751   Thumb Code    34  wdt1.o(i.WDT1_Service)
    changeMode                               0x1101177d   Thumb Code    44  commonmc.o(i.changeMode)
    changeSingleParameter                    0x110117b5   Thumb Code    76  commands.o(i.changeSingleParameter)
    checkCommand                             0x11011811   Thumb Code   100  common.o(i.checkCommand)
    checkErrorsMC                            0x11011881   Thumb Code    22  commonmc.o(i.checkErrorsMC)
    deselectSlave                            0x11011899   Thumb Code    22  common.o(i.deselectSlave)
    init_Auto_Addressing                     0x110118b9   Thumb Code    74  auto_address.o(i.init_Auto_Addressing)
    isValueInArray                           0x11011909   Thumb Code    26  commonmc.o(i.isValueInArray)
    loadDataset                              0x1101193d   Thumb Code   102  commands.o(i.loadDataset)
    main                                     0x110119c9   Thumb Code   326  main.o(i.main)
    saveCurrentDataset                       0x11011b25   Thumb Code   166  commands.o(i.saveCurrentDataset)
    selectSlave                              0x11011bed   Thumb Code    22  common.o(i.selectSlave)
    sendAnswer                               0x11011c0d   Thumb Code     8  common.o(i.sendAnswer)
    sendPosAnswer                            0x11011c19   Thumb Code    10  common.o(i.sendPosAnswer)
    setBoardnr                               0x11011c25   Thumb Code   128  common.o(i.setBoardnr)
    startAutoaddressing                      0x11011ca9   Thumb Code    14  common.o(i.startAutoaddressing)
    updateDatasetDependencies                0x11011cb9   Thumb Code   118  commands.o(i.updateDatasetDependencies)
    __aeabi_d2f                              0x11011d65   Thumb Code     0  d2f.o(x$fpl$d2f)
    _d2f                                     0x11011d65   Thumb Code    98  d2f.o(x$fpl$d2f)
    __aeabi_dadd                             0x11011dc9   Thumb Code     0  daddsub_clz.o(x$fpl$dadd)
    _dadd                                    0x11011dc9   Thumb Code   332  daddsub_clz.o(x$fpl$dadd)
    __fpl_dcheck_NaN1                        0x11011f19   Thumb Code    10  dcheck1.o(x$fpl$dcheck1)
    __aeabi_ddiv                             0x11011f29   Thumb Code     0  ddiv.o(x$fpl$ddiv)
    _ddiv                                    0x11011f29   Thumb Code   552  ddiv.o(x$fpl$ddiv)
    __aeabi_d2iz                             0x110121d9   Thumb Code     0  dfix.o(x$fpl$dfix)
    _dfix                                    0x110121d9   Thumb Code    94  dfix.o(x$fpl$dfix)
    __aeabi_d2uiz                            0x11012239   Thumb Code     0  dfixu.o(x$fpl$dfixu)
    _dfixu                                   0x11012239   Thumb Code    90  dfixu.o(x$fpl$dfixu)
    __aeabi_ui2d                             0x11012293   Thumb Code     0  dflt_clz.o(x$fpl$dfltu)
    _dfltu                                   0x11012293   Thumb Code    38  dflt_clz.o(x$fpl$dfltu)
    __aeabi_dmul                             0x110122b9   Thumb Code     0  dmul.o(x$fpl$dmul)
    _dmul                                    0x110122b9   Thumb Code   332  dmul.o(x$fpl$dmul)
    __fpl_dnaninf                            0x1101240d   Thumb Code   156  dnaninf.o(x$fpl$dnaninf)
    __fpl_dretinf                            0x110124a9   Thumb Code    12  dretinf.o(x$fpl$dretinf)
    __aeabi_dsub                             0x110124b5   Thumb Code     0  daddsub_clz.o(x$fpl$dsub)
    _dsub                                    0x110124b5   Thumb Code   464  daddsub_clz.o(x$fpl$dsub)
    __aeabi_f2d                              0x11012689   Thumb Code     0  f2d.o(x$fpl$f2d)
    _f2d                                     0x11012689   Thumb Code    86  f2d.o(x$fpl$f2d)
    __fpl_fcheck_NaN1                        0x110126e1   Thumb Code     6  fcheck1.o(x$fpl$fcheck1)
    __aeabi_fdiv                             0x110126ed   Thumb Code     0  fdiv.o(x$fpl$fdiv)
    _fdiv                                    0x110126ed   Thumb Code   384  fdiv.o(x$fpl$fdiv)
    __aeabi_f2iz                             0x11012871   Thumb Code     0  ffix.o(x$fpl$ffix)
    _ffix                                    0x11012871   Thumb Code    54  ffix.o(x$fpl$ffix)
    __aeabi_f2uiz                            0x110128a9   Thumb Code     0  ffixu.o(x$fpl$ffixu)
    _ffixu                                   0x110128a9   Thumb Code    62  ffixu.o(x$fpl$ffixu)
    __aeabi_ui2f                             0x110128e9   Thumb Code     0  fflt_clz.o(x$fpl$ffltu)
    _ffltu                                   0x110128e9   Thumb Code    38  fflt_clz.o(x$fpl$ffltu)
    __aeabi_fmul                             0x11012911   Thumb Code     0  fmul.o(x$fpl$fmul)
    _fmul                                    0x11012911   Thumb Code   258  fmul.o(x$fpl$fmul)
    __fpl_fnaninf                            0x11012a13   Thumb Code   140  fnaninf.o(x$fpl$fnaninf)
    __fpl_fretinf                            0x11012a9f   Thumb Code    10  fretinf.o(x$fpl$fretinf)
    __fpl_return_NaN                         0x11012aa9   Thumb Code   100  retnan.o(x$fpl$retnan)
    __ARM_scalbn                             0x11012b0d   Thumb Code    92  scalbn.o(x$fpl$scalbn)
    __ARM_scalbnf                            0x11012b69   Thumb Code    76  scalbnf.o(x$fpl$scalbnf)
    __fpl_cmpreturn                          0x11012bb5   Thumb Code    48  trapv.o(x$fpl$trapveneer)
    __I$use$fp                               0x11012be4   Number         0  usenofp.o(x$fpl$usenofp)
    indices_16bit                            0x11012be4   Data           6  globvars_foc.o(.constdata)
    indices_16bit_size                       0x11012bea   Data           1  globvars_foc.o(.constdata)
    Table_Sin                                0x11012bec   Data        2560  table.o(.constdata)
    Table_ArcTan                             0x110135ec   Data        2050  table.o(.constdata)
    Table_Amp                                0x11013dee   Data        2068  table.o(.constdata)
    Table_sqrtmqu                            0x11014602   Data         514  table.o(.constdata)
    Table_Sin60                              0x11014804   Data         512  table.o(.constdata)
    USER_CFLASH_WR_PROT_DIS                  0x11014a04   Data           4  bootrom.o(.constdata)
    USER_OPENAB                              0x11014a08   Data           4  bootrom.o(.constdata)
    USER_PROG                                0x11014a0c   Data           4  bootrom.o(.constdata)
    USER_ERASEPG                             0x11014a10   Data           4  bootrom.o(.constdata)
    Region$$Table$$Base                      0x11014a14   Number         0  anon$$obj.o(Region$$Table)
    Region$$Table$$Limit                     0x11014a44   Number         0  anon$$obj.o(Region$$Table)
    dataset0                                 0x11017000   Data          92  emo_cfg.o(.ARM.__AT_0x11017000)
    dataset1                                 0x11017080   Data          92  emo_cfg.o(.ARM.__AT_0x11017080)
    dataset2                                 0x11017100   Data          92  emo_cfg.o(.ARM.__AT_0x11017100)
    dataset3                                 0x11017180   Data          92  emo_cfg.o(.ARM.__AT_0x11017180)
    customdataset0                           0x1101e000   Data          92  emo_cfg.o(.ARM.__AT_0x1101E000)
    customdataset1                           0x1101e080   Data          92  emo_cfg.o(.ARM.__AT_0x1101E080)
    customdataset2                           0x1101e100   Data          92  emo_cfg.o(.ARM.__AT_0x1101E100)
    customdataset3                           0x1101e180   Data          92  emo_cfg.o(.ARM.__AT_0x1101E180)
    Long Thumb to Thumb Veneer to Emo_StopMotor 0x18000001   Thumb Code    10  anon$$obj.o(Veneer$$Code)
    Long Thumb to Thumb Veneer to abs        0x1800000b   Thumb Code    10  anon$$obj.o(Veneer$$Code)
    Emo_CurrAdc1                             0x18000029   Thumb Code    92  emo_ram.o(i.Emo_CurrAdc1)
    Emo_HandleAdc1                           0x180000b5   Thumb Code    38  emo_ram.o(i.Emo_HandleAdc1)
    Emo_HandleCCU6ShadowTrans                0x180000e9   Thumb Code    48  emo_ram.o(i.Emo_HandleCCU6ShadowTrans)
    Emo_HandleFoc                            0x18000121   Thumb Code   806  emo_ram.o(i.Emo_HandleFoc)
    cmdstate                                 0x18000ab5   Data           1  main.o(.data)
    ccu6_t12_freq                            0x18000ac4   Data           4  globvars_foc.o(.data)
    ccu6_t12_period_sel                      0x18000ac8   Data           2  globvars_foc.o(.data)
    pwm_period                               0x18000acc   Data           4  globvars_foc.o(.data)
    ccu6_tctr0_bit7                          0x18000ad0   Data           2  globvars_foc.o(.data)
    ccu6_t12period                           0x18000ad2   Data           2  globvars_foc.o(.data)
    ccu6_t12pr                               0x18000ad4   Data           2  globvars_foc.o(.data)
    ccu6_cc60sr                              0x18000ad8   Data           4  globvars_foc.o(.data)
    ccu6_cc61sr                              0x18000adc   Data           4  globvars_foc.o(.data)
    ccu6_cc62sr                              0x18000ae0   Data           4  globvars_foc.o(.data)
    Emo_Status                               0x18000ae8   Data           4  emo.o(.data)
    Emo_Focpar_Cfg                           0x18000aec   Data          92  emo_cfg.o(.data)
    pTable_Cos                               0x18000b50   Data           4  table.o(.data)
    WD_Counter                               0x18000b58   Data           4  wdt1.o(.data)
    rxtxbuffer                               0x18000b5c   Data          92  globvars_foc.o(.bss)
    AA                                       0x18000bb8   Data          14  auto_address.o(.bss)
    Emo_AdcResult                            0x18000bc8   Data          16  emo_ram.o(.bss)
    Emo_Ctrl                                 0x18000bd8   Data         196  emo_ram.o(.bss)
    Emo_Foc                                  0x18000c9c   Data         112  emo_ram.o(.bss)
    Emo_Svm                                  0x18000d0c   Data          60  emo_ram.o(.bss)
    __libspace_start                         0x18000d48   Data          96  libspace.o(.bss)
    __temporary_stack_top$libspace           0x18000da8   Data           0  libspace.o(.bss)



==============================================================================

Memory Map of the image

  Image Entry point : 0x11010081

  Load Region LR_IROM1 (Base: 0x11010000, Size: 0x00007d38, Max: 0x00008000, ABSOLUTE)

    Execution Region ER_IROM1 (Exec base: 0x11010000, Load base: 0x11010000, Size: 0x000071dc, Max: 0x00008000, ABSOLUTE)

    Exec Addr    Load Addr    Size         Type   Attr      Idx    E Section Name        Object

    0x11010000   0x11010000   0x00000080   Data   RO         1345    RESET               startup_tle987x.o
    0x11010080   0x11010080   0x00000008   Code   RO         1469  * !!!main             c_w.l(__main.o)
    0x11010088   0x11010088   0x00000034   Code   RO         1707    !!!scatter          c_w.l(__scatter.o)
    0x110100bc   0x110100bc   0x0000001a   Code   RO         1709    !!handler_copy      c_w.l(__scatter_copy.o)
    0x110100d6   0x110100d6   0x00000002   PAD
    0x110100d8   0x110100d8   0x0000001c   Code   RO         1711    !!handler_zi        c_w.l(__scatter_zi.o)
    0x110100f4   0x110100f4   0x00000002   Code   RO         1575    .ARM.Collect$$libinit$$00000000  c_w.l(libinit.o)
    0x110100f6   0x110100f6   0x00000000   Code   RO         1590    .ARM.Collect$$libinit$$00000002  c_w.l(libinit2.o)
    0x110100f6   0x110100f6   0x00000000   Code   RO         1592    .ARM.Collect$$libinit$$00000004  c_w.l(libinit2.o)
    0x110100f6   0x110100f6   0x00000000   Code   RO         1595    .ARM.Collect$$libinit$$0000000A  c_w.l(libinit2.o)
    0x110100f6   0x110100f6   0x00000000   Code   RO         1597    .ARM.Collect$$libinit$$0000000C  c_w.l(libinit2.o)
    0x110100f6   0x110100f6   0x00000000   Code   RO         1599    .ARM.Collect$$libinit$$0000000E  c_w.l(libinit2.o)
    0x110100f6   0x110100f6   0x00000000   Code   RO         1602    .ARM.Collect$$libinit$$00000011  c_w.l(libinit2.o)
    0x110100f6   0x110100f6   0x00000000   Code   RO         1604    .ARM.Collect$$libinit$$00000013  c_w.l(libinit2.o)
    0x110100f6   0x110100f6   0x00000000   Code   RO         1606    .ARM.Collect$$libinit$$00000015  c_w.l(libinit2.o)
    0x110100f6   0x110100f6   0x00000000   Code   RO         1608    .ARM.Collect$$libinit$$00000017  c_w.l(libinit2.o)
    0x110100f6   0x110100f6   0x00000000   Code   RO         1610    .ARM.Collect$$libinit$$00000019  c_w.l(libinit2.o)
    0x110100f6   0x110100f6   0x00000000   Code   RO         1612    .ARM.Collect$$libinit$$0000001B  c_w.l(libinit2.o)
    0x110100f6   0x110100f6   0x00000000   Code   RO         1614    .ARM.Collect$$libinit$$0000001D  c_w.l(libinit2.o)
    0x110100f6   0x110100f6   0x00000000   Code   RO         1616    .ARM.Collect$$libinit$$0000001F  c_w.l(libinit2.o)
    0x110100f6   0x110100f6   0x00000000   Code   RO         1618    .ARM.Collect$$libinit$$00000021  c_w.l(libinit2.o)
    0x110100f6   0x110100f6   0x00000000   Code   RO         1620    .ARM.Collect$$libinit$$00000023  c_w.l(libinit2.o)
    0x110100f6   0x110100f6   0x00000000   Code   RO         1622    .ARM.Collect$$libinit$$00000025  c_w.l(libinit2.o)
    0x110100f6   0x110100f6   0x00000000   Code   RO         1626    .ARM.Collect$$libinit$$0000002C  c_w.l(libinit2.o)
    0x110100f6   0x110100f6   0x00000000   Code   RO         1628    .ARM.Collect$$libinit$$0000002E  c_w.l(libinit2.o)
    0x110100f6   0x110100f6   0x00000000   Code   RO         1630    .ARM.Collect$$libinit$$00000030  c_w.l(libinit2.o)
    0x110100f6   0x110100f6   0x00000000   Code   RO         1632    .ARM.Collect$$libinit$$00000032  c_w.l(libinit2.o)
    0x110100f6   0x110100f6   0x00000002   Code   RO         1633    .ARM.Collect$$libinit$$00000033  c_w.l(libinit2.o)
    0x110100f8   0x110100f8   0x00000002   Code   RO         1664    .ARM.Collect$$libshutdown$$00000000  c_w.l(libshutdown.o)
    0x110100fa   0x110100fa   0x00000000   Code   RO         1690    .ARM.Collect$$libshutdown$$00000002  c_w.l(libshutdown2.o)
    0x110100fa   0x110100fa   0x00000000   Code   RO         1692    .ARM.Collect$$libshutdown$$00000004  c_w.l(libshutdown2.o)
    0x110100fa   0x110100fa   0x00000000   Code   RO         1695    .ARM.Collect$$libshutdown$$00000007  c_w.l(libshutdown2.o)
    0x110100fa   0x110100fa   0x00000000   Code   RO         1698    .ARM.Collect$$libshutdown$$0000000A  c_w.l(libshutdown2.o)
    0x110100fa   0x110100fa   0x00000000   Code   RO         1700    .ARM.Collect$$libshutdown$$0000000C  c_w.l(libshutdown2.o)
    0x110100fa   0x110100fa   0x00000000   Code   RO         1703    .ARM.Collect$$libshutdown$$0000000F  c_w.l(libshutdown2.o)
    0x110100fa   0x110100fa   0x00000002   Code   RO         1704    .ARM.Collect$$libshutdown$$00000010  c_w.l(libshutdown2.o)
    0x110100fc   0x110100fc   0x00000000   Code   RO         1525    .ARM.Collect$$rtentry$$00000000  c_w.l(__rtentry.o)
    0x110100fc   0x110100fc   0x00000000   Code   RO         1544    .ARM.Collect$$rtentry$$00000002  c_w.l(__rtentry2.o)
    0x110100fc   0x110100fc   0x00000006   Code   RO         1556    .ARM.Collect$$rtentry$$00000004  c_w.l(__rtentry4.o)
    0x11010102   0x11010102   0x00000000   Code   RO         1546    .ARM.Collect$$rtentry$$00000009  c_w.l(__rtentry2.o)
    0x11010102   0x11010102   0x00000004   Code   RO         1547    .ARM.Collect$$rtentry$$0000000A  c_w.l(__rtentry2.o)
    0x11010106   0x11010106   0x00000000   Code   RO         1549    .ARM.Collect$$rtentry$$0000000C  c_w.l(__rtentry2.o)
    0x11010106   0x11010106   0x00000008   Code   RO         1550    .ARM.Collect$$rtentry$$0000000D  c_w.l(__rtentry2.o)
    0x1101010e   0x1101010e   0x00000002   Code   RO         1581    .ARM.Collect$$rtexit$$00000000  c_w.l(rtexit.o)
    0x11010110   0x11010110   0x00000000   Code   RO         1637    .ARM.Collect$$rtexit$$00000002  c_w.l(rtexit2.o)
    0x11010110   0x11010110   0x00000004   Code   RO         1638    .ARM.Collect$$rtexit$$00000003  c_w.l(rtexit2.o)
    0x11010114   0x11010114   0x00000006   Code   RO         1639    .ARM.Collect$$rtexit$$00000004  c_w.l(rtexit2.o)
    0x1101011a   0x1101011a   0x00000002   PAD
    0x1101011c   0x1101011c   0x0000003c   Code   RO         1346    .text               startup_tle987x.o
    0x11010158   0x11010158   0x00000008   Code   RO         1463    .text               c_w.l(abs.o)
    0x11010160   0x11010160   0x00000064   Code   RO         1465    .text               c_w.l(rt_memcpy_w.o)
    0x110101c4   0x110101c4   0x00000006   Code   RO         1467    .text               c_w.l(heapauxi.o)
    0x110101ca   0x110101ca   0x0000004a   Code   RO         1562    .text               c_w.l(sys_stackheap_outer.o)
    0x11010214   0x11010214   0x00000012   Code   RO         1564    .text               c_w.l(exit.o)
    0x11010226   0x11010226   0x00000002   PAD
    0x11010228   0x11010228   0x00000008   Code   RO         1578    .text               c_w.l(libspace.o)
    0x11010230   0x11010230   0x0000000c   Code   RO         1634    .text               c_w.l(sys_exit.o)
    0x1101023c   0x1101023c   0x00000002   Code   RO         1653    .text               c_w.l(use_no_semi.o)
    0x1101023e   0x1101023e   0x00000000   Code   RO         1655    .text               c_w.l(indicate_semi.o)
    0x1101023e   0x1101023e   0x0000000a   Ven    RO         1713    Veneer$$Code        anon$$obj.o
    0x11010248   0x11010248   0x0000000a   Ven    RO         1714    Veneer$$Code        anon$$obj.o
    0x11010252   0x11010252   0x0000000a   Ven    RO         1715    Veneer$$Code        anon$$obj.o
    0x1101025c   0x1101025c   0x0000001e   Code   RO         1114    i.ADC1_IRQHandler   isr.o
    0x1101027a   0x1101027a   0x00000002   PAD
    0x1101027c   0x1101027c   0x00000074   Code   RO          837    i.ADC1_Init         adc1.o
    0x110102f0   0x110102f0   0x0000000e   Code   RO          556    i.ADC1_SetMode      emo.o
    0x110102fe   0x110102fe   0x00000002   PAD
    0x11010300   0x11010300   0x00000054   Code   RO          867    i.ADC2_Init         adc2.o
    0x11010354   0x11010354   0x00000018   Code   RO          366    i.Address_Line_GND  auto_address.o
    0x1101036c   0x1101036c   0x00000018   Code   RO          367    i.Address_Line_Open  auto_address.o
    0x11010384   0x11010384   0x0000005c   Code   RO          368    i.Auto_Addressing_Handler  auto_address.o
    0x110103e0   0x110103e0   0x00000004   Code   RO            4    i.BDRV_Diag         main.o
    0x110103e4   0x110103e4   0x00000004   Code   RO            5    i.BDRV_Diag_Supply  main.o
    0x110103e8   0x110103e8   0x000000a4   Code   RO         1115    i.BDRV_IRQHandler   isr.o
    0x1101048c   0x1101048c   0x00000050   Code   RO          893    i.BDRV_Init         bdrv.o
    0x110104dc   0x110104dc   0x00000024   Code   RO          894    i.BDRV_Set_Bridge   bdrv.o
    0x11010500   0x11010500   0x00000002   Code   RO         1116    i.BusFault_Handler  isr.o
    0x11010502   0x11010502   0x00000002   PAD
    0x11010504   0x11010504   0x0000004c   Code   RO         1117    i.CCU6SR1_IRQHandler  isr.o
    0x11010550   0x11010550   0x0000007c   Code   RO         1006    i.CCU6_Init         ccu6.o
    0x110105cc   0x110105cc   0x00000032   Code   RO          511    i.CRC8              commonmc.o
    0x110105fe   0x110105fe   0x00000002   PAD
    0x11010600   0x11010600   0x00000014   Code   RO         1030    i.CSA_Init          csa.o
    0x11010614   0x11010614   0x00000010   Code   RO          557    i.CSA_Set_Gain      emo.o
    0x11010624   0x11010624   0x00000100   Code   RO            6    i.Data_Received     main.o
    0x11010724   0x11010724   0x00000040   Code   RO         1408    i.Delay_us          wdt1.o
    0x11010764   0x11010764   0x00000038   Code   RO         1118    i.EXINT0_IRQHandler  isr.o
    0x1101079c   0x1101079c   0x00000038   Code   RO         1119    i.EXINT1_IRQHandler  isr.o
    0x110107d4   0x110107d4   0x000001e0   Code   RO          559    i.Emo_HandleT2Overflow  emo.o
    0x110109b4   0x110109b4   0x0000002c   Code   RO          560    i.Emo_Init          emo.o
    0x110109e0   0x110109e0   0x0000000c   Code   RO          561    i.Emo_SetRefSpeed   emo.o
    0x110109ec   0x110109ec   0x0000003c   Code   RO          562    i.Emo_StartMotor    emo.o
    0x11010a28   0x11010a28   0x0000003c   Code   RO          563    i.Emo_StopMotor     emo.o
    0x11010a64   0x11010a64   0x00000860   Code   RO          564    i.Emo_lInitFocPar   emo.o
    0x110112c4   0x110112c4   0x00000080   Code   RO          565    i.Emo_lInitFocVar   emo.o
    0x11011344   0x11011344   0x00000034   Code   RO         1054    i.GPT12E_Init       gpt12e.o
    0x11011378   0x11011378   0x00000022   Code   RO         1120    i.GPT1_IRQHandler   isr.o
    0x1101139a   0x1101139a   0x00000002   PAD
    0x1101139c   0x1101139c   0x00000014   Code   RO          566    i.GPT1_T2_Handler   emo.o
    0x110113b0   0x110113b0   0x00000002   Code   RO         1121    i.HardFault_Handler  isr.o
    0x110113b2   0x110113b2   0x00000002   PAD
    0x110113b4   0x110113b4   0x00000088   Code   RO         1090    i.INT_Init          int.o
    0x1101143c   0x1101143c   0x00000010   Code   RO         1215    i.MON_Init          mon.o
    0x1101144c   0x1101144c   0x00000020   Code   RO          567    i.Mat_ExeLp_without_min_max  emo.o
    0x1101146c   0x1101146c   0x00000002   Code   RO         1122    i.MemManage_Handler  isr.o
    0x1101146e   0x1101146e   0x00000002   PAD
    0x11011470   0x11011470   0x00000054   Code   RO            7    i.PORT_ChangePin    main.o
    0x110114c4   0x110114c4   0x00000054   Code   RO          427    i.PORT_ChangePin    common.o
    0x11011518   0x11011518   0x00000048   Code   RO         1244    i.PORT_Init         port.o
    0x11011560   0x11011560   0x00000034   Code   RO         1271    i.SCU_Init          scu.o
    0x11011594   0x11011594   0x0000001c   Code   RO         1316    i.SSC1_Init         ssc.o
    0x110115b0   0x110115b0   0x00000020   Code   RO         1123    i.SSC2_IRQHandler   isr.o
    0x110115d0   0x110115d0   0x0000001c   Code   RO         1317    i.SSC2_Init         ssc.o
    0x110115ec   0x110115ec   0x00000010   Code   RO         1124    i.SysTick_Handler   isr.o
    0x110115fc   0x110115fc   0x00000034   Code   RO         1353    i.SystemInit        system_tle987x.o
    0x11011630   0x11011630   0x00000036   Code   RO         1380    i.TLE_Init          tle_device.o
    0x11011666   0x11011666   0x00000038   Code   RO         1125    i.UART2_IRQHandler  isr.o
    0x1101169e   0x1101169e   0x00000002   Code   RO         1126    i.UsageFault_Handler  isr.o
    0x110116a0   0x110116a0   0x00000098   Code   RO          838    i.VAREF_Enable      adc1.o
    0x11011738   0x11011738   0x00000018   Code   RO         1410    i.WDT1_SOW_Service  wdt1.o
    0x11011750   0x11011750   0x0000002c   Code   RO         1411    i.WDT1_Service      wdt1.o
    0x1101177c   0x1101177c   0x00000038   Code   RO          512    i.changeMode        commonmc.o
    0x110117b4   0x110117b4   0x0000005c   Code   RO          316    i.changeSingleParameter  commands.o
    0x11011810   0x11011810   0x00000070   Code   RO          429    i.checkCommand      common.o
    0x11011880   0x11011880   0x00000016   Code   RO          513    i.checkErrorsMC     commonmc.o
    0x11011896   0x11011896   0x00000002   PAD
    0x11011898   0x11011898   0x00000020   Code   RO          430    i.deselectSlave     common.o
    0x110118b8   0x110118b8   0x00000050   Code   RO          369    i.init_Auto_Addressing  auto_address.o
    0x11011908   0x11011908   0x0000001a   Code   RO          514    i.isValueInArray    commonmc.o
    0x11011922   0x11011922   0x00000018   Code   RO          431    i.ledHandler        common.o
    0x1101193a   0x1101193a   0x00000002   PAD
    0x1101193c   0x1101193c   0x0000008c   Code   RO          317    i.loadDataset       commands.o
    0x110119c8   0x110119c8   0x0000015c   Code   RO            8    i.main              main.o
    0x11011b24   0x11011b24   0x000000c8   Code   RO          318    i.saveCurrentDataset  commands.o
    0x11011bec   0x11011bec   0x00000020   Code   RO          432    i.selectSlave       common.o
    0x11011c0c   0x11011c0c   0x0000000c   Code   RO          433    i.sendAnswer        common.o
    0x11011c18   0x11011c18   0x0000000a   Code   RO          434    i.sendPosAnswer     common.o
    0x11011c22   0x11011c22   0x00000002   PAD
    0x11011c24   0x11011c24   0x00000084   Code   RO          435    i.setBoardnr        common.o
    0x11011ca8   0x11011ca8   0x0000000e   Code   RO          436    i.startAutoaddressing  common.o
    0x11011cb6   0x11011cb6   0x00000002   PAD
    0x11011cb8   0x11011cb8   0x000000ac   Code   RO          319    i.updateDatasetDependencies  commands.o
    0x11011d64   0x11011d64   0x00000062   Code   RO         1471    x$fpl$d2f           fz_ws.l(d2f.o)
    0x11011dc6   0x11011dc6   0x00000002   PAD
    0x11011dc8   0x11011dc8   0x00000150   Code   RO         1473    x$fpl$dadd          fz_ws.l(daddsub_clz.o)
    0x11011f18   0x11011f18   0x00000010   Code   RO         1530    x$fpl$dcheck1       fz_ws.l(dcheck1.o)
    0x11011f28   0x11011f28   0x000002b0   Code   RO         1480    x$fpl$ddiv          fz_ws.l(ddiv.o)
    0x110121d8   0x110121d8   0x0000005e   Code   RO         1483    x$fpl$dfix          fz_ws.l(dfix.o)
    0x11012236   0x11012236   0x00000002   PAD
    0x11012238   0x11012238   0x0000005a   Code   RO         1487    x$fpl$dfixu         fz_ws.l(dfixu.o)
    0x11012292   0x11012292   0x00000026   Code   RO         1491    x$fpl$dfltu         fz_ws.l(dflt_clz.o)
    0x110122b8   0x110122b8   0x00000154   Code   RO         1497    x$fpl$dmul          fz_ws.l(dmul.o)
    0x1101240c   0x1101240c   0x0000009c   Code   RO         1532    x$fpl$dnaninf       fz_ws.l(dnaninf.o)
    0x110124a8   0x110124a8   0x0000000c   Code   RO         1534    x$fpl$dretinf       fz_ws.l(dretinf.o)
    0x110124b4   0x110124b4   0x000001d4   Code   RO         1475    x$fpl$dsub          fz_ws.l(daddsub_clz.o)
    0x11012688   0x11012688   0x00000056   Code   RO         1499    x$fpl$f2d           fz_ws.l(f2d.o)
    0x110126de   0x110126de   0x00000002   PAD
    0x110126e0   0x110126e0   0x0000000c   Code   RO         1536    x$fpl$fcheck1       fz_ws.l(fcheck1.o)
    0x110126ec   0x110126ec   0x00000184   Code   RO         1502    x$fpl$fdiv          fz_ws.l(fdiv.o)
    0x11012870   0x11012870   0x00000036   Code   RO         1505    x$fpl$ffix          fz_ws.l(ffix.o)
    0x110128a6   0x110128a6   0x00000002   PAD
    0x110128a8   0x110128a8   0x0000003e   Code   RO         1509    x$fpl$ffixu         fz_ws.l(ffixu.o)
    0x110128e6   0x110128e6   0x00000002   PAD
    0x110128e8   0x110128e8   0x00000026   Code   RO         1513    x$fpl$ffltu         fz_ws.l(fflt_clz.o)
    0x1101290e   0x1101290e   0x00000002   PAD
    0x11012910   0x11012910   0x00000102   Code   RO         1519    x$fpl$fmul          fz_ws.l(fmul.o)
    0x11012a12   0x11012a12   0x0000008c   Code   RO         1538    x$fpl$fnaninf       fz_ws.l(fnaninf.o)
    0x11012a9e   0x11012a9e   0x0000000a   Code   RO         1540    x$fpl$fretinf       fz_ws.l(fretinf.o)
    0x11012aa8   0x11012aa8   0x00000064   Code   RO         1560    x$fpl$retnan        fz_ws.l(retnan.o)
    0x11012b0c   0x11012b0c   0x0000005c   Code   RO         1521    x$fpl$scalbn        fz_ws.l(scalbn.o)
    0x11012b68   0x11012b68   0x0000004c   Code   RO         1523    x$fpl$scalbnf       fz_ws.l(scalbnf.o)
    0x11012bb4   0x11012bb4   0x00000030   Code   RO         1576    x$fpl$trapveneer    fz_ws.l(trapv.o)
    0x11012be4   0x11012be4   0x00000000   Code   RO         1542    x$fpl$usenofp       fz_ws.l(usenofp.o)
    0x11012be4   0x11012be4   0x00000006   Data   RO          219    .constdata          globvars_foc.o
    0x11012bea   0x11012bea   0x00000001   Data   RO          220    .constdata          globvars_foc.o
    0x11012beb   0x11012beb   0x00000001   PAD
    0x11012bec   0x11012bec   0x00000a00   Data   RO          808    .constdata          table.o
    0x110135ec   0x110135ec   0x00000802   Data   RO          809    .constdata          table.o
    0x11013dee   0x11013dee   0x00000814   Data   RO          810    .constdata          table.o
    0x11014602   0x11014602   0x00000202   Data   RO          811    .constdata          table.o
    0x11014804   0x11014804   0x00000200   Data   RO          812    .constdata          table.o
    0x11014a04   0x11014a04   0x00000004   Data   RO          951    .constdata          bootrom.o
    0x11014a08   0x11014a08   0x00000004   Data   RO          958    .constdata          bootrom.o
    0x11014a0c   0x11014a0c   0x00000004   Data   RO          959    .constdata          bootrom.o
    0x11014a10   0x11014a10   0x00000004   Data   RO          960    .constdata          bootrom.o
    0x11014a14   0x11014a14   0x00000030   Data   RO         1705    Region$$Table       anon$$obj.o
    0x11014a44   0x11014a44   0x000025bc   PAD
    0x11017000   0x11017000   0x0000005c   Data   RO          672    .ARM.__AT_0x11017000  emo_cfg.o
    0x1101705c   0x1101705c   0x00000024   PAD
    0x11017080   0x11017080   0x0000005c   Data   RO          673    .ARM.__AT_0x11017080  emo_cfg.o
    0x110170dc   0x110170dc   0x00000024   PAD
    0x11017100   0x11017100   0x0000005c   Data   RO          674    .ARM.__AT_0x11017100  emo_cfg.o
    0x1101715c   0x1101715c   0x00000024   PAD
    0x11017180   0x11017180   0x0000005c   Data   RO          675    .ARM.__AT_0x11017180  emo_cfg.o


    Execution Region RW_IRAM1 (Exec base: 0x18000000, Load base: 0x110171dc, Size: 0x00000fa8, Max: 0x00001800, ABSOLUTE)

    Exec Addr    Load Addr    Size         Type   Attr      Idx    E Section Name        Object

    0x18000000   0x110171dc   0x0000000a   Ven    RO         1716    Veneer$$Code        anon$$obj.o
    0x1800000a   0x110171e6   0x0000000a   Ven    RO         1717    Veneer$$Code        anon$$obj.o
    0x18000014   0x110171f0   0x00000014   Code   RO          712    i.CCU6_SetT13Compare  emo_ram.o
    0x18000028   0x11017204   0x00000060   Code   RO          713    i.Emo_CurrAdc1      emo_ram.o
    0x18000088   0x11017264   0x0000002c   Code   RO          714    i.Emo_FluxAnglePll  emo_ram.o
    0x180000b4   0x11017290   0x00000034   Code   RO          715    i.Emo_HandleAdc1    emo_ram.o
    0x180000e8   0x110172c4   0x00000038   Code   RO          716    i.Emo_HandleCCU6ShadowTrans  emo_ram.o
    0x18000120   0x110172fc   0x00000340   Code   RO          717    i.Emo_HandleFoc     emo_ram.o
    0x18000460   0x1101763c   0x000000dc   Code   RO          718    i.Emo_lEstFlux      emo_ram.o
    0x1800053c   0x11017718   0x000003d8   Code   RO          719    i.Emo_lExeSvm       emo_ram.o
    0x18000914   0x11017af0   0x000000a0   Code   RO          720    i.Limitsvektor      emo_ram.o
    0x180009b4   0x11017b90   0x00000090   Code   RO          721    i.Mat_CalcAngleAmp  emo_ram.o
    0x18000a44   0x11017c20   0x00000020   Code   RO          722    i.Mat_ExeLp_without_min_max  emo_ram.o
    0x18000a64   0x11017c40   0x0000004c   Code   RO          723    i.Mat_ExePi         emo_ram.o
    0x18000ab0   0x11017c8c   0x00000014   Data   RW            9    .data               main.o
    0x18000ac4   0x11017ca0   0x00000004   Data   RW          221    .data               globvars_foc.o
    0x18000ac8   0x11017ca4   0x00000002   Data   RW          222    .data               globvars_foc.o
    0x18000aca   0x11017ca6   0x00000002   PAD
    0x18000acc   0x11017ca8   0x00000004   Data   RW          223    .data               globvars_foc.o
    0x18000ad0   0x11017cac   0x00000002   Data   RW          224    .data               globvars_foc.o
    0x18000ad2   0x11017cae   0x00000002   Data   RW          225    .data               globvars_foc.o
    0x18000ad4   0x11017cb0   0x00000002   Data   RW          226    .data               globvars_foc.o
    0x18000ad6   0x11017cb2   0x00000002   PAD
    0x18000ad8   0x11017cb4   0x00000004   Data   RW          227    .data               globvars_foc.o
    0x18000adc   0x11017cb8   0x00000004   Data   RW          228    .data               globvars_foc.o
    0x18000ae0   0x11017cbc   0x00000004   Data   RW          229    .data               globvars_foc.o
    0x18000ae4   0x11017cc0   0x00000008   Data   RW          568    .data               emo.o
    0x18000aec   0x11017cc8   0x0000005c   Data   RW          680    .data               emo_cfg.o
    0x18000b48   0x11017d24   0x00000008   Data   RW          725    .data               emo_ram.o
    0x18000b50   0x11017d2c   0x00000004   Data   RW          813    .data               table.o
    0x18000b54   0x11017d30   0x00000008   Data   RW         1413    .data               wdt1.o
    0x18000b5c        -       0x0000005c   Zero   RW          218    .bss                globvars_foc.o
    0x18000bb8        -       0x0000000e   Zero   RW          370    .bss                auto_address.o
    0x18000bc6   0x11017d38   0x00000002   PAD
    0x18000bc8        -       0x00000180   Zero   RW          724    .bss                emo_ram.o
    0x18000d48        -       0x00000060   Zero   RW         1579    .bss                c_w.l(libspace.o)
    0x18000da8        -       0x00000000   Zero   RW         1344    HEAP                startup_tle987x.o
    0x18000da8        -       0x00000200   Zero   RW         1343    STACK               startup_tle987x.o



  Load Region LR_IROM2 (Base: 0x1101e000, Size: 0x000001dc, Max: 0x00001000, ABSOLUTE)

    Execution Region ER_IROM2 (Exec base: 0x1101e000, Load base: 0x1101e000, Size: 0x000001dc, Max: 0x00001000, ABSOLUTE)

    Exec Addr    Load Addr    Size         Type   Attr      Idx    E Section Name        Object

    0x1101e000   0x1101e000   0x0000005c   Data   RO          676    .ARM.__AT_0x1101E000  emo_cfg.o
    0x1101e05c   0x1101e05c   0x00000024   PAD
    0x1101e080   0x1101e080   0x0000005c   Data   RO          677    .ARM.__AT_0x1101E080  emo_cfg.o
    0x1101e0dc   0x1101e0dc   0x00000024   PAD
    0x1101e100   0x1101e100   0x0000005c   Data   RO          678    .ARM.__AT_0x1101E100  emo_cfg.o
    0x1101e15c   0x1101e15c   0x00000024   PAD
    0x1101e180   0x1101e180   0x0000005c   Data   RO          679    .ARM.__AT_0x1101E180  emo_cfg.o


==============================================================================

Image component sizes


      Code (inc. data)   RO Data    RW Data    ZI Data      Debug   Object Name

       268         26          0          0          0       1207   adc1.o
        84         16          0          0          0        468   adc2.o
       220         24          0          0         14      13663   auto_address.o
       116         28          0          0          0       2218   bdrv.o
         0          0         16          0          0       2266   bootrom.o
       124          4          0          0          0        500   ccu6.o
       604        142          0          0          0       3195   commands.o
       452         46          0          0          0      32052   common.o
       154         12          0          0          0       2837   commonmc.o
        20          4          0          0          0        431   csa.o
      3010        224          0          8          0      40348   emo.o
         0          0        736         92          0       7420   emo_cfg.o
      2716        118          0          8        384      37436   emo_ram.o
         0          0          7         28         92      10279   globvars_foc.o
        52          4          0          0          0        462   gpt12e.o
       136         18          0          0          0        515   int.o
       528         16          0          0          0       7007   isr.o
       696         72          0         20          0      83813   main.o
        16          6          0          0          0        427   mon.o
        72          6          0          0          0        508   port.o
        52          0          0          0          0        463   scu.o
        56          8          0          0          0        880   ssc.o
        60         22        128          0        512        824   startup_tle987x.o
        52         16          0          0          0        469   system_tle987x.o
         0          0       7704          4          0        812   table.o
        54          0          0          0          0        527   tle_device.o
       132         18          0          8          0       1966   wdt1.o

    ----------------------------------------------------------------------
      9746        830      18516        172       1004     252993   Object Totals
        50          0         48          0          0          0   (incl. Generated)
        22          0       9877          4          2          0   (incl. Padding)

    ----------------------------------------------------------------------

      Code (inc. data)   RO Data    RW Data    ZI Data      Debug   Library Member Name

         8          0          0          0          0         68   __main.o
         0          0          0          0          0          0   __rtentry.o
        12          0          0          0          0          0   __rtentry2.o
         6          0          0          0          0          0   __rtentry4.o
        52          8          0          0          0          0   __scatter.o
        26          0          0          0          0          0   __scatter_copy.o
        28          0          0          0          0          0   __scatter_zi.o
         8          0          0          0          0         68   abs.o
        18          0          0          0          0         80   exit.o
         6          0          0          0          0        152   heapauxi.o
         0          0          0          0          0          0   indicate_semi.o
         2          0          0          0          0          0   libinit.o
         2          0          0          0          0          0   libinit2.o
         2          0          0          0          0          0   libshutdown.o
         2          0          0          0          0          0   libshutdown2.o
         8          4          0          0         96         68   libspace.o
       100          0          0          0          0         80   rt_memcpy_w.o
         2          0          0          0          0          0   rtexit.o
        10          0          0          0          0          0   rtexit2.o
        12          4          0          0          0         68   sys_exit.o
        74          0          0          0          0         80   sys_stackheap_outer.o
         2          0          0          0          0         68   use_no_semi.o
        98          4          0          0          0         92   d2f.o
       804         16          0          0          0        272   daddsub_clz.o
        16          4          0          0          0         68   dcheck1.o
       688        140          0          0          0        208   ddiv.o
        94          4          0          0          0         92   dfix.o
        90          4          0          0          0         92   dfixu.o
        38          0          0          0          0         68   dflt_clz.o
       340         12          0          0          0        104   dmul.o
       156          4          0          0          0         92   dnaninf.o
        12          0          0          0          0         68   dretinf.o
        86          4          0          0          0         84   f2d.o
        12          4          0          0          0         68   fcheck1.o
       388         76          0          0          0         96   fdiv.o
        54          4          0          0          0         84   ffix.o
        62          4          0          0          0         84   ffixu.o
        38          0          0          0          0         68   fflt_clz.o
       258          4          0          0          0         84   fmul.o
       140          4          0          0          0         84   fnaninf.o
        10          0          0          0          0         68   fretinf.o
       100          0          0          0          0         68   retnan.o
        92          0          0          0          0         68   scalbn.o
        76          0          0          0          0         68   scalbnf.o
        48          0          0          0          0         68   trapv.o
         0          0          0          0          0          0   usenofp.o

    ----------------------------------------------------------------------
      4098        304          0          0         96       2880   Library Totals
        18          0          0          0          0          0   (incl. Padding)

    ----------------------------------------------------------------------

      Code (inc. data)   RO Data    RW Data    ZI Data      Debug   Library Name

       380         16          0          0         96        732   c_w.l
      3700        288          0          0          0       2148   fz_ws.l

    ----------------------------------------------------------------------
      4098        304          0          0         96       2880   Library Totals

    ----------------------------------------------------------------------

==============================================================================


      Code (inc. data)   RO Data    RW Data    ZI Data      Debug   

     13844       1134      18516        172       1100     250409   Grand Totals
     13844       1134      18516        172       1100     250409   ELF Image Totals
     13844       1134      18516        172          0          0   ROM Totals

==============================================================================

    Total RO  Size (Code + RO Data)                32360 (  31.60kB)
    Total RW  Size (RW Data + ZI Data)              1272 (   1.24kB)
    Total ROM Size (Code + RO Data + RW Data)      32532 (  31.77kB)

==============================================================================

